[2.002s] DEBUG:colcon:Command line arguments: ['/usr/bin/colcon', 'build', '--packages-select', 'my_f1tenth_pkg']
[2.003s] DEBUG:colcon:Parsed command line arguments: Namespace(ament_cmake_args=None, base_paths=['.'], build_base='build', catkin_cmake_args=None, catkin_skip_building_tests=False, cmake_args=None, cmake_clean_cache=False, cmake_clean_first=False, cmake_force_configure=False, cmake_target=None, cmake_target_skip_unavailable=False, continue_on_error=False, event_handlers=None, executor='parallel', ignore_user_meta=False, install_base='install', log_base=None, log_level=None, main=<bound method BuildVerb.main of <colcon_core.verb.build.BuildVerb object at 0x7fb2610040>>, merge_install=False, metas=['./colcon.meta'], mixin=None, mixin_files=None, mixin_verb=('build',), packages_above=None, packages_above_and_dependencies=None, packages_above_depth=None, packages_end=None, packages_ignore=None, packages_ignore_regex=None, packages_select=['my_f1tenth_pkg'], packages_select_build_failed=False, packages_select_by_dep=None, packages_select_regex=None, packages_select_test_failures=False, packages_skip=None, packages_skip_build_finished=False, packages_skip_by_dep=None, packages_skip_regex=None, packages_skip_test_passed=False, packages_skip_up_to=None, packages_start=None, packages_up_to=None, packages_up_to_regex=None, parallel_workers=4, paths=None, symlink_install=False, test_result_base=None, verb_extension=<colcon_core.verb.build.BuildVerb object at 0x7fb2610040>, verb_name='build', verb_parser=<colcon_mixin.mixin.mixin_argument.MixinArgumentDecorator object at 0x7fb2610640>)
[2.181s] Level 1:colcon.colcon_core.package_discovery:discover_packages(colcon_meta) check parameters
[2.185s] INFO:colcon.colcon_metadata.package_discovery.colcon_meta:Using configuration from '/root/.colcon/metadata/default/Gazebo.meta'
[2.188s] INFO:colcon.colcon_metadata.package_discovery.colcon_meta:Using configuration from '/root/.colcon/metadata/default/fastdds.meta'
[2.191s] INFO:colcon.colcon_metadata.package_discovery.colcon_meta:Using configuration from '/root/.colcon/metadata/default/fastrtps.meta'
[2.191s] Level 1:colcon.colcon_core.package_discovery:discover_packages(recursive) check parameters
[2.192s] Level 1:colcon.colcon_core.package_discovery:discover_packages(ignore) check parameters
[2.192s] Level 1:colcon.colcon_core.package_discovery:discover_packages(path) check parameters
[2.192s] Level 1:colcon.colcon_core.package_discovery:discover_packages(colcon_meta) discover
[2.192s] Level 1:colcon.colcon_core.package_discovery:discover_packages(recursive) discover
[2.192s] INFO:colcon.colcon_core.package_discovery:Crawling recursively for packages in '/root/ros2_ws'
[2.193s] Level 1:colcon.colcon_core.package_identification:_identify(.) by extensions ['ignore', 'ignore_ament_install']
[2.193s] Level 1:colcon.colcon_core.package_identification:_identify(.) by extension 'ignore'
[2.193s] Level 1:colcon.colcon_core.package_identification:_identify(.) by extension 'ignore_ament_install'
[2.194s] Level 1:colcon.colcon_core.package_identification:_identify(.) by extensions ['colcon_pkg']
[2.194s] Level 1:colcon.colcon_core.package_identification:_identify(.) by extension 'colcon_pkg'
[2.194s] Level 1:colcon.colcon_core.package_identification:_identify(.) by extensions ['colcon_meta']
[2.194s] Level 1:colcon.colcon_core.package_identification:_identify(.) by extension 'colcon_meta'
[2.194s] Level 1:colcon.colcon_core.package_identification:_identify(.) by extensions ['ros']
[2.194s] Level 1:colcon.colcon_core.package_identification:_identify(.) by extension 'ros'
[2.306s] Level 1:colcon.colcon_core.package_identification:_identify(.) by extensions ['cmake', 'python']
[2.307s] Level 1:colcon.colcon_core.package_identification:_identify(.) by extension 'cmake'
[2.307s] Level 1:colcon.colcon_core.package_identification:_identify(.) by extension 'python'
[2.307s] Level 1:colcon.colcon_core.package_identification:_identify(.) by extensions ['python_setup_py']
[2.307s] Level 1:colcon.colcon_core.package_identification:_identify(.) by extension 'python_setup_py'
[2.310s] Level 1:colcon.colcon_core.package_identification:_identify(__pycache__) by extensions ['ignore', 'ignore_ament_install']
[2.310s] Level 1:colcon.colcon_core.package_identification:_identify(__pycache__) by extension 'ignore'
[2.310s] Level 1:colcon.colcon_core.package_identification:_identify(__pycache__) by extension 'ignore_ament_install'
[2.311s] Level 1:colcon.colcon_core.package_identification:_identify(__pycache__) by extensions ['colcon_pkg']
[2.311s] Level 1:colcon.colcon_core.package_identification:_identify(__pycache__) by extension 'colcon_pkg'
[2.311s] Level 1:colcon.colcon_core.package_identification:_identify(__pycache__) by extensions ['colcon_meta']
[2.311s] Level 1:colcon.colcon_core.package_identification:_identify(__pycache__) by extension 'colcon_meta'
[2.311s] Level 1:colcon.colcon_core.package_identification:_identify(__pycache__) by extensions ['ros']
[2.311s] Level 1:colcon.colcon_core.package_identification:_identify(__pycache__) by extension 'ros'
[2.312s] Level 1:colcon.colcon_core.package_identification:_identify(__pycache__) by extensions ['cmake', 'python']
[2.312s] Level 1:colcon.colcon_core.package_identification:_identify(__pycache__) by extension 'cmake'
[2.312s] Level 1:colcon.colcon_core.package_identification:_identify(__pycache__) by extension 'python'
[2.312s] Level 1:colcon.colcon_core.package_identification:_identify(__pycache__) by extensions ['python_setup_py']
[2.312s] Level 1:colcon.colcon_core.package_identification:_identify(__pycache__) by extension 'python_setup_py'
[2.313s] Level 1:colcon.colcon_core.package_identification:_identify(build) by extensions ['ignore', 'ignore_ament_install']
[2.313s] Level 1:colcon.colcon_core.package_identification:_identify(build) by extension 'ignore'
[2.313s] Level 1:colcon.colcon_core.package_identification:_identify(build) ignored
[2.314s] Level 1:colcon.colcon_core.package_identification:_identify(install) by extensions ['ignore', 'ignore_ament_install']
[2.314s] Level 1:colcon.colcon_core.package_identification:_identify(install) by extension 'ignore'
[2.314s] Level 1:colcon.colcon_core.package_identification:_identify(install) ignored
[2.315s] Level 1:colcon.colcon_core.package_identification:_identify(log) by extensions ['ignore', 'ignore_ament_install']
[2.315s] Level 1:colcon.colcon_core.package_identification:_identify(log) by extension 'ignore'
[2.315s] Level 1:colcon.colcon_core.package_identification:_identify(log) ignored
[2.316s] Level 1:colcon.colcon_core.package_identification:_identify(src) by extensions ['ignore', 'ignore_ament_install']
[2.316s] Level 1:colcon.colcon_core.package_identification:_identify(src) by extension 'ignore'
[2.316s] Level 1:colcon.colcon_core.package_identification:_identify(src) by extension 'ignore_ament_install'
[2.316s] Level 1:colcon.colcon_core.package_identification:_identify(src) by extensions ['colcon_pkg']
[2.317s] Level 1:colcon.colcon_core.package_identification:_identify(src) by extension 'colcon_pkg'
[2.317s] Level 1:colcon.colcon_core.package_identification:_identify(src) by extensions ['colcon_meta']
[2.317s] Level 1:colcon.colcon_core.package_identification:_identify(src) by extension 'colcon_meta'
[2.317s] Level 1:colcon.colcon_core.package_identification:_identify(src) by extensions ['ros']
[2.317s] Level 1:colcon.colcon_core.package_identification:_identify(src) by extension 'ros'
[2.318s] Level 1:colcon.colcon_core.package_identification:_identify(src) by extensions ['cmake', 'python']
[2.318s] Level 1:colcon.colcon_core.package_identification:_identify(src) by extension 'cmake'
[2.318s] Level 1:colcon.colcon_core.package_identification:_identify(src) by extension 'python'
[2.318s] Level 1:colcon.colcon_core.package_identification:_identify(src) by extensions ['python_setup_py']
[2.318s] Level 1:colcon.colcon_core.package_identification:_identify(src) by extension 'python_setup_py'
[2.319s] Level 1:colcon.colcon_core.package_identification:_identify(src/build) by extensions ['ignore', 'ignore_ament_install']
[2.320s] Level 1:colcon.colcon_core.package_identification:_identify(src/build) by extension 'ignore'
[2.320s] Level 1:colcon.colcon_core.package_identification:_identify(src/build) ignored
[2.321s] Level 1:colcon.colcon_core.package_identification:_identify(src/install) by extensions ['ignore', 'ignore_ament_install']
[2.321s] Level 1:colcon.colcon_core.package_identification:_identify(src/install) by extension 'ignore'
[2.321s] Level 1:colcon.colcon_core.package_identification:_identify(src/install) ignored
[2.322s] Level 1:colcon.colcon_core.package_identification:_identify(src/log) by extensions ['ignore', 'ignore_ament_install']
[2.323s] Level 1:colcon.colcon_core.package_identification:_identify(src/log) by extension 'ignore'
[2.323s] Level 1:colcon.colcon_core.package_identification:_identify(src/log) ignored
[2.323s] Level 1:colcon.colcon_core.package_identification:_identify(src/my_f1tenth_pkg) by extensions ['ignore', 'ignore_ament_install']
[2.323s] Level 1:colcon.colcon_core.package_identification:_identify(src/my_f1tenth_pkg) by extension 'ignore'
[2.324s] Level 1:colcon.colcon_core.package_identification:_identify(src/my_f1tenth_pkg) by extension 'ignore_ament_install'
[2.324s] Level 1:colcon.colcon_core.package_identification:_identify(src/my_f1tenth_pkg) by extensions ['colcon_pkg']
[2.324s] Level 1:colcon.colcon_core.package_identification:_identify(src/my_f1tenth_pkg) by extension 'colcon_pkg'
[2.324s] Level 1:colcon.colcon_core.package_identification:_identify(src/my_f1tenth_pkg) by extensions ['colcon_meta']
[2.324s] Level 1:colcon.colcon_core.package_identification:_identify(src/my_f1tenth_pkg) by extension 'colcon_meta'
[2.325s] Level 1:colcon.colcon_core.package_identification:_identify(src/my_f1tenth_pkg) by extensions ['ros']
[2.325s] Level 1:colcon.colcon_core.package_identification:_identify(src/my_f1tenth_pkg) by extension 'ros'
[2.337s] DEBUG:colcon.colcon_core.package_identification:Package 'src/my_f1tenth_pkg' with type 'ros.ament_python' and name 'my_f1tenth_pkg'
[2.338s] Level 1:colcon.colcon_core.package_identification:_identify(src/vesc) by extensions ['ignore', 'ignore_ament_install']
[2.339s] Level 1:colcon.colcon_core.package_identification:_identify(src/vesc) by extension 'ignore'
[2.339s] Level 1:colcon.colcon_core.package_identification:_identify(src/vesc) by extension 'ignore_ament_install'
[2.339s] Level 1:colcon.colcon_core.package_identification:_identify(src/vesc) by extensions ['colcon_pkg']
[2.339s] Level 1:colcon.colcon_core.package_identification:_identify(src/vesc) by extension 'colcon_pkg'
[2.339s] Level 1:colcon.colcon_core.package_identification:_identify(src/vesc) by extensions ['colcon_meta']
[2.340s] Level 1:colcon.colcon_core.package_identification:_identify(src/vesc) by extension 'colcon_meta'
[2.340s] Level 1:colcon.colcon_core.package_identification:_identify(src/vesc) by extensions ['ros']
[2.340s] Level 1:colcon.colcon_core.package_identification:_identify(src/vesc) by extension 'ros'
[2.340s] Level 1:colcon.colcon_core.package_identification:_identify(src/vesc) by extensions ['cmake', 'python']
[2.340s] Level 1:colcon.colcon_core.package_identification:_identify(src/vesc) by extension 'cmake'
[2.341s] Level 1:colcon.colcon_core.package_identification:_identify(src/vesc) by extension 'python'
[2.341s] Level 1:colcon.colcon_core.package_identification:_identify(src/vesc) by extensions ['python_setup_py']
[2.341s] Level 1:colcon.colcon_core.package_identification:_identify(src/vesc) by extension 'python_setup_py'
[2.342s] Level 1:colcon.colcon_core.package_identification:_identify(src/vesc/vesc) by extensions ['ignore', 'ignore_ament_install']
[2.342s] Level 1:colcon.colcon_core.package_identification:_identify(src/vesc/vesc) by extension 'ignore'
[2.343s] Level 1:colcon.colcon_core.package_identification:_identify(src/vesc/vesc) by extension 'ignore_ament_install'
[2.343s] Level 1:colcon.colcon_core.package_identification:_identify(src/vesc/vesc) by extensions ['colcon_pkg']
[2.343s] Level 1:colcon.colcon_core.package_identification:_identify(src/vesc/vesc) by extension 'colcon_pkg'
[2.343s] Level 1:colcon.colcon_core.package_identification:_identify(src/vesc/vesc) by extensions ['colcon_meta']
[2.343s] Level 1:colcon.colcon_core.package_identification:_identify(src/vesc/vesc) by extension 'colcon_meta'
[2.344s] Level 1:colcon.colcon_core.package_identification:_identify(src/vesc/vesc) by extensions ['ros']
[2.344s] Level 1:colcon.colcon_core.package_identification:_identify(src/vesc/vesc) by extension 'ros'
[2.347s] DEBUG:colcon.colcon_core.package_identification:Package 'src/vesc/vesc' with type 'ros.ament_cmake' and name 'vesc'
[2.348s] Level 1:colcon.colcon_core.package_identification:_identify(src/vesc/vesc_ackermann) by extensions ['ignore', 'ignore_ament_install']
[2.348s] Level 1:colcon.colcon_core.package_identification:_identify(src/vesc/vesc_ackermann) by extension 'ignore'
[2.349s] Level 1:colcon.colcon_core.package_identification:_identify(src/vesc/vesc_ackermann) by extension 'ignore_ament_install'
[2.349s] Level 1:colcon.colcon_core.package_identification:_identify(src/vesc/vesc_ackermann) by extensions ['colcon_pkg']
[2.349s] Level 1:colcon.colcon_core.package_identification:_identify(src/vesc/vesc_ackermann) by extension 'colcon_pkg'
[2.349s] Level 1:colcon.colcon_core.package_identification:_identify(src/vesc/vesc_ackermann) by extensions ['colcon_meta']
[2.350s] Level 1:colcon.colcon_core.package_identification:_identify(src/vesc/vesc_ackermann) by extension 'colcon_meta'
[2.350s] Level 1:colcon.colcon_core.package_identification:_identify(src/vesc/vesc_ackermann) by extensions ['ros']
[2.350s] Level 1:colcon.colcon_core.package_identification:_identify(src/vesc/vesc_ackermann) by extension 'ros'
[2.356s] DEBUG:colcon.colcon_core.package_identification:Package 'src/vesc/vesc_ackermann' with type 'ros.ament_cmake' and name 'vesc_ackermann'
[2.357s] Level 1:colcon.colcon_core.package_identification:_identify(src/vesc/vesc_driver) by extensions ['ignore', 'ignore_ament_install']
[2.358s] Level 1:colcon.colcon_core.package_identification:_identify(src/vesc/vesc_driver) by extension 'ignore'
[2.358s] Level 1:colcon.colcon_core.package_identification:_identify(src/vesc/vesc_driver) by extension 'ignore_ament_install'
[2.358s] Level 1:colcon.colcon_core.package_identification:_identify(src/vesc/vesc_driver) by extensions ['colcon_pkg']
[2.358s] Level 1:colcon.colcon_core.package_identification:_identify(src/vesc/vesc_driver) by extension 'colcon_pkg'
[2.358s] Level 1:colcon.colcon_core.package_identification:_identify(src/vesc/vesc_driver) by extensions ['colcon_meta']
[2.359s] Level 1:colcon.colcon_core.package_identification:_identify(src/vesc/vesc_driver) by extension 'colcon_meta'
[2.359s] Level 1:colcon.colcon_core.package_identification:_identify(src/vesc/vesc_driver) by extensions ['ros']
[2.359s] Level 1:colcon.colcon_core.package_identification:_identify(src/vesc/vesc_driver) by extension 'ros'
[2.365s] DEBUG:colcon.colcon_core.package_identification:Package 'src/vesc/vesc_driver' with type 'ros.ament_cmake' and name 'vesc_driver'
[2.366s] Level 1:colcon.colcon_core.package_identification:_identify(src/vesc/vesc_msgs) by extensions ['ignore', 'ignore_ament_install']
[2.366s] Level 1:colcon.colcon_core.package_identification:_identify(src/vesc/vesc_msgs) by extension 'ignore'
[2.367s] Level 1:colcon.colcon_core.package_identification:_identify(src/vesc/vesc_msgs) by extension 'ignore_ament_install'
[2.367s] Level 1:colcon.colcon_core.package_identification:_identify(src/vesc/vesc_msgs) by extensions ['colcon_pkg']
[2.367s] Level 1:colcon.colcon_core.package_identification:_identify(src/vesc/vesc_msgs) by extension 'colcon_pkg'
[2.367s] Level 1:colcon.colcon_core.package_identification:_identify(src/vesc/vesc_msgs) by extensions ['colcon_meta']
[2.367s] Level 1:colcon.colcon_core.package_identification:_identify(src/vesc/vesc_msgs) by extension 'colcon_meta'
[2.368s] Level 1:colcon.colcon_core.package_identification:_identify(src/vesc/vesc_msgs) by extensions ['ros']
[2.368s] Level 1:colcon.colcon_core.package_identification:_identify(src/vesc/vesc_msgs) by extension 'ros'
[2.372s] DEBUG:colcon.colcon_core.package_identification:Package 'src/vesc/vesc_msgs' with type 'ros.ament_cmake' and name 'vesc_msgs'
[2.372s] Level 1:colcon.colcon_core.package_discovery:discover_packages(recursive) using defaults
[2.372s] Level 1:colcon.colcon_core.package_discovery:discover_packages(ignore) discover
[2.372s] Level 1:colcon.colcon_core.package_discovery:discover_packages(ignore) using defaults
[2.373s] Level 1:colcon.colcon_core.package_discovery:discover_packages(path) discover
[2.373s] Level 1:colcon.colcon_core.package_discovery:discover_packages(path) using defaults
[2.486s] INFO:colcon.colcon_core.package_selection:Skipping not selected package 'vesc_msgs' in 'src/vesc/vesc_msgs'
[2.486s] INFO:colcon.colcon_core.package_selection:Skipping not selected package 'vesc_ackermann' in 'src/vesc/vesc_ackermann'
[2.486s] INFO:colcon.colcon_core.package_selection:Skipping not selected package 'vesc_driver' in 'src/vesc/vesc_driver'
[2.487s] INFO:colcon.colcon_core.package_selection:Skipping not selected package 'vesc' in 'src/vesc/vesc'
[2.491s] Level 5:colcon.colcon_core.verb:set package 'my_f1tenth_pkg' build argument 'cmake_args' from command line to 'None'
[2.491s] Level 5:colcon.colcon_core.verb:set package 'my_f1tenth_pkg' build argument 'cmake_target' from command line to 'None'
[2.492s] Level 5:colcon.colcon_core.verb:set package 'my_f1tenth_pkg' build argument 'cmake_target_skip_unavailable' from command line to 'False'
[2.492s] Level 5:colcon.colcon_core.verb:set package 'my_f1tenth_pkg' build argument 'cmake_clean_cache' from command line to 'False'
[2.492s] Level 5:colcon.colcon_core.verb:set package 'my_f1tenth_pkg' build argument 'cmake_clean_first' from command line to 'False'
[2.492s] Level 5:colcon.colcon_core.verb:set package 'my_f1tenth_pkg' build argument 'cmake_force_configure' from command line to 'False'
[2.492s] Level 5:colcon.colcon_core.verb:set package 'my_f1tenth_pkg' build argument 'ament_cmake_args' from command line to 'None'
[2.492s] Level 5:colcon.colcon_core.verb:set package 'my_f1tenth_pkg' build argument 'catkin_cmake_args' from command line to 'None'
[2.492s] Level 5:colcon.colcon_core.verb:set package 'my_f1tenth_pkg' build argument 'catkin_skip_building_tests' from command line to 'False'
[2.492s] DEBUG:colcon.colcon_core.verb:Building package 'my_f1tenth_pkg' with the following arguments: {'ament_cmake_args': None, 'build_base': '/root/ros2_ws/build/my_f1tenth_pkg', 'catkin_cmake_args': None, 'catkin_skip_building_tests': False, 'cmake_args': None, 'cmake_clean_cache': False, 'cmake_clean_first': False, 'cmake_force_configure': False, 'cmake_target': None, 'cmake_target_skip_unavailable': False, 'install_base': '/root/ros2_ws/install/my_f1tenth_pkg', 'merge_install': False, 'path': '/root/ros2_ws/src/my_f1tenth_pkg', 'symlink_install': False, 'test_result_base': None}
[2.495s] INFO:colcon.colcon_core.executor:Executing jobs using 'parallel' executor
[2.511s] DEBUG:colcon.colcon_parallel_executor.executor.parallel:run_until_complete
[2.512s] INFO:colcon.colcon_ros.task.ament_python.build:Building ROS package in '/root/ros2_ws/src/my_f1tenth_pkg' with build type 'ament_python'
[2.512s] Level 1:colcon.colcon_core.shell:create_environment_hook('my_f1tenth_pkg', 'ament_prefix_path')
[2.546s] INFO:colcon.colcon_core.plugin_system:Skipping extension 'colcon_core.shell.bat': Not used on non-Windows systems
[2.547s] INFO:colcon.colcon_core.shell:Creating environment hook '/root/ros2_ws/install/my_f1tenth_pkg/share/my_f1tenth_pkg/hook/ament_prefix_path.ps1'
[2.551s] INFO:colcon.colcon_core.shell:Creating environment descriptor '/root/ros2_ws/install/my_f1tenth_pkg/share/my_f1tenth_pkg/hook/ament_prefix_path.dsv'
[2.554s] INFO:colcon.colcon_core.shell:Creating environment hook '/root/ros2_ws/install/my_f1tenth_pkg/share/my_f1tenth_pkg/hook/ament_prefix_path.sh'
[2.562s] INFO:colcon.colcon_core.shell:Skip shell extension 'powershell' for command environment: Not usable outside of PowerShell
[2.563s] DEBUG:colcon.colcon_core.shell:Skip shell extension 'dsv' for command environment
[3.386s] INFO:colcon.colcon_core.task.python.build:Building Python package in '/root/ros2_ws/src/my_f1tenth_pkg'
[3.393s] INFO:colcon.colcon_core.shell:Skip shell extension 'powershell' for command environment: Not usable outside of PowerShell
[3.393s] DEBUG:colcon.colcon_core.shell:Skip shell extension 'dsv' for command environment
[4.924s] DEBUG:colcon.colcon_core.event_handler.log_command:Invoking command in '/root/ros2_ws/src/my_f1tenth_pkg': PYTHONPATH=/root/ros2_ws/build/my_f1tenth_pkg/prefix_override:/root/ros2_ws/install/my_f1tenth_pkg/lib/python3.8/site-packages:${PYTHONPATH} /usr/bin/python3 setup.py egg_info --egg-base ../../build/my_f1tenth_pkg build --build-base /root/ros2_ws/build/my_f1tenth_pkg/build install --record /root/ros2_ws/build/my_f1tenth_pkg/install.log --install-scripts $base/lib/my_f1tenth_pkg --single-version-externally-managed
[6.085s] DEBUG:colcon.colcon_core.event_handler.log_command:Invoked command in '/root/ros2_ws/src/my_f1tenth_pkg' returned '0': PYTHONPATH=/root/ros2_ws/build/my_f1tenth_pkg/prefix_override:/root/ros2_ws/install/my_f1tenth_pkg/lib/python3.8/site-packages:${PYTHONPATH} /usr/bin/python3 setup.py egg_info --egg-base ../../build/my_f1tenth_pkg build --build-base /root/ros2_ws/build/my_f1tenth_pkg/build install --record /root/ros2_ws/build/my_f1tenth_pkg/install.log --install-scripts $base/lib/my_f1tenth_pkg --single-version-externally-managed
[6.119s] Level 1:colcon.colcon_core.environment:checking '/root/ros2_ws/install/my_f1tenth_pkg' for CMake module files
[6.122s] Level 1:colcon.colcon_core.environment:checking '/root/ros2_ws/install/my_f1tenth_pkg' for CMake config files
[6.124s] Level 1:colcon.colcon_core.environment:checking '/root/ros2_ws/install/my_f1tenth_pkg/lib'
[6.125s] Level 1:colcon.colcon_core.environment:checking '/root/ros2_ws/install/my_f1tenth_pkg/bin'
[6.125s] Level 1:colcon.colcon_core.environment:checking '/root/ros2_ws/install/my_f1tenth_pkg/lib/pkgconfig/my_f1tenth_pkg.pc'
[6.126s] Level 1:colcon.colcon_core.environment:checking '/root/ros2_ws/install/my_f1tenth_pkg/lib/python3.8/site-packages'
[6.126s] Level 1:colcon.colcon_core.shell:create_environment_hook('my_f1tenth_pkg', 'pythonpath')
[6.133s] INFO:colcon.colcon_core.shell:Creating environment hook '/root/ros2_ws/install/my_f1tenth_pkg/share/my_f1tenth_pkg/hook/pythonpath.ps1'
[6.135s] INFO:colcon.colcon_core.shell:Creating environment descriptor '/root/ros2_ws/install/my_f1tenth_pkg/share/my_f1tenth_pkg/hook/pythonpath.dsv'
[6.136s] INFO:colcon.colcon_core.shell:Creating environment hook '/root/ros2_ws/install/my_f1tenth_pkg/share/my_f1tenth_pkg/hook/pythonpath.sh'
[6.138s] Level 1:colcon.colcon_core.environment:checking '/root/ros2_ws/install/my_f1tenth_pkg/bin'
[6.138s] Level 1:colcon.colcon_core.environment:create_environment_scripts_only(my_f1tenth_pkg)
[6.145s] INFO:colcon.colcon_core.shell:Creating package script '/root/ros2_ws/install/my_f1tenth_pkg/share/my_f1tenth_pkg/package.ps1'
[6.150s] INFO:colcon.colcon_core.shell:Creating package descriptor '/root/ros2_ws/install/my_f1tenth_pkg/share/my_f1tenth_pkg/package.dsv'
[6.157s] INFO:colcon.colcon_core.shell:Creating package script '/root/ros2_ws/install/my_f1tenth_pkg/share/my_f1tenth_pkg/package.sh'
[6.162s] INFO:colcon.colcon_core.shell:Creating package script '/root/ros2_ws/install/my_f1tenth_pkg/share/my_f1tenth_pkg/package.bash'
[6.166s] INFO:colcon.colcon_core.shell:Creating package script '/root/ros2_ws/install/my_f1tenth_pkg/share/my_f1tenth_pkg/package.zsh'
[6.170s] Level 1:colcon.colcon_core.environment:create_file_with_runtime_dependencies(/root/ros2_ws/install/my_f1tenth_pkg/share/colcon-core/packages/my_f1tenth_pkg)
[6.171s] DEBUG:colcon.colcon_parallel_executor.executor.parallel:closing loop
[6.172s] DEBUG:colcon.colcon_parallel_executor.executor.parallel:loop closed
[6.172s] DEBUG:colcon.colcon_parallel_executor.executor.parallel:run_until_complete finished with '0'
[6.173s] DEBUG:colcon.colcon_core.event_reactor:joining thread
[6.244s] INFO:colcon.colcon_core.plugin_system:Skipping extension 'colcon_notification.desktop_notification.notify_send': Could not find 'notify-send'
[6.245s] INFO:colcon.colcon_core.plugin_system:Skipping extension 'colcon_notification.desktop_notification.terminal_notifier': Not used on non-Darwin systems
[6.245s] INFO:colcon.colcon_core.plugin_system:Skipping extension 'colcon_notification.desktop_notification.win32': Not used on non-Windows systems
[6.245s] INFO:colcon.colcon_notification.desktop_notification:Sending desktop notification using 'notify2'
[6.263s] DEBUG:colcon.colcon_notification.desktop_notification.notify2:Failed to initialize notify2: org.freedesktop.DBus.Error.Spawn.ExecFailed: /usr/bin/dbus-launch terminated abnormally without any error message
[6.264s] DEBUG:colcon.colcon_core.event_reactor:joined thread
[6.272s] INFO:colcon.colcon_core.shell:Creating prefix script '/root/ros2_ws/install/local_setup.ps1'
[6.277s] INFO:colcon.colcon_core.shell:Creating prefix util module '/root/ros2_ws/install/_local_setup_util_ps1.py'
[6.285s] INFO:colcon.colcon_core.shell:Creating prefix chain script '/root/ros2_ws/install/setup.ps1'
[6.291s] INFO:colcon.colcon_core.shell:Creating prefix script '/root/ros2_ws/install/local_setup.sh'
[6.295s] INFO:colcon.colcon_core.shell:Creating prefix util module '/root/ros2_ws/install/_local_setup_util_sh.py'
[6.297s] INFO:colcon.colcon_core.shell:Creating prefix chain script '/root/ros2_ws/install/setup.sh'
[6.304s] INFO:colcon.colcon_core.shell:Creating prefix script '/root/ros2_ws/install/local_setup.bash'
[6.307s] INFO:colcon.colcon_core.shell:Creating prefix chain script '/root/ros2_ws/install/setup.bash'
[6.314s] INFO:colcon.colcon_core.shell:Creating prefix script '/root/ros2_ws/install/local_setup.zsh'
[6.317s] INFO:colcon.colcon_core.shell:Creating prefix chain script '/root/ros2_ws/install/setup.zsh'
