[1.276s] DEBUG:colcon:Command line arguments: ['/usr/bin/colcon', 'build', '--symlink-install']
[1.276s] DEBUG:colcon:Parsed command line arguments: Namespace(ament_cmake_args=None, base_paths=['.'], build_base='build', catkin_cmake_args=None, catkin_skip_building_tests=False, cmake_args=None, cmake_clean_cache=False, cmake_clean_first=False, cmake_force_configure=False, cmake_target=None, cmake_target_skip_unavailable=False, continue_on_error=False, event_handlers=None, executor='parallel', ignore_user_meta=False, install_base='install', log_base=None, log_level=None, main=<bound method BuildVerb.main of <colcon_core.verb.build.BuildVerb object at 0x7fadc756a0>>, merge_install=False, metas=['./colcon.meta'], mixin=None, mixin_files=None, mixin_verb=('build',), packages_above=None, packages_above_and_dependencies=None, packages_above_depth=None, packages_end=None, packages_ignore=None, packages_ignore_regex=None, packages_select=None, packages_select_build_failed=False, packages_select_by_dep=None, packages_select_regex=None, packages_select_test_failures=False, packages_skip=None, packages_skip_build_finished=False, packages_skip_by_dep=None, packages_skip_regex=None, packages_skip_test_passed=False, packages_skip_up_to=None, packages_start=None, packages_up_to=None, packages_up_to_regex=None, parallel_workers=4, paths=None, symlink_install=True, test_result_base=None, verb_extension=<colcon_core.verb.build.BuildVerb object at 0x7fadc756a0>, verb_name='build', verb_parser=<colcon_mixin.mixin.mixin_argument.MixinArgumentDecorator object at 0x7fadc75d00>)
[1.429s] Level 1:colcon.colcon_core.package_discovery:discover_packages(colcon_meta) check parameters
[1.433s] INFO:colcon.colcon_metadata.package_discovery.colcon_meta:Using configuration from '/root/.colcon/metadata/default/Gazebo.meta'
[1.436s] INFO:colcon.colcon_metadata.package_discovery.colcon_meta:Using configuration from '/root/.colcon/metadata/default/fastdds.meta'
[1.439s] INFO:colcon.colcon_metadata.package_discovery.colcon_meta:Using configuration from '/root/.colcon/metadata/default/fastrtps.meta'
[1.440s] Level 1:colcon.colcon_core.package_discovery:discover_packages(recursive) check parameters
[1.440s] Level 1:colcon.colcon_core.package_discovery:discover_packages(ignore) check parameters
[1.440s] Level 1:colcon.colcon_core.package_discovery:discover_packages(path) check parameters
[1.440s] Level 1:colcon.colcon_core.package_discovery:discover_packages(colcon_meta) discover
[1.441s] Level 1:colcon.colcon_core.package_discovery:discover_packages(recursive) discover
[1.441s] INFO:colcon.colcon_core.package_discovery:Crawling recursively for packages in '/root/ros2_ws'
[1.442s] Level 1:colcon.colcon_core.package_identification:_identify(.) by extensions ['ignore', 'ignore_ament_install']
[1.442s] Level 1:colcon.colcon_core.package_identification:_identify(.) by extension 'ignore'
[1.443s] Level 1:colcon.colcon_core.package_identification:_identify(.) by extension 'ignore_ament_install'
[1.443s] Level 1:colcon.colcon_core.package_identification:_identify(.) by extensions ['colcon_pkg']
[1.443s] Level 1:colcon.colcon_core.package_identification:_identify(.) by extension 'colcon_pkg'
[1.444s] Level 1:colcon.colcon_core.package_identification:_identify(.) by extensions ['colcon_meta']
[1.444s] Level 1:colcon.colcon_core.package_identification:_identify(.) by extension 'colcon_meta'
[1.444s] Level 1:colcon.colcon_core.package_identification:_identify(.) by extensions ['ros']
[1.444s] Level 1:colcon.colcon_core.package_identification:_identify(.) by extension 'ros'
[1.545s] Level 1:colcon.colcon_core.package_identification:_identify(.) by extensions ['cmake', 'python']
[1.545s] Level 1:colcon.colcon_core.package_identification:_identify(.) by extension 'cmake'
[1.545s] Level 1:colcon.colcon_core.package_identification:_identify(.) by extension 'python'
[1.545s] Level 1:colcon.colcon_core.package_identification:_identify(.) by extensions ['python_setup_py']
[1.546s] Level 1:colcon.colcon_core.package_identification:_identify(.) by extension 'python_setup_py'
[1.546s] Level 1:colcon.colcon_core.package_identification:_identify(build) by extensions ['ignore', 'ignore_ament_install']
[1.547s] Level 1:colcon.colcon_core.package_identification:_identify(build) by extension 'ignore'
[1.547s] Level 1:colcon.colcon_core.package_identification:_identify(build) ignored
[1.547s] Level 1:colcon.colcon_core.package_identification:_identify(install) by extensions ['ignore', 'ignore_ament_install']
[1.548s] Level 1:colcon.colcon_core.package_identification:_identify(install) by extension 'ignore'
[1.548s] Level 1:colcon.colcon_core.package_identification:_identify(install) ignored
[1.549s] Level 1:colcon.colcon_core.package_identification:_identify(log) by extensions ['ignore', 'ignore_ament_install']
[1.549s] Level 1:colcon.colcon_core.package_identification:_identify(log) by extension 'ignore'
[1.549s] Level 1:colcon.colcon_core.package_identification:_identify(log) ignored
[1.549s] Level 1:colcon.colcon_core.package_discovery:discover_packages(recursive) using defaults
[1.550s] Level 1:colcon.colcon_core.package_discovery:discover_packages(ignore) discover
[1.550s] Level 1:colcon.colcon_core.package_discovery:discover_packages(ignore) using defaults
[1.550s] Level 1:colcon.colcon_core.package_discovery:discover_packages(path) discover
[1.550s] Level 1:colcon.colcon_core.package_discovery:discover_packages(path) using defaults
[1.638s] INFO:colcon.colcon_core.executor:Executing jobs using 'parallel' executor
[1.658s] DEBUG:colcon.colcon_parallel_executor.executor.parallel:run_until_complete
[1.659s] DEBUG:colcon.colcon_parallel_executor.executor.parallel:closing loop
[1.659s] DEBUG:colcon.colcon_parallel_executor.executor.parallel:loop closed
[1.659s] DEBUG:colcon.colcon_parallel_executor.executor.parallel:run_until_complete finished with '0'
[1.659s] DEBUG:colcon.colcon_core.event_reactor:joining thread
[1.680s] INFO:colcon.colcon_core.plugin_system:Skipping extension 'colcon_notification.desktop_notification.notify_send': Could not find 'notify-send'
[1.680s] INFO:colcon.colcon_core.plugin_system:Skipping extension 'colcon_notification.desktop_notification.terminal_notifier': Not used on non-Darwin systems
[1.681s] INFO:colcon.colcon_core.plugin_system:Skipping extension 'colcon_notification.desktop_notification.win32': Not used on non-Windows systems
[1.681s] INFO:colcon.colcon_notification.desktop_notification:Sending desktop notification using 'notify2'
[1.687s] DEBUG:colcon.colcon_notification.desktop_notification.notify2:Failed to initialize notify2: org.freedesktop.DBus.Error.Spawn.ExecFailed: /usr/bin/dbus-launch terminated abnormally without any error message
[1.687s] DEBUG:colcon.colcon_core.event_reactor:joined thread
[1.711s] INFO:colcon.colcon_core.plugin_system:Skipping extension 'colcon_core.shell.bat': Not used on non-Windows systems
[1.712s] INFO:colcon.colcon_core.shell:Creating prefix script '/root/ros2_ws/install/local_setup.ps1'
[1.716s] INFO:colcon.colcon_core.shell:Creating prefix util module '/root/ros2_ws/install/_local_setup_util_ps1.py'
[1.723s] INFO:colcon.colcon_core.shell:Creating prefix chain script '/root/ros2_ws/install/setup.ps1'
[1.730s] WARNING:colcon.colcon_ros.prefix_path.ament:The path '/root/ros2_ws/install/wall_following' in the environment variable AMENT_PREFIX_PATH doesn't exist
[1.730s] WARNING:colcon.colcon_ros.prefix_path.ament:The path '/root/ros2_ws/install/vesc' in the environment variable AMENT_PREFIX_PATH doesn't exist
[1.731s] WARNING:colcon.colcon_ros.prefix_path.ament:The path '/root/ros2_ws/install/f1tenth_bringup' in the environment variable AMENT_PREFIX_PATH doesn't exist
[1.731s] WARNING:colcon.colcon_ros.prefix_path.ament:The path '/root/ros2_ws/install/vesc_driver' in the environment variable AMENT_PREFIX_PATH doesn't exist
[1.731s] WARNING:colcon.colcon_ros.prefix_path.ament:The path '/root/ros2_ws/install/vesc_ackermann' in the environment variable AMENT_PREFIX_PATH doesn't exist
[1.731s] WARNING:colcon.colcon_ros.prefix_path.ament:The path '/root/ros2_ws/install/vesc_msgs' in the environment variable AMENT_PREFIX_PATH doesn't exist
[1.732s] WARNING:colcon.colcon_ros.prefix_path.ament:The path '/root/ros2_ws/install/sllidar_ros2' in the environment variable AMENT_PREFIX_PATH doesn't exist
[1.732s] WARNING:colcon.colcon_ros.prefix_path.ament:The path '/root/ros2_ws/install/navigation' in the environment variable AMENT_PREFIX_PATH doesn't exist
[1.732s] WARNING:colcon.colcon_ros.prefix_path.ament:The path '/root/ros2_ws/install/micro_ros_setup' in the environment variable AMENT_PREFIX_PATH doesn't exist
[1.733s] WARNING:colcon.colcon_ros.prefix_path.ament:The path '/root/ros2_ws/install/joy' in the environment variable AMENT_PREFIX_PATH doesn't exist
[1.733s] WARNING:colcon.colcon_ros.prefix_path.ament:The path '/root/ros2_ws/install/imu' in the environment variable AMENT_PREFIX_PATH doesn't exist
[1.733s] WARNING:colcon.colcon_ros.prefix_path.catkin:The path '/root/ros2_ws/install/vesc' in the environment variable CMAKE_PREFIX_PATH doesn't exist
[1.734s] WARNING:colcon.colcon_ros.prefix_path.catkin:The path '/root/ros2_ws/install/vesc_driver' in the environment variable CMAKE_PREFIX_PATH doesn't exist
[1.734s] WARNING:colcon.colcon_ros.prefix_path.catkin:The path '/root/ros2_ws/install/vesc_ackermann' in the environment variable CMAKE_PREFIX_PATH doesn't exist
[1.734s] WARNING:colcon.colcon_ros.prefix_path.catkin:The path '/root/ros2_ws/install/vesc_msgs' in the environment variable CMAKE_PREFIX_PATH doesn't exist
[1.735s] WARNING:colcon.colcon_ros.prefix_path.catkin:The path '/root/ros2_ws/install/sllidar_ros2' in the environment variable CMAKE_PREFIX_PATH doesn't exist
[1.736s] WARNING:colcon.colcon_ros.prefix_path.catkin:The path '/root/ros2_ws/install/navigation' in the environment variable CMAKE_PREFIX_PATH doesn't exist
[1.736s] WARNING:colcon.colcon_ros.prefix_path.catkin:The path '/root/ros2_ws/install/micro_ros_setup' in the environment variable CMAKE_PREFIX_PATH doesn't exist
[1.737s] WARNING:colcon.colcon_ros.prefix_path.catkin:The path '/root/ros2_ws/install/joy' in the environment variable CMAKE_PREFIX_PATH doesn't exist
[1.741s] INFO:colcon.colcon_core.shell:Creating prefix script '/root/ros2_ws/install/local_setup.sh'
[1.743s] INFO:colcon.colcon_core.shell:Creating prefix util module '/root/ros2_ws/install/_local_setup_util_sh.py'
[1.746s] INFO:colcon.colcon_core.shell:Creating prefix chain script '/root/ros2_ws/install/setup.sh'
[1.757s] INFO:colcon.colcon_core.shell:Creating prefix script '/root/ros2_ws/install/local_setup.bash'
[1.760s] INFO:colcon.colcon_core.shell:Creating prefix chain script '/root/ros2_ws/install/setup.bash'
[1.766s] INFO:colcon.colcon_core.shell:Creating prefix script '/root/ros2_ws/install/local_setup.zsh'
[1.769s] INFO:colcon.colcon_core.shell:Creating prefix chain script '/root/ros2_ws/install/setup.zsh'
