[1.266s] DEBUG:colcon:Command line arguments: ['/usr/bin/colcon', 'build', '--packages-select', 'my_f1tenth_pkg']
[1.266s] DEBUG:colcon:Parsed command line arguments: Namespace(ament_cmake_args=None, base_paths=['.'], build_base='build', catkin_cmake_args=None, catkin_skip_building_tests=False, cmake_args=None, cmake_clean_cache=False, cmake_clean_first=False, cmake_force_configure=False, cmake_target=None, cmake_target_skip_unavailable=False, continue_on_error=False, event_handlers=None, executor='parallel', ignore_user_meta=False, install_base='install', log_base=None, log_level=None, main=<bound method BuildVerb.main of <colcon_core.verb.build.BuildVerb object at 0x7f7e018400>>, merge_install=False, metas=['./colcon.meta'], mixin=None, mixin_files=None, mixin_verb=('build',), packages_above=None, packages_above_and_dependencies=None, packages_above_depth=None, packages_end=None, packages_ignore=None, packages_ignore_regex=None, packages_select=['my_f1tenth_pkg'], packages_select_build_failed=False, packages_select_by_dep=None, packages_select_regex=None, packages_select_test_failures=False, packages_skip=None, packages_skip_build_finished=False, packages_skip_by_dep=None, packages_skip_regex=None, packages_skip_test_passed=False, packages_skip_up_to=None, packages_start=None, packages_up_to=None, packages_up_to_regex=None, parallel_workers=4, paths=None, symlink_install=False, test_result_base=None, verb_extension=<colcon_core.verb.build.BuildVerb object at 0x7f7e018400>, verb_name='build', verb_parser=<colcon_mixin.mixin.mixin_argument.MixinArgumentDecorator object at 0x7f7e018a60>)
[1.380s] Level 1:colcon.colcon_core.package_discovery:discover_packages(colcon_meta) check parameters
[1.383s] INFO:colcon.colcon_metadata.package_discovery.colcon_meta:Using configuration from '/root/.colcon/metadata/default/Gazebo.meta'
[1.386s] INFO:colcon.colcon_metadata.package_discovery.colcon_meta:Using configuration from '/root/.colcon/metadata/default/fastdds.meta'
[1.388s] INFO:colcon.colcon_metadata.package_discovery.colcon_meta:Using configuration from '/root/.colcon/metadata/default/fastrtps.meta'
[1.388s] Level 1:colcon.colcon_core.package_discovery:discover_packages(recursive) check parameters
[1.389s] Level 1:colcon.colcon_core.package_discovery:discover_packages(ignore) check parameters
[1.389s] Level 1:colcon.colcon_core.package_discovery:discover_packages(path) check parameters
[1.389s] Level 1:colcon.colcon_core.package_discovery:discover_packages(colcon_meta) discover
[1.389s] Level 1:colcon.colcon_core.package_discovery:discover_packages(recursive) discover
[1.389s] INFO:colcon.colcon_core.package_discovery:Crawling recursively for packages in '/root/ros2_ws/src/my_f1tenth_pkg'
[1.390s] Level 1:colcon.colcon_core.package_identification:_identify(.) by extensions ['ignore', 'ignore_ament_install']
[1.390s] Level 1:colcon.colcon_core.package_identification:_identify(.) by extension 'ignore'
[1.390s] Level 1:colcon.colcon_core.package_identification:_identify(.) by extension 'ignore_ament_install'
[1.391s] Level 1:colcon.colcon_core.package_identification:_identify(.) by extensions ['colcon_pkg']
[1.391s] Level 1:colcon.colcon_core.package_identification:_identify(.) by extension 'colcon_pkg'
[1.391s] Level 1:colcon.colcon_core.package_identification:_identify(.) by extensions ['colcon_meta']
[1.391s] Level 1:colcon.colcon_core.package_identification:_identify(.) by extension 'colcon_meta'
[1.391s] Level 1:colcon.colcon_core.package_identification:_identify(.) by extensions ['ros']
[1.392s] Level 1:colcon.colcon_core.package_identification:_identify(.) by extension 'ros'
[1.489s] DEBUG:colcon.colcon_core.package_identification:Package '.' with type 'ros.ament_python' and name 'my_f1tenth_pkg'
[1.489s] Level 1:colcon.colcon_core.package_discovery:discover_packages(recursive) using defaults
[1.489s] Level 1:colcon.colcon_core.package_discovery:discover_packages(ignore) discover
[1.489s] Level 1:colcon.colcon_core.package_discovery:discover_packages(ignore) using defaults
[1.489s] Level 1:colcon.colcon_core.package_discovery:discover_packages(path) discover
[1.490s] Level 1:colcon.colcon_core.package_discovery:discover_packages(path) using defaults
[1.573s] Level 5:colcon.colcon_core.verb:set package 'my_f1tenth_pkg' build argument 'cmake_args' from command line to 'None'
[1.574s] Level 5:colcon.colcon_core.verb:set package 'my_f1tenth_pkg' build argument 'cmake_target' from command line to 'None'
[1.574s] Level 5:colcon.colcon_core.verb:set package 'my_f1tenth_pkg' build argument 'cmake_target_skip_unavailable' from command line to 'False'
[1.574s] Level 5:colcon.colcon_core.verb:set package 'my_f1tenth_pkg' build argument 'cmake_clean_cache' from command line to 'False'
[1.574s] Level 5:colcon.colcon_core.verb:set package 'my_f1tenth_pkg' build argument 'cmake_clean_first' from command line to 'False'
[1.574s] Level 5:colcon.colcon_core.verb:set package 'my_f1tenth_pkg' build argument 'cmake_force_configure' from command line to 'False'
[1.574s] Level 5:colcon.colcon_core.verb:set package 'my_f1tenth_pkg' build argument 'ament_cmake_args' from command line to 'None'
[1.574s] Level 5:colcon.colcon_core.verb:set package 'my_f1tenth_pkg' build argument 'catkin_cmake_args' from command line to 'None'
[1.574s] Level 5:colcon.colcon_core.verb:set package 'my_f1tenth_pkg' build argument 'catkin_skip_building_tests' from command line to 'False'
[1.575s] DEBUG:colcon.colcon_core.verb:Building package 'my_f1tenth_pkg' with the following arguments: {'ament_cmake_args': None, 'build_base': '/root/ros2_ws/src/my_f1tenth_pkg/build/my_f1tenth_pkg', 'catkin_cmake_args': None, 'catkin_skip_building_tests': False, 'cmake_args': None, 'cmake_clean_cache': False, 'cmake_clean_first': False, 'cmake_force_configure': False, 'cmake_target': None, 'cmake_target_skip_unavailable': False, 'install_base': '/root/ros2_ws/src/my_f1tenth_pkg/install/my_f1tenth_pkg', 'merge_install': False, 'path': '/root/ros2_ws/src/my_f1tenth_pkg', 'symlink_install': False, 'test_result_base': None}
[1.578s] INFO:colcon.colcon_core.executor:Executing jobs using 'parallel' executor
[1.594s] DEBUG:colcon.colcon_parallel_executor.executor.parallel:run_until_complete
[1.595s] INFO:colcon.colcon_ros.task.ament_python.build:Building ROS package in '/root/ros2_ws/src/my_f1tenth_pkg' with build type 'ament_python'
[1.596s] Level 1:colcon.colcon_core.shell:create_environment_hook('my_f1tenth_pkg', 'ament_prefix_path')
[1.616s] INFO:colcon.colcon_core.plugin_system:Skipping extension 'colcon_core.shell.bat': Not used on non-Windows systems
[1.617s] INFO:colcon.colcon_core.shell:Creating environment hook '/root/ros2_ws/src/my_f1tenth_pkg/install/my_f1tenth_pkg/share/my_f1tenth_pkg/hook/ament_prefix_path.ps1'
[1.619s] INFO:colcon.colcon_core.shell:Creating environment descriptor '/root/ros2_ws/src/my_f1tenth_pkg/install/my_f1tenth_pkg/share/my_f1tenth_pkg/hook/ament_prefix_path.dsv'
[1.622s] INFO:colcon.colcon_core.shell:Creating environment hook '/root/ros2_ws/src/my_f1tenth_pkg/install/my_f1tenth_pkg/share/my_f1tenth_pkg/hook/ament_prefix_path.sh'
[1.630s] INFO:colcon.colcon_core.shell:Skip shell extension 'powershell' for command environment: Not usable outside of PowerShell
[1.631s] DEBUG:colcon.colcon_core.shell:Skip shell extension 'dsv' for command environment
[2.448s] INFO:colcon.colcon_core.task.python.build:Building Python package in '/root/ros2_ws/src/my_f1tenth_pkg'
[2.455s] INFO:colcon.colcon_core.shell:Skip shell extension 'powershell' for command environment: Not usable outside of PowerShell
[2.455s] DEBUG:colcon.colcon_core.shell:Skip shell extension 'dsv' for command environment
[3.841s] DEBUG:colcon.colcon_core.event_handler.log_command:Invoking command in '/root/ros2_ws/src/my_f1tenth_pkg': PYTHONPATH=/root/ros2_ws/src/my_f1tenth_pkg/build/my_f1tenth_pkg/prefix_override:/root/ros2_ws/src/my_f1tenth_pkg/install/my_f1tenth_pkg/lib/python3.8/site-packages:${PYTHONPATH} /usr/bin/python3 setup.py egg_info --egg-base build/my_f1tenth_pkg build --build-base /root/ros2_ws/src/my_f1tenth_pkg/build/my_f1tenth_pkg/build install --record /root/ros2_ws/src/my_f1tenth_pkg/build/my_f1tenth_pkg/install.log --install-scripts $base/lib/my_f1tenth_pkg --single-version-externally-managed
[4.967s] DEBUG:colcon.colcon_core.event_handler.log_command:Invoked command in '/root/ros2_ws/src/my_f1tenth_pkg' returned '0': PYTHONPATH=/root/ros2_ws/src/my_f1tenth_pkg/build/my_f1tenth_pkg/prefix_override:/root/ros2_ws/src/my_f1tenth_pkg/install/my_f1tenth_pkg/lib/python3.8/site-packages:${PYTHONPATH} /usr/bin/python3 setup.py egg_info --egg-base build/my_f1tenth_pkg build --build-base /root/ros2_ws/src/my_f1tenth_pkg/build/my_f1tenth_pkg/build install --record /root/ros2_ws/src/my_f1tenth_pkg/build/my_f1tenth_pkg/install.log --install-scripts $base/lib/my_f1tenth_pkg --single-version-externally-managed
[4.988s] Level 1:colcon.colcon_core.environment:checking '/root/ros2_ws/src/my_f1tenth_pkg/install/my_f1tenth_pkg' for CMake module files
[4.990s] Level 1:colcon.colcon_core.environment:checking '/root/ros2_ws/src/my_f1tenth_pkg/install/my_f1tenth_pkg' for CMake config files
[4.993s] Level 1:colcon.colcon_core.environment:checking '/root/ros2_ws/src/my_f1tenth_pkg/install/my_f1tenth_pkg/lib'
[4.994s] Level 1:colcon.colcon_core.environment:checking '/root/ros2_ws/src/my_f1tenth_pkg/install/my_f1tenth_pkg/bin'
[4.994s] Level 1:colcon.colcon_core.environment:checking '/root/ros2_ws/src/my_f1tenth_pkg/install/my_f1tenth_pkg/lib/pkgconfig/my_f1tenth_pkg.pc'
[4.995s] Level 1:colcon.colcon_core.environment:checking '/root/ros2_ws/src/my_f1tenth_pkg/install/my_f1tenth_pkg/lib/python3.8/site-packages'
[4.995s] Level 1:colcon.colcon_core.shell:create_environment_hook('my_f1tenth_pkg', 'pythonpath')
[5.001s] INFO:colcon.colcon_core.shell:Creating environment hook '/root/ros2_ws/src/my_f1tenth_pkg/install/my_f1tenth_pkg/share/my_f1tenth_pkg/hook/pythonpath.ps1'
[5.003s] INFO:colcon.colcon_core.shell:Creating environment descriptor '/root/ros2_ws/src/my_f1tenth_pkg/install/my_f1tenth_pkg/share/my_f1tenth_pkg/hook/pythonpath.dsv'
[5.004s] INFO:colcon.colcon_core.shell:Creating environment hook '/root/ros2_ws/src/my_f1tenth_pkg/install/my_f1tenth_pkg/share/my_f1tenth_pkg/hook/pythonpath.sh'
[5.006s] Level 1:colcon.colcon_core.environment:checking '/root/ros2_ws/src/my_f1tenth_pkg/install/my_f1tenth_pkg/bin'
[5.006s] Level 1:colcon.colcon_core.environment:create_environment_scripts_only(my_f1tenth_pkg)
[5.013s] INFO:colcon.colcon_core.shell:Creating package script '/root/ros2_ws/src/my_f1tenth_pkg/install/my_f1tenth_pkg/share/my_f1tenth_pkg/package.ps1'
[5.017s] INFO:colcon.colcon_core.shell:Creating package descriptor '/root/ros2_ws/src/my_f1tenth_pkg/install/my_f1tenth_pkg/share/my_f1tenth_pkg/package.dsv'
[5.020s] INFO:colcon.colcon_core.shell:Creating package script '/root/ros2_ws/src/my_f1tenth_pkg/install/my_f1tenth_pkg/share/my_f1tenth_pkg/package.sh'
[5.023s] INFO:colcon.colcon_core.shell:Creating package script '/root/ros2_ws/src/my_f1tenth_pkg/install/my_f1tenth_pkg/share/my_f1tenth_pkg/package.bash'
[5.026s] INFO:colcon.colcon_core.shell:Creating package script '/root/ros2_ws/src/my_f1tenth_pkg/install/my_f1tenth_pkg/share/my_f1tenth_pkg/package.zsh'
[5.029s] Level 1:colcon.colcon_core.environment:create_file_with_runtime_dependencies(/root/ros2_ws/src/my_f1tenth_pkg/install/my_f1tenth_pkg/share/colcon-core/packages/my_f1tenth_pkg)
[5.030s] DEBUG:colcon.colcon_parallel_executor.executor.parallel:closing loop
[5.031s] DEBUG:colcon.colcon_parallel_executor.executor.parallel:loop closed
[5.031s] DEBUG:colcon.colcon_parallel_executor.executor.parallel:run_until_complete finished with '0'
[5.031s] DEBUG:colcon.colcon_core.event_reactor:joining thread
[5.053s] INFO:colcon.colcon_core.plugin_system:Skipping extension 'colcon_notification.desktop_notification.notify_send': Could not find 'notify-send'
[5.054s] INFO:colcon.colcon_core.plugin_system:Skipping extension 'colcon_notification.desktop_notification.terminal_notifier': Not used on non-Darwin systems
[5.055s] INFO:colcon.colcon_core.plugin_system:Skipping extension 'colcon_notification.desktop_notification.win32': Not used on non-Windows systems
[5.055s] INFO:colcon.colcon_notification.desktop_notification:Sending desktop notification using 'notify2'
[5.062s] DEBUG:colcon.colcon_notification.desktop_notification.notify2:Failed to initialize notify2: org.freedesktop.DBus.Error.Spawn.ExecFailed: /usr/bin/dbus-launch terminated abnormally without any error message
[5.063s] DEBUG:colcon.colcon_core.event_reactor:joined thread
[5.071s] INFO:colcon.colcon_core.shell:Creating prefix script '/root/ros2_ws/src/my_f1tenth_pkg/install/local_setup.ps1'
[5.076s] INFO:colcon.colcon_core.shell:Creating prefix util module '/root/ros2_ws/src/my_f1tenth_pkg/install/_local_setup_util_ps1.py'
[5.081s] INFO:colcon.colcon_core.shell:Creating prefix chain script '/root/ros2_ws/src/my_f1tenth_pkg/install/setup.ps1'
[5.089s] INFO:colcon.colcon_core.shell:Creating prefix script '/root/ros2_ws/src/my_f1tenth_pkg/install/local_setup.sh'
[5.091s] INFO:colcon.colcon_core.shell:Creating prefix util module '/root/ros2_ws/src/my_f1tenth_pkg/install/_local_setup_util_sh.py'
[5.093s] INFO:colcon.colcon_core.shell:Creating prefix chain script '/root/ros2_ws/src/my_f1tenth_pkg/install/setup.sh'
[5.099s] INFO:colcon.colcon_core.shell:Creating prefix script '/root/ros2_ws/src/my_f1tenth_pkg/install/local_setup.bash'
[5.101s] INFO:colcon.colcon_core.shell:Creating prefix chain script '/root/ros2_ws/src/my_f1tenth_pkg/install/setup.bash'
[5.107s] INFO:colcon.colcon_core.shell:Creating prefix script '/root/ros2_ws/src/my_f1tenth_pkg/install/local_setup.zsh'
[5.108s] INFO:colcon.colcon_core.shell:Creating prefix chain script '/root/ros2_ws/src/my_f1tenth_pkg/install/setup.zsh'
