[2.244s] Invoking command in '/root/ros2_ws/src/my_f1tenth_pkg': PYTHONPATH=/root/ros2_ws/src/my_f1tenth_pkg/build/my_f1tenth_pkg/prefix_override:/root/ros2_ws/src/my_f1tenth_pkg/install/my_f1tenth_pkg/lib/python3.8/site-packages:${PYTHONPATH} /usr/bin/python3 setup.py egg_info --egg-base build/my_f1tenth_pkg build --build-base /root/ros2_ws/src/my_f1tenth_pkg/build/my_f1tenth_pkg/build install --record /root/ros2_ws/src/my_f1tenth_pkg/build/my_f1tenth_pkg/install.log --install-scripts $base/lib/my_f1tenth_pkg --single-version-externally-managed
[2.967s] running egg_info
[2.969s] creating build/my_f1tenth_pkg/my_f1tenth_pkg.egg-info
[2.969s] writing build/my_f1tenth_pkg/my_f1tenth_pkg.egg-info/PKG-INFO
[2.970s] writing dependency_links to build/my_f1tenth_pkg/my_f1tenth_pkg.egg-info/dependency_links.txt
[2.971s] writing entry points to build/my_f1tenth_pkg/my_f1tenth_pkg.egg-info/entry_points.txt
[2.971s] writing requirements to build/my_f1tenth_pkg/my_f1tenth_pkg.egg-info/requires.txt
[2.972s] writing top-level names to build/my_f1tenth_pkg/my_f1tenth_pkg.egg-info/top_level.txt
[2.976s] writing manifest file 'build/my_f1tenth_pkg/my_f1tenth_pkg.egg-info/SOURCES.txt'
[3.139s] reading manifest file 'build/my_f1tenth_pkg/my_f1tenth_pkg.egg-info/SOURCES.txt'
[3.142s] writing manifest file 'build/my_f1tenth_pkg/my_f1tenth_pkg.egg-info/SOURCES.txt'
[3.144s] running build
[3.145s] running build_py
[3.145s] creating /root/ros2_ws/src/my_f1tenth_pkg/build/my_f1tenth_pkg/build
[3.146s] creating /root/ros2_ws/src/my_f1tenth_pkg/build/my_f1tenth_pkg/build/lib
[3.146s] creating /root/ros2_ws/src/my_f1tenth_pkg/build/my_f1tenth_pkg/build/lib/my_f1tenth_pkg
[3.147s] copying my_f1tenth_pkg/newodom.py -> /root/ros2_ws/src/my_f1tenth_pkg/build/my_f1tenth_pkg/build/lib/my_f1tenth_pkg
[3.148s] copying my_f1tenth_pkg/__init__.py -> /root/ros2_ws/src/my_f1tenth_pkg/build/my_f1tenth_pkg/build/lib/my_f1tenth_pkg
[3.148s] copying my_f1tenth_pkg/odom_tacho.py -> /root/ros2_ws/src/my_f1tenth_pkg/build/my_f1tenth_pkg/build/lib/my_f1tenth_pkg
[3.149s] copying my_f1tenth_pkg/odom_erpm.py -> /root/ros2_ws/src/my_f1tenth_pkg/build/my_f1tenth_pkg/build/lib/my_f1tenth_pkg
[3.149s] running install
[3.150s] running install_lib
[3.154s] creating /root/ros2_ws/src/my_f1tenth_pkg/install/my_f1tenth_pkg/lib/python3.8/site-packages/my_f1tenth_pkg
[3.155s] copying /root/ros2_ws/src/my_f1tenth_pkg/build/my_f1tenth_pkg/build/lib/my_f1tenth_pkg/newodom.py -> /root/ros2_ws/src/my_f1tenth_pkg/install/my_f1tenth_pkg/lib/python3.8/site-packages/my_f1tenth_pkg
[3.155s] copying /root/ros2_ws/src/my_f1tenth_pkg/build/my_f1tenth_pkg/build/lib/my_f1tenth_pkg/__init__.py -> /root/ros2_ws/src/my_f1tenth_pkg/install/my_f1tenth_pkg/lib/python3.8/site-packages/my_f1tenth_pkg
[3.155s] copying /root/ros2_ws/src/my_f1tenth_pkg/build/my_f1tenth_pkg/build/lib/my_f1tenth_pkg/odom_tacho.py -> /root/ros2_ws/src/my_f1tenth_pkg/install/my_f1tenth_pkg/lib/python3.8/site-packages/my_f1tenth_pkg
[3.156s] copying /root/ros2_ws/src/my_f1tenth_pkg/build/my_f1tenth_pkg/build/lib/my_f1tenth_pkg/odom_erpm.py -> /root/ros2_ws/src/my_f1tenth_pkg/install/my_f1tenth_pkg/lib/python3.8/site-packages/my_f1tenth_pkg
[3.157s] byte-compiling /root/ros2_ws/src/my_f1tenth_pkg/install/my_f1tenth_pkg/lib/python3.8/site-packages/my_f1tenth_pkg/newodom.py to newodom.cpython-38.pyc
[3.167s] byte-compiling /root/ros2_ws/src/my_f1tenth_pkg/install/my_f1tenth_pkg/lib/python3.8/site-packages/my_f1tenth_pkg/__init__.py to __init__.cpython-38.pyc
[3.167s] byte-compiling /root/ros2_ws/src/my_f1tenth_pkg/install/my_f1tenth_pkg/lib/python3.8/site-packages/my_f1tenth_pkg/odom_tacho.py to odom_tacho.cpython-38.pyc
[3.171s] byte-compiling /root/ros2_ws/src/my_f1tenth_pkg/install/my_f1tenth_pkg/lib/python3.8/site-packages/my_f1tenth_pkg/odom_erpm.py to odom_erpm.cpython-38.pyc
[3.173s] running install_data
[3.175s] creating /root/ros2_ws/src/my_f1tenth_pkg/install/my_f1tenth_pkg/share/ament_index
[3.176s] creating /root/ros2_ws/src/my_f1tenth_pkg/install/my_f1tenth_pkg/share/ament_index/resource_index
[3.176s] creating /root/ros2_ws/src/my_f1tenth_pkg/install/my_f1tenth_pkg/share/ament_index/resource_index/packages
[3.177s] copying resource/my_f1tenth_pkg -> /root/ros2_ws/src/my_f1tenth_pkg/install/my_f1tenth_pkg/share/ament_index/resource_index/packages
[3.177s] copying package.xml -> /root/ros2_ws/src/my_f1tenth_pkg/install/my_f1tenth_pkg/share/my_f1tenth_pkg
[3.178s] creating /root/ros2_ws/src/my_f1tenth_pkg/install/my_f1tenth_pkg/share/my_f1tenth_pkg/launch
[3.178s] copying launch/master_launch.py -> /root/ros2_ws/src/my_f1tenth_pkg/install/my_f1tenth_pkg/share/my_f1tenth_pkg/launch
[3.178s] running install_egg_info
[3.184s] Copying build/my_f1tenth_pkg/my_f1tenth_pkg.egg-info to /root/ros2_ws/src/my_f1tenth_pkg/install/my_f1tenth_pkg/lib/python3.8/site-packages/my_f1tenth_pkg-0.0.0-py3.8.egg-info
[3.187s] running install_scripts
[3.256s] Installing newodom_node script to /root/ros2_ws/src/my_f1tenth_pkg/install/my_f1tenth_pkg/lib/my_f1tenth_pkg
[3.257s] Installing odom_erpm_node script to /root/ros2_ws/src/my_f1tenth_pkg/install/my_f1tenth_pkg/lib/my_f1tenth_pkg
[3.257s] Installing odom_tacho_node script to /root/ros2_ws/src/my_f1tenth_pkg/install/my_f1tenth_pkg/lib/my_f1tenth_pkg
[3.258s] writing list of installed files to '/root/ros2_ws/src/my_f1tenth_pkg/build/my_f1tenth_pkg/install.log'
[3.369s] Invoked command in '/root/ros2_ws/src/my_f1tenth_pkg' returned '0': PYTHONPATH=/root/ros2_ws/src/my_f1tenth_pkg/build/my_f1tenth_pkg/prefix_override:/root/ros2_ws/src/my_f1tenth_pkg/install/my_f1tenth_pkg/lib/python3.8/site-packages:${PYTHONPATH} /usr/bin/python3 setup.py egg_info --egg-base build/my_f1tenth_pkg build --build-base /root/ros2_ws/src/my_f1tenth_pkg/build/my_f1tenth_pkg/build install --record /root/ros2_ws/src/my_f1tenth_pkg/build/my_f1tenth_pkg/install.log --install-scripts $base/lib/my_f1tenth_pkg --single-version-externally-managed
