-- Found ament_cmake_auto: 0.9.12 (/opt/ros/foxy/share/ament_cmake_auto/cmake)
-- Using PYTHON_EXECUTABLE: /usr/bin/python3
-- Override CMake install command with custom implementation using symlinks instead of copying resources
-- Using all available rosidl_typesupport_c: rosidl_typesupport_fastrtps_c;rosidl_typesupport_introspection_c
-- Found rosidl_adapter: 1.3.1 (/opt/ros/foxy/share/rosidl_adapter/cmake)
-- Using all available rosidl_typesupport_cpp: rosidl_typesupport_fastrtps_cpp;rosidl_typesupport_introspection_cpp
-- Found rmw_implementation_cmake: 1.0.4 (/opt/ros/foxy/share/rmw_implementation_cmake/cmake)
-- Using RMW implementation 'rmw_fastrtps_cpp' as default
-- Found ament_lint_auto: 0.9.8 (/opt/ros/foxy/share/ament_lint_auto/cmake)
-- Added test 'copyright' to check source files copyright and LICENSE
-- Added test 'cppcheck' to perform static code analysis on C / C++ code
-- Configured cppcheck include dirs: /root/ros2_ws/src/vesc/vesc_ackermann/include
-- Configured cppcheck exclude dirs and/or files: 
-- Added test 'cpplint' to check C / C++ code against the Google style
-- Configured cpplint exclude dirs and/or files: 
-- Added test 'lint_cmake' to check CMake code style
-- Added test 'uncrustify' to check C / C++ code style
-- Configured uncrustify additional arguments: 
-- Added test 'xmllint' to check XML markup files
-- Configuring done
-- Generating done
-- Build files have been written to: /root/ros2_ws/build/vesc_ackermann
[ 14%] [32m[1mLinking CXX executable ackermann_to_vesc_node[0m
[ 28%] Built target ackermann_to_vesc_node
[ 42%] [32m[1mLinking CXX shared library libvesc_ackermann.so[0m
[ 71%] Built target vesc_ackermann
[ 85%] [32m[1mLinking CXX executable vesc_to_odom_node[0m
[100%] Built target vesc_to_odom_node
-- Install configuration: ""
-- Execute custom install script
-- Symlinking: /root/ros2_ws/install/vesc_ackermann/lib/vesc_ackermann/ackermann_to_vesc_node
-- Symlinking: /root/ros2_ws/install/vesc_ackermann/lib/vesc_ackermann/vesc_to_odom_node
-- Symlinking: /root/ros2_ws/install/vesc_ackermann/include/vesc_ackermann/ackermann_to_vesc.hpp
-- Symlinking: /root/ros2_ws/install/vesc_ackermann/include/vesc_ackermann/vesc_to_odom.hpp
-- Symlinking: /root/ros2_ws/install/vesc_ackermann/share/vesc_ackermann/environment/library_path.sh
-- Symlinking: /root/ros2_ws/install/vesc_ackermann/share/vesc_ackermann/environment/library_path.dsv
-- Symlinking: /root/ros2_ws/install/vesc_ackermann/lib/libvesc_ackermann.so
-- Symlinking: /root/ros2_ws/install/vesc_ackermann/share/vesc_ackermann/launch/ackermann_to_vesc_node.launch.xml
-- Symlinking: /root/ros2_ws/install/vesc_ackermann/share/vesc_ackermann/launch/vesc_to_odom_node.launch.xml
-- Symlinking: /root/ros2_ws/install/vesc_ackermann/share/ament_index/resource_index/package_run_dependencies/vesc_ackermann
-- Symlinking: /root/ros2_ws/install/vesc_ackermann/share/ament_index/resource_index/parent_prefix_path/vesc_ackermann
-- Symlinking: /root/ros2_ws/install/vesc_ackermann/share/vesc_ackermann/environment/ament_prefix_path.sh
-- Symlinking: /root/ros2_ws/install/vesc_ackermann/share/vesc_ackermann/environment/ament_prefix_path.dsv
-- Symlinking: /root/ros2_ws/install/vesc_ackermann/share/vesc_ackermann/environment/path.sh
-- Symlinking: /root/ros2_ws/install/vesc_ackermann/share/vesc_ackermann/environment/path.dsv
-- Symlinking: /root/ros2_ws/install/vesc_ackermann/share/vesc_ackermann/local_setup.bash
-- Symlinking: /root/ros2_ws/install/vesc_ackermann/share/vesc_ackermann/local_setup.sh
-- Symlinking: /root/ros2_ws/install/vesc_ackermann/share/vesc_ackermann/local_setup.zsh
-- Symlinking: /root/ros2_ws/install/vesc_ackermann/share/vesc_ackermann/local_setup.dsv
-- Symlinking: /root/ros2_ws/install/vesc_ackermann/share/vesc_ackermann/package.dsv
-- Symlinking: /root/ros2_ws/install/vesc_ackermann/share/ament_index/resource_index/packages/vesc_ackermann
-- Symlinking: /root/ros2_ws/install/vesc_ackermann/share/ament_index/resource_index/rclcpp_components/vesc_ackermann
-- Symlinking: /root/ros2_ws/install/vesc_ackermann/share/vesc_ackermann/cmake/ament_cmake_export_dependencies-extras.cmake
-- Symlinking: /root/ros2_ws/install/vesc_ackermann/share/vesc_ackermann/cmake/ament_cmake_export_include_directories-extras.cmake
-- Symlinking: /root/ros2_ws/install/vesc_ackermann/share/vesc_ackermann/cmake/ament_cmake_export_libraries-extras.cmake
-- Symlinking: /root/ros2_ws/install/vesc_ackermann/share/vesc_ackermann/cmake/vesc_ackermannConfig.cmake
-- Symlinking: /root/ros2_ws/install/vesc_ackermann/share/vesc_ackermann/cmake/vesc_ackermannConfig-version.cmake
-- Symlinking: /root/ros2_ws/install/vesc_ackermann/share/vesc_ackermann/package.xml
