[0.057s] Invoking command in '/root/ros2_ws/build/vesc_driver': AMENT_PREFIX_PATH=/root/ros2_ws/install/vesc_msgs:${AMENT_PREFIX_PATH} CMAKE_PREFIX_PATH=/root/ros2_ws/install/vesc_msgs:/opt/ros/foxy LD_LIBRARY_PATH=/root/ros2_ws/install/vesc_msgs/lib:${LD_LIBRARY_PATH} PYTHONPATH=/root/ros2_ws/install/vesc_msgs/lib/python3.8/site-packages:${PYTHONPATH} /usr/bin/cmake /root/ros2_ws/src/vesc/vesc_driver -DCMAKE_INSTALL_PREFIX=/root/ros2_ws/install/vesc_driver
[0.276s] -- The C compiler identification is GNU 9.4.0
[0.490s] -- The CXX compiler identification is GNU 9.4.0
[0.507s] -- Check for working C compiler: /usr/bin/cc
[0.762s] -- Check for working C compiler: /usr/bin/cc -- works
[0.765s] -- Detecting C compiler ABI info
[1.022s] -- Detecting C compiler ABI info - done
[1.070s] -- Detecting C compile features
[1.071s] -- Detecting C compile features - done
[1.082s] -- Check for working CXX compiler: /usr/bin/c++
[1.372s] -- Check for working CXX compiler: /usr/bin/c++ -- works
[1.376s] -- Detecting CXX compiler ABI info
[1.670s] -- Detecting CXX compiler ABI info - done
[1.720s] -- Detecting CXX compile features
[1.722s] -- Detecting CXX compile features - done
[1.734s] -- Found ament_cmake_auto: 0.9.12 (/opt/ros/foxy/share/ament_cmake_auto/cmake)
[1.849s] -- Found PythonInterp: /usr/bin/python3 (found suitable version "3.8.10", minimum required is "3") 
[1.850s] -- Using PYTHON_EXECUTABLE: /usr/bin/python3
[3.122s] -- Using all available rosidl_typesupport_c: rosidl_typesupport_fastrtps_c;rosidl_typesupport_introspection_c
[3.159s] -- Found rosidl_adapter: 1.3.1 (/opt/ros/foxy/share/rosidl_adapter/cmake)
[3.506s] -- Found OpenSSL: /usr/lib/aarch64-linux-gnu/libcrypto.so (found version "1.1.1f")  
[3.634s] -- Found FastRTPS: /opt/ros/foxy/include  
[4.001s] -- Using all available rosidl_typesupport_cpp: rosidl_typesupport_fastrtps_cpp;rosidl_typesupport_introspection_cpp
[4.313s] -- Found rmw_implementation_cmake: 1.0.4 (/opt/ros/foxy/share/rmw_implementation_cmake/cmake)
[4.322s] -- Using RMW implementation 'rmw_fastrtps_cpp' as default
[4.328s] -- Looking for pthread.h
[4.606s] -- Looking for pthread.h - found
[4.607s] -- Performing Test CMAKE_HAVE_LIBC_PTHREAD
[4.877s] -- Performing Test CMAKE_HAVE_LIBC_PTHREAD - Failed
[4.878s] -- Looking for pthread_create in pthreads
[5.090s] -- Looking for pthread_create in pthreads - not found
[5.091s] -- Looking for pthread_create in pthread
[5.361s] -- Looking for pthread_create in pthread - found
[5.365s] -- Found Threads: TRUE  
[9.215s] -- Found ament_lint_auto: 0.9.8 (/opt/ros/foxy/share/ament_lint_auto/cmake)
[9.347s] -- Added test 'copyright' to check source files copyright and LICENSE
[9.357s] -- Added test 'cppcheck' to perform static code analysis on C / C++ code
[9.360s] -- Configured cppcheck include dirs: /root/ros2_ws/src/vesc/vesc_driver/include
[9.360s] -- Configured cppcheck exclude dirs and/or files: 
[9.369s] -- Added test 'cpplint' to check C / C++ code against the Google style
[9.369s] -- Configured cpplint exclude dirs and/or files: 
[9.372s] -- Added test 'flake8' to check Python code syntax and style conventions
[9.376s] -- Added test 'lint_cmake' to check CMake code style
[9.379s] -- Added test 'pep257' to check Python code against some of the style conventions in PEP 257
[9.387s] -- Added test 'uncrustify' to check C / C++ code style
[9.388s] -- Configured uncrustify additional arguments: 
[9.390s] -- Added test 'xmllint' to check XML markup files
[9.422s] -- Configuring done
[9.733s] -- Generating done
[9.742s] -- Build files have been written to: /root/ros2_ws/build/vesc_driver
[9.781s] Invoked command in '/root/ros2_ws/build/vesc_driver' returned '0': AMENT_PREFIX_PATH=/root/ros2_ws/install/vesc_msgs:${AMENT_PREFIX_PATH} CMAKE_PREFIX_PATH=/root/ros2_ws/install/vesc_msgs:/opt/ros/foxy LD_LIBRARY_PATH=/root/ros2_ws/install/vesc_msgs/lib:${LD_LIBRARY_PATH} PYTHONPATH=/root/ros2_ws/install/vesc_msgs/lib/python3.8/site-packages:${PYTHONPATH} /usr/bin/cmake /root/ros2_ws/src/vesc/vesc_driver -DCMAKE_INSTALL_PREFIX=/root/ros2_ws/install/vesc_driver
[9.792s] Invoking command in '/root/ros2_ws/build/vesc_driver': AMENT_PREFIX_PATH=/root/ros2_ws/install/vesc_msgs:${AMENT_PREFIX_PATH} CMAKE_PREFIX_PATH=/root/ros2_ws/install/vesc_msgs:/opt/ros/foxy LD_LIBRARY_PATH=/root/ros2_ws/install/vesc_msgs/lib:${LD_LIBRARY_PATH} PYTHONPATH=/root/ros2_ws/install/vesc_msgs/lib/python3.8/site-packages:${PYTHONPATH} /usr/bin/cmake --build /root/ros2_ws/build/vesc_driver -- -j4 -l4
[10.162s] [35m[1mScanning dependencies of target vesc_driver[0m
[10.176s] [35m[1mScanning dependencies of target vesc_driver_node[0m
[10.578s] [ 10%] [32mBuilding CXX object CMakeFiles/vesc_driver_node.dir/rclcpp_components/node_main_vesc_driver_node.cpp.o[0m
[10.644s] [ 20%] [32mBuilding CXX object CMakeFiles/vesc_driver.dir/src/vesc_driver.cpp.o[0m
[10.671s] [ 30%] [32mBuilding CXX object CMakeFiles/vesc_driver.dir/src/vesc_interface.cpp.o[0m
[10.694s] [ 40%] [32mBuilding CXX object CMakeFiles/vesc_driver.dir/src/vesc_packet.cpp.o[0m
[18.907s] [ 50%] [32mBuilding CXX object CMakeFiles/vesc_driver.dir/src/vesc_packet_factory.cpp.o[0m
[35.964s] [ 60%] [32m[1mLinking CXX executable vesc_driver_node[0m
[36.708s] [ 60%] Built target vesc_driver_node
[56.946s] [ 70%] [32m[1mLinking CXX shared library libvesc_driver.so[0m
[59.337s] [ 70%] Built target vesc_driver
[59.401s] [35m[1mScanning dependencies of target vesc_device_namer[0m
[59.459s] [ 80%] [32mBuilding CXX object CMakeFiles/vesc_device_namer.dir/src/vesc_device_namer.cpp.o[0m
[61.489s] [ 90%] [32mBuilding CXX object CMakeFiles/vesc_device_namer.dir/src/vesc_device_uuid_lookup.cpp.o[0m
[63.943s] [100%] [32m[1mLinking CXX executable vesc_device_namer[0m
[65.138s] [100%] Built target vesc_device_namer
[65.180s] Invoked command in '/root/ros2_ws/build/vesc_driver' returned '0': AMENT_PREFIX_PATH=/root/ros2_ws/install/vesc_msgs:${AMENT_PREFIX_PATH} CMAKE_PREFIX_PATH=/root/ros2_ws/install/vesc_msgs:/opt/ros/foxy LD_LIBRARY_PATH=/root/ros2_ws/install/vesc_msgs/lib:${LD_LIBRARY_PATH} PYTHONPATH=/root/ros2_ws/install/vesc_msgs/lib/python3.8/site-packages:${PYTHONPATH} /usr/bin/cmake --build /root/ros2_ws/build/vesc_driver -- -j4 -l4
[65.295s] Invoking command in '/root/ros2_ws/build/vesc_driver': AMENT_PREFIX_PATH=/root/ros2_ws/install/vesc_msgs:${AMENT_PREFIX_PATH} CMAKE_PREFIX_PATH=/root/ros2_ws/install/vesc_msgs:/opt/ros/foxy LD_LIBRARY_PATH=/root/ros2_ws/install/vesc_msgs/lib:${LD_LIBRARY_PATH} PYTHONPATH=/root/ros2_ws/install/vesc_msgs/lib/python3.8/site-packages:${PYTHONPATH} /usr/bin/cmake --install /root/ros2_ws/build/vesc_driver
[65.328s] -- Install configuration: ""
[65.329s] -- Installing: /root/ros2_ws/install/vesc_driver/lib/vesc_driver/vesc_driver_node
[65.332s] -- Set runtime path of "/root/ros2_ws/install/vesc_driver/lib/vesc_driver/vesc_driver_node" to ""
[65.333s] -- Installing: /root/ros2_ws/install/vesc_driver/include
[65.333s] -- Installing: /root/ros2_ws/install/vesc_driver/include/vesc_driver
[65.333s] -- Installing: /root/ros2_ws/install/vesc_driver/include/vesc_driver/vesc_interface.hpp
[65.334s] -- Installing: /root/ros2_ws/install/vesc_driver/include/vesc_driver/vesc_driver.hpp
[65.334s] -- Installing: /root/ros2_ws/install/vesc_driver/include/vesc_driver/datatypes.hpp
[65.335s] -- Installing: /root/ros2_ws/install/vesc_driver/include/vesc_driver/vesc_packet_factory.hpp
[65.336s] -- Installing: /root/ros2_ws/install/vesc_driver/include/vesc_driver/vesc_device_uuid_lookup.hpp
[65.336s] -- Installing: /root/ros2_ws/install/vesc_driver/include/vesc_driver/crc.hpp
[65.337s] -- Installing: /root/ros2_ws/install/vesc_driver/include/vesc_driver/vesc_packet.hpp
[65.339s] -- Installing: /root/ros2_ws/install/vesc_driver/share/vesc_driver/environment/library_path.sh
[65.340s] -- Installing: /root/ros2_ws/install/vesc_driver/share/vesc_driver/environment/library_path.dsv
[65.340s] -- Installing: /root/ros2_ws/install/vesc_driver/lib/libvesc_driver.so
[65.362s] -- Set runtime path of "/root/ros2_ws/install/vesc_driver/lib/libvesc_driver.so" to ""
[65.362s] -- Installing: /root/ros2_ws/install/vesc_driver/lib/vesc_driver/vesc_device_namer
[65.364s] -- Set runtime path of "/root/ros2_ws/install/vesc_driver/lib/vesc_driver/vesc_device_namer" to ""
[65.365s] -- Installing: /root/ros2_ws/install/vesc_driver/share/vesc_driver/launch
[65.365s] -- Installing: /root/ros2_ws/install/vesc_driver/share/vesc_driver/launch/vesc_driver_node.launch.py
[65.366s] -- Installing: /root/ros2_ws/install/vesc_driver/share/vesc_driver/params
[65.367s] -- Installing: /root/ros2_ws/install/vesc_driver/share/vesc_driver/params/vesc_config.yaml
[65.370s] -- Installing: /root/ros2_ws/install/vesc_driver/share/ament_index/resource_index/package_run_dependencies/vesc_driver
[65.371s] -- Installing: /root/ros2_ws/install/vesc_driver/share/ament_index/resource_index/parent_prefix_path/vesc_driver
[65.372s] -- Installing: /root/ros2_ws/install/vesc_driver/share/vesc_driver/environment/ament_prefix_path.sh
[65.372s] -- Installing: /root/ros2_ws/install/vesc_driver/share/vesc_driver/environment/ament_prefix_path.dsv
[65.373s] -- Installing: /root/ros2_ws/install/vesc_driver/share/vesc_driver/environment/path.sh
[65.374s] -- Installing: /root/ros2_ws/install/vesc_driver/share/vesc_driver/environment/path.dsv
[65.374s] -- Installing: /root/ros2_ws/install/vesc_driver/share/vesc_driver/local_setup.bash
[65.375s] -- Installing: /root/ros2_ws/install/vesc_driver/share/vesc_driver/local_setup.sh
[65.375s] -- Installing: /root/ros2_ws/install/vesc_driver/share/vesc_driver/local_setup.zsh
[65.376s] -- Installing: /root/ros2_ws/install/vesc_driver/share/vesc_driver/local_setup.dsv
[65.376s] -- Installing: /root/ros2_ws/install/vesc_driver/share/vesc_driver/package.dsv
[65.377s] -- Installing: /root/ros2_ws/install/vesc_driver/share/ament_index/resource_index/packages/vesc_driver
[65.379s] -- Installing: /root/ros2_ws/install/vesc_driver/share/ament_index/resource_index/rclcpp_components/vesc_driver
[65.380s] -- Installing: /root/ros2_ws/install/vesc_driver/share/vesc_driver/cmake/ament_cmake_export_dependencies-extras.cmake
[65.381s] -- Installing: /root/ros2_ws/install/vesc_driver/share/vesc_driver/cmake/ament_cmake_export_include_directories-extras.cmake
[65.382s] -- Installing: /root/ros2_ws/install/vesc_driver/share/vesc_driver/cmake/ament_cmake_export_libraries-extras.cmake
[65.383s] -- Installing: /root/ros2_ws/install/vesc_driver/share/vesc_driver/cmake/vesc_driverConfig.cmake
[65.383s] -- Installing: /root/ros2_ws/install/vesc_driver/share/vesc_driver/cmake/vesc_driverConfig-version.cmake
[65.384s] -- Installing: /root/ros2_ws/install/vesc_driver/share/vesc_driver/package.xml
[65.401s] Invoked command in '/root/ros2_ws/build/vesc_driver' returned '0': AMENT_PREFIX_PATH=/root/ros2_ws/install/vesc_msgs:${AMENT_PREFIX_PATH} CMAKE_PREFIX_PATH=/root/ros2_ws/install/vesc_msgs:/opt/ros/foxy LD_LIBRARY_PATH=/root/ros2_ws/install/vesc_msgs/lib:${LD_LIBRARY_PATH} PYTHONPATH=/root/ros2_ws/install/vesc_msgs/lib/python3.8/site-packages:${PYTHONPATH} /usr/bin/cmake --install /root/ros2_ws/build/vesc_driver
