[0.161s] Invoking command in '/root/ros2_ws/build/vesc_driver': CMAKE_PREFIX_PATH=/root/ros2_ws/install/vesc_msgs:/root/ros2_ws/install/vesc:/root/ros2_ws/install/vesc_driver:/root/ros2_ws/install/vesc_ackermann:/root/ros2_ws/install/my_f1tenth_pkg:/opt/ros/foxy LD_LIBRARY_PATH=/root/ros2_ws/install/vesc_msgs/lib:/root/ros2_ws/install/vesc_driver/lib:/root/ros2_ws/install/vesc_ackermann/lib:/opt/ros/foxy/opt/yaml_cpp_vendor/lib:/opt/ros/foxy/opt/rviz_ogre_vendor/lib:/opt/ros/foxy/lib/aarch64-linux-gnu:/opt/ros/foxy/lib /usr/bin/cmake /root/ros2_ws/src/vesc/vesc_driver -DAMENT_CMAKE_SYMLINK_INSTALL=1 -DCMAKE_INSTALL_PREFIX=/root/ros2_ws/install/vesc_driver
[0.298s] -- Found ament_cmake_auto: 0.9.12 (/opt/ros/foxy/share/ament_cmake_auto/cmake)
[0.658s] -- Using PYTHON_EXECUTABLE: /usr/bin/python3
[2.691s] -- Override CMake install command with custom implementation using symlinks instead of copying resources
[3.950s] -- Using all available rosidl_typesupport_c: rosidl_typesupport_fastrtps_c;rosidl_typesupport_introspection_c
[3.983s] -- Found rosidl_adapter: 1.3.1 (/opt/ros/foxy/share/rosidl_adapter/cmake)
[5.323s] -- Using all available rosidl_typesupport_cpp: rosidl_typesupport_fastrtps_cpp;rosidl_typesupport_introspection_cpp
[5.868s] -- Found rmw_implementation_cmake: 1.0.4 (/opt/ros/foxy/share/rmw_implementation_cmake/cmake)
[5.881s] -- Using RMW implementation 'rmw_fastrtps_cpp' as default
[11.915s] -- Found ament_lint_auto: 0.9.8 (/opt/ros/foxy/share/ament_lint_auto/cmake)
[12.006s] -- Added test 'copyright' to check source files copyright and LICENSE
[12.024s] -- Added test 'cppcheck' to perform static code analysis on C / C++ code
[12.026s] -- Configured cppcheck include dirs: /root/ros2_ws/src/vesc/vesc_driver/include
[12.027s] -- Configured cppcheck exclude dirs and/or files: 
[12.050s] -- Added test 'cpplint' to check C / C++ code against the Google style
[12.051s] -- Configured cpplint exclude dirs and/or files: 
[12.055s] -- Added test 'flake8' to check Python code syntax and style conventions
[12.058s] -- Added test 'lint_cmake' to check CMake code style
[12.062s] -- Added test 'pep257' to check Python code against some of the style conventions in PEP 257
[12.072s] -- Added test 'uncrustify' to check C / C++ code style
[12.072s] -- Configured uncrustify additional arguments: 
[12.075s] -- Added test 'xmllint' to check XML markup files
[12.235s] -- Configuring done
[12.743s] -- Generating done
[12.754s] -- Build files have been written to: /root/ros2_ws/build/vesc_driver
[12.797s] Invoked command in '/root/ros2_ws/build/vesc_driver' returned '0': CMAKE_PREFIX_PATH=/root/ros2_ws/install/vesc_msgs:/root/ros2_ws/install/vesc:/root/ros2_ws/install/vesc_driver:/root/ros2_ws/install/vesc_ackermann:/root/ros2_ws/install/my_f1tenth_pkg:/opt/ros/foxy LD_LIBRARY_PATH=/root/ros2_ws/install/vesc_msgs/lib:/root/ros2_ws/install/vesc_driver/lib:/root/ros2_ws/install/vesc_ackermann/lib:/opt/ros/foxy/opt/yaml_cpp_vendor/lib:/opt/ros/foxy/opt/rviz_ogre_vendor/lib:/opt/ros/foxy/lib/aarch64-linux-gnu:/opt/ros/foxy/lib /usr/bin/cmake /root/ros2_ws/src/vesc/vesc_driver -DAMENT_CMAKE_SYMLINK_INSTALL=1 -DCMAKE_INSTALL_PREFIX=/root/ros2_ws/install/vesc_driver
[12.798s] Invoking command in '/root/ros2_ws/build/vesc_driver': CMAKE_PREFIX_PATH=/root/ros2_ws/install/vesc_msgs:/root/ros2_ws/install/vesc:/root/ros2_ws/install/vesc_driver:/root/ros2_ws/install/vesc_ackermann:/root/ros2_ws/install/my_f1tenth_pkg:/opt/ros/foxy LD_LIBRARY_PATH=/root/ros2_ws/install/vesc_msgs/lib:/root/ros2_ws/install/vesc_driver/lib:/root/ros2_ws/install/vesc_ackermann/lib:/opt/ros/foxy/opt/yaml_cpp_vendor/lib:/opt/ros/foxy/opt/rviz_ogre_vendor/lib:/opt/ros/foxy/lib/aarch64-linux-gnu:/opt/ros/foxy/lib /usr/bin/cmake --build /root/ros2_ws/build/vesc_driver -- -j4 -l4
[13.225s] [ 10%] [32m[1mLinking CXX shared library libvesc_driver.so[0m
[16.633s] [ 50%] Built target vesc_driver
[16.795s] [ 60%] [32m[1mLinking CXX executable vesc_driver_node[0m
[17.519s] [ 70%] Built target vesc_driver_node
[17.688s] [ 80%] [32m[1mLinking CXX executable vesc_device_namer[0m
[19.018s] [100%] Built target vesc_device_namer
[19.063s] Invoked command in '/root/ros2_ws/build/vesc_driver' returned '0': CMAKE_PREFIX_PATH=/root/ros2_ws/install/vesc_msgs:/root/ros2_ws/install/vesc:/root/ros2_ws/install/vesc_driver:/root/ros2_ws/install/vesc_ackermann:/root/ros2_ws/install/my_f1tenth_pkg:/opt/ros/foxy LD_LIBRARY_PATH=/root/ros2_ws/install/vesc_msgs/lib:/root/ros2_ws/install/vesc_driver/lib:/root/ros2_ws/install/vesc_ackermann/lib:/opt/ros/foxy/opt/yaml_cpp_vendor/lib:/opt/ros/foxy/opt/rviz_ogre_vendor/lib:/opt/ros/foxy/lib/aarch64-linux-gnu:/opt/ros/foxy/lib /usr/bin/cmake --build /root/ros2_ws/build/vesc_driver -- -j4 -l4
[19.243s] Invoking command in '/root/ros2_ws/build/vesc_driver': CMAKE_PREFIX_PATH=/root/ros2_ws/install/vesc_msgs:/root/ros2_ws/install/vesc:/root/ros2_ws/install/vesc_driver:/root/ros2_ws/install/vesc_ackermann:/root/ros2_ws/install/my_f1tenth_pkg:/opt/ros/foxy LD_LIBRARY_PATH=/root/ros2_ws/install/vesc_msgs/lib:/root/ros2_ws/install/vesc_driver/lib:/root/ros2_ws/install/vesc_ackermann/lib:/opt/ros/foxy/opt/yaml_cpp_vendor/lib:/opt/ros/foxy/opt/rviz_ogre_vendor/lib:/opt/ros/foxy/lib/aarch64-linux-gnu:/opt/ros/foxy/lib /usr/bin/cmake --install /root/ros2_ws/build/vesc_driver
[19.278s] -- Install configuration: ""
[19.280s] -- Execute custom install script
[19.284s] -- Symlinking: /root/ros2_ws/install/vesc_driver/lib/vesc_driver/vesc_driver_node
[19.325s] -- Symlinking: /root/ros2_ws/install/vesc_driver/include/vesc_driver/crc.hpp
[19.375s] -- Symlinking: /root/ros2_ws/install/vesc_driver/include/vesc_driver/datatypes.hpp
[19.404s] -- Symlinking: /root/ros2_ws/install/vesc_driver/include/vesc_driver/vesc_device_uuid_lookup.hpp
[19.442s] -- Symlinking: /root/ros2_ws/install/vesc_driver/include/vesc_driver/vesc_driver.hpp
[19.480s] -- Symlinking: /root/ros2_ws/install/vesc_driver/include/vesc_driver/vesc_interface.hpp
[19.529s] -- Symlinking: /root/ros2_ws/install/vesc_driver/include/vesc_driver/vesc_packet.hpp
[19.555s] -- Symlinking: /root/ros2_ws/install/vesc_driver/include/vesc_driver/vesc_packet_factory.hpp
[19.598s] -- Symlinking: /root/ros2_ws/install/vesc_driver/share/vesc_driver/environment/library_path.sh
[19.629s] -- Symlinking: /root/ros2_ws/install/vesc_driver/share/vesc_driver/environment/library_path.dsv
[19.669s] -- Symlinking: /root/ros2_ws/install/vesc_driver/lib/libvesc_driver.so
[19.704s] -- Symlinking: /root/ros2_ws/install/vesc_driver/lib/vesc_driver/vesc_device_namer
[19.742s] -- Symlinking: /root/ros2_ws/install/vesc_driver/share/vesc_driver/launch/vesc_driver_node.launch.py
[19.775s] -- Symlinking: /root/ros2_ws/install/vesc_driver/share/vesc_driver/params/vesc_config.yaml
[19.809s] -- Symlinking: /root/ros2_ws/install/vesc_driver/share/ament_index/resource_index/package_run_dependencies/vesc_driver
[19.845s] -- Symlinking: /root/ros2_ws/install/vesc_driver/share/ament_index/resource_index/parent_prefix_path/vesc_driver
[19.879s] -- Symlinking: /root/ros2_ws/install/vesc_driver/share/vesc_driver/environment/ament_prefix_path.sh
[19.914s] -- Symlinking: /root/ros2_ws/install/vesc_driver/share/vesc_driver/environment/ament_prefix_path.dsv
[19.949s] -- Symlinking: /root/ros2_ws/install/vesc_driver/share/vesc_driver/environment/path.sh
[19.985s] -- Symlinking: /root/ros2_ws/install/vesc_driver/share/vesc_driver/environment/path.dsv
[20.020s] -- Symlinking: /root/ros2_ws/install/vesc_driver/share/vesc_driver/local_setup.bash
[20.055s] -- Symlinking: /root/ros2_ws/install/vesc_driver/share/vesc_driver/local_setup.sh
[20.090s] -- Symlinking: /root/ros2_ws/install/vesc_driver/share/vesc_driver/local_setup.zsh
[20.126s] -- Symlinking: /root/ros2_ws/install/vesc_driver/share/vesc_driver/local_setup.dsv
[20.161s] -- Symlinking: /root/ros2_ws/install/vesc_driver/share/vesc_driver/package.dsv
[20.201s] -- Symlinking: /root/ros2_ws/install/vesc_driver/share/ament_index/resource_index/packages/vesc_driver
[20.238s] -- Symlinking: /root/ros2_ws/install/vesc_driver/share/ament_index/resource_index/rclcpp_components/vesc_driver
[20.277s] -- Symlinking: /root/ros2_ws/install/vesc_driver/share/vesc_driver/cmake/ament_cmake_export_dependencies-extras.cmake
[20.313s] -- Symlinking: /root/ros2_ws/install/vesc_driver/share/vesc_driver/cmake/ament_cmake_export_include_directories-extras.cmake
[20.361s] -- Symlinking: /root/ros2_ws/install/vesc_driver/share/vesc_driver/cmake/ament_cmake_export_libraries-extras.cmake
[20.396s] -- Symlinking: /root/ros2_ws/install/vesc_driver/share/vesc_driver/cmake/vesc_driverConfig.cmake
[20.425s] -- Symlinking: /root/ros2_ws/install/vesc_driver/share/vesc_driver/cmake/vesc_driverConfig-version.cmake
[20.461s] -- Symlinking: /root/ros2_ws/install/vesc_driver/share/vesc_driver/package.xml
[20.513s] Invoked command in '/root/ros2_ws/build/vesc_driver' returned '0': CMAKE_PREFIX_PATH=/root/ros2_ws/install/vesc_msgs:/root/ros2_ws/install/vesc:/root/ros2_ws/install/vesc_driver:/root/ros2_ws/install/vesc_ackermann:/root/ros2_ws/install/my_f1tenth_pkg:/opt/ros/foxy LD_LIBRARY_PATH=/root/ros2_ws/install/vesc_msgs/lib:/root/ros2_ws/install/vesc_driver/lib:/root/ros2_ws/install/vesc_ackermann/lib:/opt/ros/foxy/opt/yaml_cpp_vendor/lib:/opt/ros/foxy/opt/rviz_ogre_vendor/lib:/opt/ros/foxy/lib/aarch64-linux-gnu:/opt/ros/foxy/lib /usr/bin/cmake --install /root/ros2_ws/build/vesc_driver
