/root/ros2_ws/src/my_f1tenth_pkg/install/my_f1tenth_pkg/lib/python3.8/site-packages/my_f1tenth_pkg/newodom.py
/root/ros2_ws/src/my_f1tenth_pkg/install/my_f1tenth_pkg/lib/python3.8/site-packages/my_f1tenth_pkg/__init__.py
/root/ros2_ws/src/my_f1tenth_pkg/install/my_f1tenth_pkg/lib/python3.8/site-packages/my_f1tenth_pkg/odom_tacho.py
/root/ros2_ws/src/my_f1tenth_pkg/install/my_f1tenth_pkg/lib/python3.8/site-packages/my_f1tenth_pkg/odom_erpm.py
/root/ros2_ws/src/my_f1tenth_pkg/install/my_f1tenth_pkg/lib/python3.8/site-packages/my_f1tenth_pkg/__pycache__/newodom.cpython-38.pyc
/root/ros2_ws/src/my_f1tenth_pkg/install/my_f1tenth_pkg/lib/python3.8/site-packages/my_f1tenth_pkg/__pycache__/__init__.cpython-38.pyc
/root/ros2_ws/src/my_f1tenth_pkg/install/my_f1tenth_pkg/lib/python3.8/site-packages/my_f1tenth_pkg/__pycache__/odom_tacho.cpython-38.pyc
/root/ros2_ws/src/my_f1tenth_pkg/install/my_f1tenth_pkg/lib/python3.8/site-packages/my_f1tenth_pkg/__pycache__/odom_erpm.cpython-38.pyc
/root/ros2_ws/src/my_f1tenth_pkg/install/my_f1tenth_pkg/share/ament_index/resource_index/packages/my_f1tenth_pkg
/root/ros2_ws/src/my_f1tenth_pkg/install/my_f1tenth_pkg/share/my_f1tenth_pkg/package.xml
/root/ros2_ws/src/my_f1tenth_pkg/install/my_f1tenth_pkg/share/my_f1tenth_pkg/launch/master_launch.py
/root/ros2_ws/src/my_f1tenth_pkg/install/my_f1tenth_pkg/lib/python3.8/site-packages/my_f1tenth_pkg-0.0.0-py3.8.egg-info/top_level.txt
/root/ros2_ws/src/my_f1tenth_pkg/install/my_f1tenth_pkg/lib/python3.8/site-packages/my_f1tenth_pkg-0.0.0-py3.8.egg-info/requires.txt
/root/ros2_ws/src/my_f1tenth_pkg/install/my_f1tenth_pkg/lib/python3.8/site-packages/my_f1tenth_pkg-0.0.0-py3.8.egg-info/PKG-INFO
/root/ros2_ws/src/my_f1tenth_pkg/install/my_f1tenth_pkg/lib/python3.8/site-packages/my_f1tenth_pkg-0.0.0-py3.8.egg-info/entry_points.txt
/root/ros2_ws/src/my_f1tenth_pkg/install/my_f1tenth_pkg/lib/python3.8/site-packages/my_f1tenth_pkg-0.0.0-py3.8.egg-info/zip-safe
/root/ros2_ws/src/my_f1tenth_pkg/install/my_f1tenth_pkg/lib/python3.8/site-packages/my_f1tenth_pkg-0.0.0-py3.8.egg-info/SOURCES.txt
/root/ros2_ws/src/my_f1tenth_pkg/install/my_f1tenth_pkg/lib/python3.8/site-packages/my_f1tenth_pkg-0.0.0-py3.8.egg-info/dependency_links.txt
/root/ros2_ws/src/my_f1tenth_pkg/install/my_f1tenth_pkg/lib/my_f1tenth_pkg/newodom_node
/root/ros2_ws/src/my_f1tenth_pkg/install/my_f1tenth_pkg/lib/my_f1tenth_pkg/odom_erpm_node
/root/ros2_ws/src/my_f1tenth_pkg/install/my_f1tenth_pkg/lib/my_f1tenth_pkg/odom_tacho_node
