[1.271s] DEBUG:colcon:Command line arguments: ['/usr/bin/colcon', 'build', '--packages-select', 'vesc_ackermann', 'vesc_driver', 'vesc', 'vesc_msgs', 'source', 'install/setup.bash']
[1.272s] DEBUG:colcon:Parsed command line arguments: Namespace(ament_cmake_args=None, base_paths=['.'], build_base='build', catkin_cmake_args=None, catkin_skip_building_tests=False, cmake_args=None, cmake_clean_cache=False, cmake_clean_first=False, cmake_force_configure=False, cmake_target=None, cmake_target_skip_unavailable=False, continue_on_error=False, event_handlers=None, executor='parallel', ignore_user_meta=False, install_base='install', log_base=None, log_level=None, main=<bound method BuildVerb.main of <colcon_core.verb.build.BuildVerb object at 0x7f9b090b20>>, merge_install=False, metas=['./colcon.meta'], mixin=None, mixin_files=None, mixin_verb=('build',), packages_above=None, packages_above_and_dependencies=None, packages_above_depth=None, packages_end=None, packages_ignore=None, packages_ignore_regex=None, packages_select=['vesc_ackermann', 'vesc_driver', 'vesc', 'vesc_msgs', 'source', 'install/setup.bash'], packages_select_build_failed=False, packages_select_by_dep=None, packages_select_regex=None, packages_select_test_failures=False, packages_skip=None, packages_skip_build_finished=False, packages_skip_by_dep=None, packages_skip_regex=None, packages_skip_test_passed=False, packages_skip_up_to=None, packages_start=None, packages_up_to=None, packages_up_to_regex=None, parallel_workers=4, paths=None, symlink_install=False, test_result_base=None, verb_extension=<colcon_core.verb.build.BuildVerb object at 0x7f9b090b20>, verb_name='build', verb_parser=<colcon_mixin.mixin.mixin_argument.MixinArgumentDecorator object at 0x7f9b09f130>)
[1.389s] Level 1:colcon.colcon_core.package_discovery:discover_packages(colcon_meta) check parameters
[1.392s] INFO:colcon.colcon_metadata.package_discovery.colcon_meta:Using configuration from '/root/.colcon/metadata/default/Gazebo.meta'
[1.395s] INFO:colcon.colcon_metadata.package_discovery.colcon_meta:Using configuration from '/root/.colcon/metadata/default/fastdds.meta'
[1.397s] INFO:colcon.colcon_metadata.package_discovery.colcon_meta:Using configuration from '/root/.colcon/metadata/default/fastrtps.meta'
[1.397s] Level 1:colcon.colcon_core.package_discovery:discover_packages(recursive) check parameters
[1.397s] Level 1:colcon.colcon_core.package_discovery:discover_packages(ignore) check parameters
[1.398s] Level 1:colcon.colcon_core.package_discovery:discover_packages(path) check parameters
[1.398s] Level 1:colcon.colcon_core.package_discovery:discover_packages(colcon_meta) discover
[1.398s] Level 1:colcon.colcon_core.package_discovery:discover_packages(recursive) discover
[1.398s] INFO:colcon.colcon_core.package_discovery:Crawling recursively for packages in '/root/ros2_ws'
[1.399s] Level 1:colcon.colcon_core.package_identification:_identify(.) by extensions ['ignore', 'ignore_ament_install']
[1.399s] Level 1:colcon.colcon_core.package_identification:_identify(.) by extension 'ignore'
[1.399s] Level 1:colcon.colcon_core.package_identification:_identify(.) by extension 'ignore_ament_install'
[1.400s] Level 1:colcon.colcon_core.package_identification:_identify(.) by extensions ['colcon_pkg']
[1.400s] Level 1:colcon.colcon_core.package_identification:_identify(.) by extension 'colcon_pkg'
[1.400s] Level 1:colcon.colcon_core.package_identification:_identify(.) by extensions ['colcon_meta']
[1.400s] Level 1:colcon.colcon_core.package_identification:_identify(.) by extension 'colcon_meta'
[1.400s] Level 1:colcon.colcon_core.package_identification:_identify(.) by extensions ['ros']
[1.400s] Level 1:colcon.colcon_core.package_identification:_identify(.) by extension 'ros'
[1.493s] Level 1:colcon.colcon_core.package_identification:_identify(.) by extensions ['cmake', 'python']
[1.494s] Level 1:colcon.colcon_core.package_identification:_identify(.) by extension 'cmake'
[1.494s] Level 1:colcon.colcon_core.package_identification:_identify(.) by extension 'python'
[1.494s] Level 1:colcon.colcon_core.package_identification:_identify(.) by extensions ['python_setup_py']
[1.494s] Level 1:colcon.colcon_core.package_identification:_identify(.) by extension 'python_setup_py'
[1.495s] Level 1:colcon.colcon_core.package_identification:_identify(build) by extensions ['ignore', 'ignore_ament_install']
[1.495s] Level 1:colcon.colcon_core.package_identification:_identify(build) by extension 'ignore'
[1.495s] Level 1:colcon.colcon_core.package_identification:_identify(build) ignored
[1.496s] Level 1:colcon.colcon_core.package_identification:_identify(install) by extensions ['ignore', 'ignore_ament_install']
[1.496s] Level 1:colcon.colcon_core.package_identification:_identify(install) by extension 'ignore'
[1.497s] Level 1:colcon.colcon_core.package_identification:_identify(install) ignored
[1.497s] Level 1:colcon.colcon_core.package_identification:_identify(log) by extensions ['ignore', 'ignore_ament_install']
[1.498s] Level 1:colcon.colcon_core.package_identification:_identify(log) by extension 'ignore'
[1.498s] Level 1:colcon.colcon_core.package_identification:_identify(log) ignored
[1.499s] Level 1:colcon.colcon_core.package_identification:_identify(src) by extensions ['ignore', 'ignore_ament_install']
[1.499s] Level 1:colcon.colcon_core.package_identification:_identify(src) by extension 'ignore'
[1.499s] Level 1:colcon.colcon_core.package_identification:_identify(src) by extension 'ignore_ament_install'
[1.499s] Level 1:colcon.colcon_core.package_identification:_identify(src) by extensions ['colcon_pkg']
[1.500s] Level 1:colcon.colcon_core.package_identification:_identify(src) by extension 'colcon_pkg'
[1.500s] Level 1:colcon.colcon_core.package_identification:_identify(src) by extensions ['colcon_meta']
[1.500s] Level 1:colcon.colcon_core.package_identification:_identify(src) by extension 'colcon_meta'
[1.500s] Level 1:colcon.colcon_core.package_identification:_identify(src) by extensions ['ros']
[1.500s] Level 1:colcon.colcon_core.package_identification:_identify(src) by extension 'ros'
[1.501s] Level 1:colcon.colcon_core.package_identification:_identify(src) by extensions ['cmake', 'python']
[1.501s] Level 1:colcon.colcon_core.package_identification:_identify(src) by extension 'cmake'
[1.501s] Level 1:colcon.colcon_core.package_identification:_identify(src) by extension 'python'
[1.501s] Level 1:colcon.colcon_core.package_identification:_identify(src) by extensions ['python_setup_py']
[1.501s] Level 1:colcon.colcon_core.package_identification:_identify(src) by extension 'python_setup_py'
[1.502s] Level 1:colcon.colcon_core.package_identification:_identify(src/vesc) by extensions ['ignore', 'ignore_ament_install']
[1.502s] Level 1:colcon.colcon_core.package_identification:_identify(src/vesc) by extension 'ignore'
[1.503s] Level 1:colcon.colcon_core.package_identification:_identify(src/vesc) by extension 'ignore_ament_install'
[1.503s] Level 1:colcon.colcon_core.package_identification:_identify(src/vesc) by extensions ['colcon_pkg']
[1.503s] Level 1:colcon.colcon_core.package_identification:_identify(src/vesc) by extension 'colcon_pkg'
[1.503s] Level 1:colcon.colcon_core.package_identification:_identify(src/vesc) by extensions ['colcon_meta']
[1.503s] Level 1:colcon.colcon_core.package_identification:_identify(src/vesc) by extension 'colcon_meta'
[1.503s] Level 1:colcon.colcon_core.package_identification:_identify(src/vesc) by extensions ['ros']
[1.504s] Level 1:colcon.colcon_core.package_identification:_identify(src/vesc) by extension 'ros'
[1.504s] Level 1:colcon.colcon_core.package_identification:_identify(src/vesc) by extensions ['cmake', 'python']
[1.504s] Level 1:colcon.colcon_core.package_identification:_identify(src/vesc) by extension 'cmake'
[1.504s] Level 1:colcon.colcon_core.package_identification:_identify(src/vesc) by extension 'python'
[1.504s] Level 1:colcon.colcon_core.package_identification:_identify(src/vesc) by extensions ['python_setup_py']
[1.504s] Level 1:colcon.colcon_core.package_identification:_identify(src/vesc) by extension 'python_setup_py'
[1.505s] Level 1:colcon.colcon_core.package_identification:_identify(src/vesc/vesc) by extensions ['ignore', 'ignore_ament_install']
[1.505s] Level 1:colcon.colcon_core.package_identification:_identify(src/vesc/vesc) by extension 'ignore'
[1.505s] Level 1:colcon.colcon_core.package_identification:_identify(src/vesc/vesc) by extension 'ignore_ament_install'
[1.506s] Level 1:colcon.colcon_core.package_identification:_identify(src/vesc/vesc) by extensions ['colcon_pkg']
[1.506s] Level 1:colcon.colcon_core.package_identification:_identify(src/vesc/vesc) by extension 'colcon_pkg'
[1.506s] Level 1:colcon.colcon_core.package_identification:_identify(src/vesc/vesc) by extensions ['colcon_meta']
[1.506s] Level 1:colcon.colcon_core.package_identification:_identify(src/vesc/vesc) by extension 'colcon_meta'
[1.506s] Level 1:colcon.colcon_core.package_identification:_identify(src/vesc/vesc) by extensions ['ros']
[1.507s] Level 1:colcon.colcon_core.package_identification:_identify(src/vesc/vesc) by extension 'ros'
[1.517s] DEBUG:colcon.colcon_core.package_identification:Package 'src/vesc/vesc' with type 'ros.ament_cmake' and name 'vesc'
[1.518s] Level 1:colcon.colcon_core.package_identification:_identify(src/vesc/vesc_ackermann) by extensions ['ignore', 'ignore_ament_install']
[1.518s] Level 1:colcon.colcon_core.package_identification:_identify(src/vesc/vesc_ackermann) by extension 'ignore'
[1.518s] Level 1:colcon.colcon_core.package_identification:_identify(src/vesc/vesc_ackermann) by extension 'ignore_ament_install'
[1.518s] Level 1:colcon.colcon_core.package_identification:_identify(src/vesc/vesc_ackermann) by extensions ['colcon_pkg']
[1.519s] Level 1:colcon.colcon_core.package_identification:_identify(src/vesc/vesc_ackermann) by extension 'colcon_pkg'
[1.519s] Level 1:colcon.colcon_core.package_identification:_identify(src/vesc/vesc_ackermann) by extensions ['colcon_meta']
[1.519s] Level 1:colcon.colcon_core.package_identification:_identify(src/vesc/vesc_ackermann) by extension 'colcon_meta'
[1.519s] Level 1:colcon.colcon_core.package_identification:_identify(src/vesc/vesc_ackermann) by extensions ['ros']
[1.519s] Level 1:colcon.colcon_core.package_identification:_identify(src/vesc/vesc_ackermann) by extension 'ros'
[1.525s] DEBUG:colcon.colcon_core.package_identification:Package 'src/vesc/vesc_ackermann' with type 'ros.ament_cmake' and name 'vesc_ackermann'
[1.525s] Level 1:colcon.colcon_core.package_identification:_identify(src/vesc/vesc_driver) by extensions ['ignore', 'ignore_ament_install']
[1.526s] Level 1:colcon.colcon_core.package_identification:_identify(src/vesc/vesc_driver) by extension 'ignore'
[1.526s] Level 1:colcon.colcon_core.package_identification:_identify(src/vesc/vesc_driver) by extension 'ignore_ament_install'
[1.526s] Level 1:colcon.colcon_core.package_identification:_identify(src/vesc/vesc_driver) by extensions ['colcon_pkg']
[1.527s] Level 1:colcon.colcon_core.package_identification:_identify(src/vesc/vesc_driver) by extension 'colcon_pkg'
[1.527s] Level 1:colcon.colcon_core.package_identification:_identify(src/vesc/vesc_driver) by extensions ['colcon_meta']
[1.527s] Level 1:colcon.colcon_core.package_identification:_identify(src/vesc/vesc_driver) by extension 'colcon_meta'
[1.527s] Level 1:colcon.colcon_core.package_identification:_identify(src/vesc/vesc_driver) by extensions ['ros']
[1.527s] Level 1:colcon.colcon_core.package_identification:_identify(src/vesc/vesc_driver) by extension 'ros'
[1.533s] DEBUG:colcon.colcon_core.package_identification:Package 'src/vesc/vesc_driver' with type 'ros.ament_cmake' and name 'vesc_driver'
[1.534s] Level 1:colcon.colcon_core.package_identification:_identify(src/vesc/vesc_msgs) by extensions ['ignore', 'ignore_ament_install']
[1.534s] Level 1:colcon.colcon_core.package_identification:_identify(src/vesc/vesc_msgs) by extension 'ignore'
[1.534s] Level 1:colcon.colcon_core.package_identification:_identify(src/vesc/vesc_msgs) by extension 'ignore_ament_install'
[1.534s] Level 1:colcon.colcon_core.package_identification:_identify(src/vesc/vesc_msgs) by extensions ['colcon_pkg']
[1.535s] Level 1:colcon.colcon_core.package_identification:_identify(src/vesc/vesc_msgs) by extension 'colcon_pkg'
[1.535s] Level 1:colcon.colcon_core.package_identification:_identify(src/vesc/vesc_msgs) by extensions ['colcon_meta']
[1.535s] Level 1:colcon.colcon_core.package_identification:_identify(src/vesc/vesc_msgs) by extension 'colcon_meta'
[1.535s] Level 1:colcon.colcon_core.package_identification:_identify(src/vesc/vesc_msgs) by extensions ['ros']
[1.535s] Level 1:colcon.colcon_core.package_identification:_identify(src/vesc/vesc_msgs) by extension 'ros'
[1.539s] DEBUG:colcon.colcon_core.package_identification:Package 'src/vesc/vesc_msgs' with type 'ros.ament_cmake' and name 'vesc_msgs'
[1.539s] Level 1:colcon.colcon_core.package_discovery:discover_packages(recursive) using defaults
[1.539s] Level 1:colcon.colcon_core.package_discovery:discover_packages(ignore) discover
[1.539s] Level 1:colcon.colcon_core.package_discovery:discover_packages(ignore) using defaults
[1.540s] Level 1:colcon.colcon_core.package_discovery:discover_packages(path) discover
[1.540s] Level 1:colcon.colcon_core.package_discovery:discover_packages(path) using defaults
[1.545s] WARNING:colcon.colcon_core.package_selection:ignoring unknown package 'source' in --packages-select
[1.546s] WARNING:colcon.colcon_core.package_selection:ignoring unknown package 'install/setup.bash' in --packages-select
[1.629s] Level 5:colcon.colcon_core.verb:set package 'vesc_msgs' build argument 'cmake_args' from command line to 'None'
[1.630s] Level 5:colcon.colcon_core.verb:set package 'vesc_msgs' build argument 'cmake_target' from command line to 'None'
[1.630s] Level 5:colcon.colcon_core.verb:set package 'vesc_msgs' build argument 'cmake_target_skip_unavailable' from command line to 'False'
[1.630s] Level 5:colcon.colcon_core.verb:set package 'vesc_msgs' build argument 'cmake_clean_cache' from command line to 'False'
[1.630s] Level 5:colcon.colcon_core.verb:set package 'vesc_msgs' build argument 'cmake_clean_first' from command line to 'False'
[1.630s] Level 5:colcon.colcon_core.verb:set package 'vesc_msgs' build argument 'cmake_force_configure' from command line to 'False'
[1.630s] Level 5:colcon.colcon_core.verb:set package 'vesc_msgs' build argument 'ament_cmake_args' from command line to 'None'
[1.631s] Level 5:colcon.colcon_core.verb:set package 'vesc_msgs' build argument 'catkin_cmake_args' from command line to 'None'
[1.631s] Level 5:colcon.colcon_core.verb:set package 'vesc_msgs' build argument 'catkin_skip_building_tests' from command line to 'False'
[1.631s] DEBUG:colcon.colcon_core.verb:Building package 'vesc_msgs' with the following arguments: {'ament_cmake_args': None, 'build_base': '/root/ros2_ws/build/vesc_msgs', 'catkin_cmake_args': None, 'catkin_skip_building_tests': False, 'cmake_args': None, 'cmake_clean_cache': False, 'cmake_clean_first': False, 'cmake_force_configure': False, 'cmake_target': None, 'cmake_target_skip_unavailable': False, 'install_base': '/root/ros2_ws/install/vesc_msgs', 'merge_install': False, 'path': '/root/ros2_ws/src/vesc/vesc_msgs', 'symlink_install': False, 'test_result_base': None}
[1.636s] Level 5:colcon.colcon_core.verb:set package 'vesc_ackermann' build argument 'cmake_args' from command line to 'None'
[1.637s] Level 5:colcon.colcon_core.verb:set package 'vesc_ackermann' build argument 'cmake_target' from command line to 'None'
[1.637s] Level 5:colcon.colcon_core.verb:set package 'vesc_ackermann' build argument 'cmake_target_skip_unavailable' from command line to 'False'
[1.637s] Level 5:colcon.colcon_core.verb:set package 'vesc_ackermann' build argument 'cmake_clean_cache' from command line to 'False'
[1.637s] Level 5:colcon.colcon_core.verb:set package 'vesc_ackermann' build argument 'cmake_clean_first' from command line to 'False'
[1.638s] Level 5:colcon.colcon_core.verb:set package 'vesc_ackermann' build argument 'cmake_force_configure' from command line to 'False'
[1.638s] Level 5:colcon.colcon_core.verb:set package 'vesc_ackermann' build argument 'ament_cmake_args' from command line to 'None'
[1.638s] Level 5:colcon.colcon_core.verb:set package 'vesc_ackermann' build argument 'catkin_cmake_args' from command line to 'None'
[1.638s] Level 5:colcon.colcon_core.verb:set package 'vesc_ackermann' build argument 'catkin_skip_building_tests' from command line to 'False'
[1.638s] DEBUG:colcon.colcon_core.verb:Building package 'vesc_ackermann' with the following arguments: {'ament_cmake_args': None, 'build_base': '/root/ros2_ws/build/vesc_ackermann', 'catkin_cmake_args': None, 'catkin_skip_building_tests': False, 'cmake_args': None, 'cmake_clean_cache': False, 'cmake_clean_first': False, 'cmake_force_configure': False, 'cmake_target': None, 'cmake_target_skip_unavailable': False, 'install_base': '/root/ros2_ws/install/vesc_ackermann', 'merge_install': False, 'path': '/root/ros2_ws/src/vesc/vesc_ackermann', 'symlink_install': False, 'test_result_base': None}
[1.643s] Level 5:colcon.colcon_core.verb:set package 'vesc_driver' build argument 'cmake_args' from command line to 'None'
[1.644s] Level 5:colcon.colcon_core.verb:set package 'vesc_driver' build argument 'cmake_target' from command line to 'None'
[1.644s] Level 5:colcon.colcon_core.verb:set package 'vesc_driver' build argument 'cmake_target_skip_unavailable' from command line to 'False'
[1.644s] Level 5:colcon.colcon_core.verb:set package 'vesc_driver' build argument 'cmake_clean_cache' from command line to 'False'
[1.644s] Level 5:colcon.colcon_core.verb:set package 'vesc_driver' build argument 'cmake_clean_first' from command line to 'False'
[1.644s] Level 5:colcon.colcon_core.verb:set package 'vesc_driver' build argument 'cmake_force_configure' from command line to 'False'
[1.644s] Level 5:colcon.colcon_core.verb:set package 'vesc_driver' build argument 'ament_cmake_args' from command line to 'None'
[1.644s] Level 5:colcon.colcon_core.verb:set package 'vesc_driver' build argument 'catkin_cmake_args' from command line to 'None'
[1.644s] Level 5:colcon.colcon_core.verb:set package 'vesc_driver' build argument 'catkin_skip_building_tests' from command line to 'False'
[1.645s] DEBUG:colcon.colcon_core.verb:Building package 'vesc_driver' with the following arguments: {'ament_cmake_args': None, 'build_base': '/root/ros2_ws/build/vesc_driver', 'catkin_cmake_args': None, 'catkin_skip_building_tests': False, 'cmake_args': None, 'cmake_clean_cache': False, 'cmake_clean_first': False, 'cmake_force_configure': False, 'cmake_target': None, 'cmake_target_skip_unavailable': False, 'install_base': '/root/ros2_ws/install/vesc_driver', 'merge_install': False, 'path': '/root/ros2_ws/src/vesc/vesc_driver', 'symlink_install': False, 'test_result_base': None}
[1.650s] Level 5:colcon.colcon_core.verb:set package 'vesc' build argument 'cmake_args' from command line to 'None'
[1.650s] Level 5:colcon.colcon_core.verb:set package 'vesc' build argument 'cmake_target' from command line to 'None'
[1.650s] Level 5:colcon.colcon_core.verb:set package 'vesc' build argument 'cmake_target_skip_unavailable' from command line to 'False'
[1.650s] Level 5:colcon.colcon_core.verb:set package 'vesc' build argument 'cmake_clean_cache' from command line to 'False'
[1.650s] Level 5:colcon.colcon_core.verb:set package 'vesc' build argument 'cmake_clean_first' from command line to 'False'
[1.651s] Level 5:colcon.colcon_core.verb:set package 'vesc' build argument 'cmake_force_configure' from command line to 'False'
[1.651s] Level 5:colcon.colcon_core.verb:set package 'vesc' build argument 'ament_cmake_args' from command line to 'None'
[1.651s] Level 5:colcon.colcon_core.verb:set package 'vesc' build argument 'catkin_cmake_args' from command line to 'None'
[1.651s] Level 5:colcon.colcon_core.verb:set package 'vesc' build argument 'catkin_skip_building_tests' from command line to 'False'
[1.651s] DEBUG:colcon.colcon_core.verb:Building package 'vesc' with the following arguments: {'ament_cmake_args': None, 'build_base': '/root/ros2_ws/build/vesc', 'catkin_cmake_args': None, 'catkin_skip_building_tests': False, 'cmake_args': None, 'cmake_clean_cache': False, 'cmake_clean_first': False, 'cmake_force_configure': False, 'cmake_target': None, 'cmake_target_skip_unavailable': False, 'install_base': '/root/ros2_ws/install/vesc', 'merge_install': False, 'path': '/root/ros2_ws/src/vesc/vesc', 'symlink_install': False, 'test_result_base': None}
[1.654s] INFO:colcon.colcon_core.executor:Executing jobs using 'parallel' executor
[1.670s] DEBUG:colcon.colcon_parallel_executor.executor.parallel:run_until_complete
[1.671s] INFO:colcon.colcon_ros.task.ament_cmake.build:Building ROS package in '/root/ros2_ws/src/vesc/vesc_msgs' with build type 'ament_cmake'
[1.672s] INFO:colcon.colcon_cmake.task.cmake.build:Building CMake package in '/root/ros2_ws/src/vesc/vesc_msgs'
[1.696s] INFO:colcon.colcon_core.plugin_system:Skipping extension 'colcon_core.shell.bat': Not used on non-Windows systems
[1.698s] INFO:colcon.colcon_core.shell:Skip shell extension 'powershell' for command environment: Not usable outside of PowerShell
[1.698s] DEBUG:colcon.colcon_core.shell:Skip shell extension 'dsv' for command environment
[1.744s] DEBUG:colcon.colcon_core.event_handler.log_command:Invoking command in '/root/ros2_ws/build/vesc_msgs': CMAKE_PREFIX_PATH=/opt/ros/foxy /usr/bin/cmake /root/ros2_ws/src/vesc/vesc_msgs -DCMAKE_INSTALL_PREFIX=/root/ros2_ws/install/vesc_msgs
[10.578s] DEBUG:colcon.colcon_core.event_handler.log_command:Invoked command in '/root/ros2_ws/build/vesc_msgs' returned '0': CMAKE_PREFIX_PATH=/opt/ros/foxy /usr/bin/cmake /root/ros2_ws/src/vesc/vesc_msgs -DCMAKE_INSTALL_PREFIX=/root/ros2_ws/install/vesc_msgs
[10.587s] DEBUG:colcon.colcon_core.event_handler.log_command:Invoking command in '/root/ros2_ws/build/vesc_msgs': CMAKE_PREFIX_PATH=/opt/ros/foxy /usr/bin/cmake --build /root/ros2_ws/build/vesc_msgs -- -j4 -l4
[36.721s] DEBUG:colcon.colcon_core.event_handler.log_command:Invoked command in '/root/ros2_ws/build/vesc_msgs' returned '0': CMAKE_PREFIX_PATH=/opt/ros/foxy /usr/bin/cmake --build /root/ros2_ws/build/vesc_msgs -- -j4 -l4
[37.038s] DEBUG:colcon.colcon_core.event_handler.log_command:Invoking command in '/root/ros2_ws/build/vesc_msgs': CMAKE_PREFIX_PATH=/opt/ros/foxy /usr/bin/cmake --install /root/ros2_ws/build/vesc_msgs
[37.304s] Level 1:colcon.colcon_core.environment:create_environment_scripts_only(vesc_msgs)
[37.306s] DEBUG:colcon.colcon_core.event_handler.log_command:Invoked command in '/root/ros2_ws/build/vesc_msgs' returned '0': CMAKE_PREFIX_PATH=/opt/ros/foxy /usr/bin/cmake --install /root/ros2_ws/build/vesc_msgs
[37.328s] Level 1:colcon.colcon_core.environment:checking '/root/ros2_ws/install/vesc_msgs' for CMake module files
[37.332s] Level 1:colcon.colcon_core.environment:checking '/root/ros2_ws/install/vesc_msgs' for CMake config files
[37.335s] Level 1:colcon.colcon_core.shell:create_environment_hook('vesc_msgs', 'cmake_prefix_path')
[37.341s] INFO:colcon.colcon_core.shell:Creating environment hook '/root/ros2_ws/install/vesc_msgs/share/vesc_msgs/hook/cmake_prefix_path.ps1'
[37.346s] INFO:colcon.colcon_core.shell:Creating environment descriptor '/root/ros2_ws/install/vesc_msgs/share/vesc_msgs/hook/cmake_prefix_path.dsv'
[37.348s] INFO:colcon.colcon_core.shell:Creating environment hook '/root/ros2_ws/install/vesc_msgs/share/vesc_msgs/hook/cmake_prefix_path.sh'
[37.352s] Level 1:colcon.colcon_core.environment:checking '/root/ros2_ws/install/vesc_msgs/lib'
[37.353s] Level 1:colcon.colcon_core.shell:create_environment_hook('vesc_msgs', 'ld_library_path_lib')
[37.359s] INFO:colcon.colcon_core.shell:Creating environment hook '/root/ros2_ws/install/vesc_msgs/share/vesc_msgs/hook/ld_library_path_lib.ps1'
[37.361s] INFO:colcon.colcon_core.shell:Creating environment descriptor '/root/ros2_ws/install/vesc_msgs/share/vesc_msgs/hook/ld_library_path_lib.dsv'
[37.363s] INFO:colcon.colcon_core.shell:Creating environment hook '/root/ros2_ws/install/vesc_msgs/share/vesc_msgs/hook/ld_library_path_lib.sh'
[37.364s] Level 1:colcon.colcon_core.environment:checking '/root/ros2_ws/install/vesc_msgs/bin'
[37.365s] Level 1:colcon.colcon_core.environment:checking '/root/ros2_ws/install/vesc_msgs/lib/pkgconfig/vesc_msgs.pc'
[37.368s] Level 1:colcon.colcon_core.environment:checking '/root/ros2_ws/install/vesc_msgs/lib/python3.8/site-packages'
[37.368s] Level 1:colcon.colcon_core.shell:create_environment_hook('vesc_msgs', 'pythonpath')
[37.375s] INFO:colcon.colcon_core.shell:Creating environment hook '/root/ros2_ws/install/vesc_msgs/share/vesc_msgs/hook/pythonpath.ps1'
[37.376s] INFO:colcon.colcon_core.shell:Creating environment descriptor '/root/ros2_ws/install/vesc_msgs/share/vesc_msgs/hook/pythonpath.dsv'
[37.377s] INFO:colcon.colcon_core.shell:Creating environment hook '/root/ros2_ws/install/vesc_msgs/share/vesc_msgs/hook/pythonpath.sh'
[37.379s] Level 1:colcon.colcon_core.environment:checking '/root/ros2_ws/install/vesc_msgs/bin'
[37.386s] INFO:colcon.colcon_core.shell:Creating package script '/root/ros2_ws/install/vesc_msgs/share/vesc_msgs/package.ps1'
[37.390s] INFO:colcon.colcon_core.shell:Creating package descriptor '/root/ros2_ws/install/vesc_msgs/share/vesc_msgs/package.dsv'
[37.393s] INFO:colcon.colcon_core.shell:Creating package script '/root/ros2_ws/install/vesc_msgs/share/vesc_msgs/package.sh'
[37.396s] INFO:colcon.colcon_core.shell:Creating package script '/root/ros2_ws/install/vesc_msgs/share/vesc_msgs/package.bash'
[37.399s] INFO:colcon.colcon_core.shell:Creating package script '/root/ros2_ws/install/vesc_msgs/share/vesc_msgs/package.zsh'
[37.401s] Level 1:colcon.colcon_core.environment:create_file_with_runtime_dependencies(/root/ros2_ws/install/vesc_msgs/share/colcon-core/packages/vesc_msgs)
[37.676s] Level 1:colcon.colcon_core.environment:create_environment_scripts_only(vesc_msgs)
[37.686s] Level 1:colcon.colcon_core.environment:checking '/root/ros2_ws/install/vesc_msgs' for CMake module files
[37.689s] Level 1:colcon.colcon_core.environment:checking '/root/ros2_ws/install/vesc_msgs' for CMake config files
[37.692s] Level 1:colcon.colcon_core.shell:create_environment_hook('vesc_msgs', 'cmake_prefix_path')
[37.698s] INFO:colcon.colcon_core.shell:Creating environment hook '/root/ros2_ws/install/vesc_msgs/share/vesc_msgs/hook/cmake_prefix_path.ps1'
[37.700s] INFO:colcon.colcon_core.shell:Creating environment descriptor '/root/ros2_ws/install/vesc_msgs/share/vesc_msgs/hook/cmake_prefix_path.dsv'
[37.702s] INFO:colcon.colcon_core.shell:Creating environment hook '/root/ros2_ws/install/vesc_msgs/share/vesc_msgs/hook/cmake_prefix_path.sh'
[37.705s] Level 1:colcon.colcon_core.environment:checking '/root/ros2_ws/install/vesc_msgs/lib'
[37.705s] Level 1:colcon.colcon_core.shell:create_environment_hook('vesc_msgs', 'ld_library_path_lib')
[37.712s] INFO:colcon.colcon_core.shell:Creating environment hook '/root/ros2_ws/install/vesc_msgs/share/vesc_msgs/hook/ld_library_path_lib.ps1'
[37.714s] INFO:colcon.colcon_core.shell:Creating environment descriptor '/root/ros2_ws/install/vesc_msgs/share/vesc_msgs/hook/ld_library_path_lib.dsv'
[37.715s] INFO:colcon.colcon_core.shell:Creating environment hook '/root/ros2_ws/install/vesc_msgs/share/vesc_msgs/hook/ld_library_path_lib.sh'
[37.716s] Level 1:colcon.colcon_core.environment:checking '/root/ros2_ws/install/vesc_msgs/bin'
[37.717s] Level 1:colcon.colcon_core.environment:checking '/root/ros2_ws/install/vesc_msgs/lib/pkgconfig/vesc_msgs.pc'
[37.718s] Level 1:colcon.colcon_core.environment:checking '/root/ros2_ws/install/vesc_msgs/lib/python3.8/site-packages'
[37.718s] Level 1:colcon.colcon_core.shell:create_environment_hook('vesc_msgs', 'pythonpath')
[37.724s] INFO:colcon.colcon_core.shell:Creating environment hook '/root/ros2_ws/install/vesc_msgs/share/vesc_msgs/hook/pythonpath.ps1'
[37.726s] INFO:colcon.colcon_core.shell:Creating environment descriptor '/root/ros2_ws/install/vesc_msgs/share/vesc_msgs/hook/pythonpath.dsv'
[37.727s] INFO:colcon.colcon_core.shell:Creating environment hook '/root/ros2_ws/install/vesc_msgs/share/vesc_msgs/hook/pythonpath.sh'
[37.729s] Level 1:colcon.colcon_core.environment:checking '/root/ros2_ws/install/vesc_msgs/bin'
[37.736s] INFO:colcon.colcon_core.shell:Creating package script '/root/ros2_ws/install/vesc_msgs/share/vesc_msgs/package.ps1'
[37.739s] INFO:colcon.colcon_core.shell:Creating package descriptor '/root/ros2_ws/install/vesc_msgs/share/vesc_msgs/package.dsv'
[37.742s] INFO:colcon.colcon_core.shell:Creating package script '/root/ros2_ws/install/vesc_msgs/share/vesc_msgs/package.sh'
[37.743s] INFO:colcon.colcon_core.shell:Creating package script '/root/ros2_ws/install/vesc_msgs/share/vesc_msgs/package.bash'
[37.745s] INFO:colcon.colcon_core.shell:Creating package script '/root/ros2_ws/install/vesc_msgs/share/vesc_msgs/package.zsh'
[37.746s] Level 1:colcon.colcon_core.environment:create_file_with_runtime_dependencies(/root/ros2_ws/install/vesc_msgs/share/colcon-core/packages/vesc_msgs)
[37.748s] INFO:colcon.colcon_ros.task.ament_cmake.build:Building ROS package in '/root/ros2_ws/src/vesc/vesc_ackermann' with build type 'ament_cmake'
[37.748s] INFO:colcon.colcon_cmake.task.cmake.build:Building CMake package in '/root/ros2_ws/src/vesc/vesc_ackermann'
[37.755s] INFO:colcon.colcon_core.shell:Skip shell extension 'powershell' for command environment: Not usable outside of PowerShell
[37.756s] DEBUG:colcon.colcon_core.shell:Skip shell extension 'dsv' for command environment
[37.782s] INFO:colcon.colcon_ros.task.ament_cmake.build:Building ROS package in '/root/ros2_ws/src/vesc/vesc_driver' with build type 'ament_cmake'
[37.783s] INFO:colcon.colcon_cmake.task.cmake.build:Building CMake package in '/root/ros2_ws/src/vesc/vesc_driver'
[37.791s] INFO:colcon.colcon_core.shell:Skip shell extension 'powershell' for command environment: Not usable outside of PowerShell
[37.792s] DEBUG:colcon.colcon_core.shell:Skip shell extension 'dsv' for command environment
[37.831s] DEBUG:colcon.colcon_core.event_handler.log_command:Invoking command in '/root/ros2_ws/build/vesc_ackermann': AMENT_PREFIX_PATH=/root/ros2_ws/install/vesc_msgs:${AMENT_PREFIX_PATH} CMAKE_PREFIX_PATH=/root/ros2_ws/install/vesc_msgs:/opt/ros/foxy LD_LIBRARY_PATH=/root/ros2_ws/install/vesc_msgs/lib:${LD_LIBRARY_PATH} PYTHONPATH=/root/ros2_ws/install/vesc_msgs/lib/python3.8/site-packages:${PYTHONPATH} /usr/bin/cmake /root/ros2_ws/src/vesc/vesc_ackermann -DCMAKE_INSTALL_PREFIX=/root/ros2_ws/install/vesc_ackermann
[37.846s] DEBUG:colcon.colcon_core.event_handler.log_command:Invoking command in '/root/ros2_ws/build/vesc_driver': AMENT_PREFIX_PATH=/root/ros2_ws/install/vesc_msgs:${AMENT_PREFIX_PATH} CMAKE_PREFIX_PATH=/root/ros2_ws/install/vesc_msgs:/opt/ros/foxy LD_LIBRARY_PATH=/root/ros2_ws/install/vesc_msgs/lib:${LD_LIBRARY_PATH} PYTHONPATH=/root/ros2_ws/install/vesc_msgs/lib/python3.8/site-packages:${PYTHONPATH} /usr/bin/cmake /root/ros2_ws/src/vesc/vesc_driver -DCMAKE_INSTALL_PREFIX=/root/ros2_ws/install/vesc_driver
[46.905s] DEBUG:colcon.colcon_core.event_handler.log_command:Invoked command in '/root/ros2_ws/build/vesc_ackermann' returned '0': AMENT_PREFIX_PATH=/root/ros2_ws/install/vesc_msgs:${AMENT_PREFIX_PATH} CMAKE_PREFIX_PATH=/root/ros2_ws/install/vesc_msgs:/opt/ros/foxy LD_LIBRARY_PATH=/root/ros2_ws/install/vesc_msgs/lib:${LD_LIBRARY_PATH} PYTHONPATH=/root/ros2_ws/install/vesc_msgs/lib/python3.8/site-packages:${PYTHONPATH} /usr/bin/cmake /root/ros2_ws/src/vesc/vesc_ackermann -DCMAKE_INSTALL_PREFIX=/root/ros2_ws/install/vesc_ackermann
[46.909s] DEBUG:colcon.colcon_core.event_handler.log_command:Invoking command in '/root/ros2_ws/build/vesc_ackermann': AMENT_PREFIX_PATH=/root/ros2_ws/install/vesc_msgs:${AMENT_PREFIX_PATH} CMAKE_PREFIX_PATH=/root/ros2_ws/install/vesc_msgs:/opt/ros/foxy LD_LIBRARY_PATH=/root/ros2_ws/install/vesc_msgs/lib:${LD_LIBRARY_PATH} PYTHONPATH=/root/ros2_ws/install/vesc_msgs/lib/python3.8/site-packages:${PYTHONPATH} /usr/bin/cmake --build /root/ros2_ws/build/vesc_ackermann -- -j4 -l4
[47.569s] DEBUG:colcon.colcon_core.event_handler.log_command:Invoked command in '/root/ros2_ws/build/vesc_driver' returned '0': AMENT_PREFIX_PATH=/root/ros2_ws/install/vesc_msgs:${AMENT_PREFIX_PATH} CMAKE_PREFIX_PATH=/root/ros2_ws/install/vesc_msgs:/opt/ros/foxy LD_LIBRARY_PATH=/root/ros2_ws/install/vesc_msgs/lib:${LD_LIBRARY_PATH} PYTHONPATH=/root/ros2_ws/install/vesc_msgs/lib/python3.8/site-packages:${PYTHONPATH} /usr/bin/cmake /root/ros2_ws/src/vesc/vesc_driver -DCMAKE_INSTALL_PREFIX=/root/ros2_ws/install/vesc_driver
[47.580s] DEBUG:colcon.colcon_core.event_handler.log_command:Invoking command in '/root/ros2_ws/build/vesc_driver': AMENT_PREFIX_PATH=/root/ros2_ws/install/vesc_msgs:${AMENT_PREFIX_PATH} CMAKE_PREFIX_PATH=/root/ros2_ws/install/vesc_msgs:/opt/ros/foxy LD_LIBRARY_PATH=/root/ros2_ws/install/vesc_msgs/lib:${LD_LIBRARY_PATH} PYTHONPATH=/root/ros2_ws/install/vesc_msgs/lib/python3.8/site-packages:${PYTHONPATH} /usr/bin/cmake --build /root/ros2_ws/build/vesc_driver -- -j4 -l4
[97.930s] DEBUG:colcon.colcon_core.event_handler.log_command:Invoked command in '/root/ros2_ws/build/vesc_ackermann' returned '0': AMENT_PREFIX_PATH=/root/ros2_ws/install/vesc_msgs:${AMENT_PREFIX_PATH} CMAKE_PREFIX_PATH=/root/ros2_ws/install/vesc_msgs:/opt/ros/foxy LD_LIBRARY_PATH=/root/ros2_ws/install/vesc_msgs/lib:${LD_LIBRARY_PATH} PYTHONPATH=/root/ros2_ws/install/vesc_msgs/lib/python3.8/site-packages:${PYTHONPATH} /usr/bin/cmake --build /root/ros2_ws/build/vesc_ackermann -- -j4 -l4
[98.044s] DEBUG:colcon.colcon_core.event_handler.log_command:Invoking command in '/root/ros2_ws/build/vesc_ackermann': AMENT_PREFIX_PATH=/root/ros2_ws/install/vesc_msgs:${AMENT_PREFIX_PATH} CMAKE_PREFIX_PATH=/root/ros2_ws/install/vesc_msgs:/opt/ros/foxy LD_LIBRARY_PATH=/root/ros2_ws/install/vesc_msgs/lib:${LD_LIBRARY_PATH} PYTHONPATH=/root/ros2_ws/install/vesc_msgs/lib/python3.8/site-packages:${PYTHONPATH} /usr/bin/cmake --install /root/ros2_ws/build/vesc_ackermann
[98.171s] Level 1:colcon.colcon_core.environment:create_environment_scripts_only(vesc_ackermann)
[98.186s] Level 1:colcon.colcon_core.environment:checking '/root/ros2_ws/install/vesc_ackermann' for CMake module files
[98.188s] DEBUG:colcon.colcon_core.event_handler.log_command:Invoked command in '/root/ros2_ws/build/vesc_ackermann' returned '0': AMENT_PREFIX_PATH=/root/ros2_ws/install/vesc_msgs:${AMENT_PREFIX_PATH} CMAKE_PREFIX_PATH=/root/ros2_ws/install/vesc_msgs:/opt/ros/foxy LD_LIBRARY_PATH=/root/ros2_ws/install/vesc_msgs/lib:${LD_LIBRARY_PATH} PYTHONPATH=/root/ros2_ws/install/vesc_msgs/lib/python3.8/site-packages:${PYTHONPATH} /usr/bin/cmake --install /root/ros2_ws/build/vesc_ackermann
[98.191s] Level 1:colcon.colcon_core.environment:checking '/root/ros2_ws/install/vesc_ackermann' for CMake config files
[98.192s] Level 1:colcon.colcon_core.shell:create_environment_hook('vesc_ackermann', 'cmake_prefix_path')
[98.200s] INFO:colcon.colcon_core.shell:Creating environment hook '/root/ros2_ws/install/vesc_ackermann/share/vesc_ackermann/hook/cmake_prefix_path.ps1'
[98.214s] INFO:colcon.colcon_core.shell:Creating environment descriptor '/root/ros2_ws/install/vesc_ackermann/share/vesc_ackermann/hook/cmake_prefix_path.dsv'
[98.220s] INFO:colcon.colcon_core.shell:Creating environment hook '/root/ros2_ws/install/vesc_ackermann/share/vesc_ackermann/hook/cmake_prefix_path.sh'
[98.223s] Level 1:colcon.colcon_core.environment:checking '/root/ros2_ws/install/vesc_ackermann/lib'
[98.223s] Level 1:colcon.colcon_core.shell:create_environment_hook('vesc_ackermann', 'ld_library_path_lib')
[98.230s] INFO:colcon.colcon_core.shell:Creating environment hook '/root/ros2_ws/install/vesc_ackermann/share/vesc_ackermann/hook/ld_library_path_lib.ps1'
[98.232s] INFO:colcon.colcon_core.shell:Creating environment descriptor '/root/ros2_ws/install/vesc_ackermann/share/vesc_ackermann/hook/ld_library_path_lib.dsv'
[98.233s] INFO:colcon.colcon_core.shell:Creating environment hook '/root/ros2_ws/install/vesc_ackermann/share/vesc_ackermann/hook/ld_library_path_lib.sh'
[98.235s] Level 1:colcon.colcon_core.environment:checking '/root/ros2_ws/install/vesc_ackermann/bin'
[98.235s] Level 1:colcon.colcon_core.environment:checking '/root/ros2_ws/install/vesc_ackermann/lib/pkgconfig/vesc_ackermann.pc'
[98.237s] Level 1:colcon.colcon_core.environment:checking '/root/ros2_ws/install/vesc_ackermann/lib/python3.8/site-packages'
[98.238s] Level 1:colcon.colcon_core.environment:checking '/root/ros2_ws/install/vesc_ackermann/bin'
[98.245s] INFO:colcon.colcon_core.shell:Creating package script '/root/ros2_ws/install/vesc_ackermann/share/vesc_ackermann/package.ps1'
[98.248s] INFO:colcon.colcon_core.shell:Creating package descriptor '/root/ros2_ws/install/vesc_ackermann/share/vesc_ackermann/package.dsv'
[98.252s] INFO:colcon.colcon_core.shell:Creating package script '/root/ros2_ws/install/vesc_ackermann/share/vesc_ackermann/package.sh'
[98.256s] INFO:colcon.colcon_core.shell:Creating package script '/root/ros2_ws/install/vesc_ackermann/share/vesc_ackermann/package.bash'
[98.260s] INFO:colcon.colcon_core.shell:Creating package script '/root/ros2_ws/install/vesc_ackermann/share/vesc_ackermann/package.zsh'
[98.264s] Level 1:colcon.colcon_core.environment:create_file_with_runtime_dependencies(/root/ros2_ws/install/vesc_ackermann/share/colcon-core/packages/vesc_ackermann)
[98.372s] Level 1:colcon.colcon_core.environment:create_environment_scripts_only(vesc_ackermann)
[98.382s] Level 1:colcon.colcon_core.environment:checking '/root/ros2_ws/install/vesc_ackermann' for CMake module files
[98.386s] Level 1:colcon.colcon_core.environment:checking '/root/ros2_ws/install/vesc_ackermann' for CMake config files
[98.388s] Level 1:colcon.colcon_core.shell:create_environment_hook('vesc_ackermann', 'cmake_prefix_path')
[98.395s] INFO:colcon.colcon_core.shell:Creating environment hook '/root/ros2_ws/install/vesc_ackermann/share/vesc_ackermann/hook/cmake_prefix_path.ps1'
[98.398s] INFO:colcon.colcon_core.shell:Creating environment descriptor '/root/ros2_ws/install/vesc_ackermann/share/vesc_ackermann/hook/cmake_prefix_path.dsv'
[98.399s] INFO:colcon.colcon_core.shell:Creating environment hook '/root/ros2_ws/install/vesc_ackermann/share/vesc_ackermann/hook/cmake_prefix_path.sh'
[98.402s] Level 1:colcon.colcon_core.environment:checking '/root/ros2_ws/install/vesc_ackermann/lib'
[98.402s] Level 1:colcon.colcon_core.shell:create_environment_hook('vesc_ackermann', 'ld_library_path_lib')
[98.409s] INFO:colcon.colcon_core.shell:Creating environment hook '/root/ros2_ws/install/vesc_ackermann/share/vesc_ackermann/hook/ld_library_path_lib.ps1'
[98.411s] INFO:colcon.colcon_core.shell:Creating environment descriptor '/root/ros2_ws/install/vesc_ackermann/share/vesc_ackermann/hook/ld_library_path_lib.dsv'
[98.412s] INFO:colcon.colcon_core.shell:Creating environment hook '/root/ros2_ws/install/vesc_ackermann/share/vesc_ackermann/hook/ld_library_path_lib.sh'
[98.414s] Level 1:colcon.colcon_core.environment:checking '/root/ros2_ws/install/vesc_ackermann/bin'
[98.415s] Level 1:colcon.colcon_core.environment:checking '/root/ros2_ws/install/vesc_ackermann/lib/pkgconfig/vesc_ackermann.pc'
[98.416s] Level 1:colcon.colcon_core.environment:checking '/root/ros2_ws/install/vesc_ackermann/lib/python3.8/site-packages'
[98.417s] Level 1:colcon.colcon_core.environment:checking '/root/ros2_ws/install/vesc_ackermann/bin'
[98.424s] INFO:colcon.colcon_core.shell:Creating package script '/root/ros2_ws/install/vesc_ackermann/share/vesc_ackermann/package.ps1'
[98.427s] INFO:colcon.colcon_core.shell:Creating package descriptor '/root/ros2_ws/install/vesc_ackermann/share/vesc_ackermann/package.dsv'
[98.429s] INFO:colcon.colcon_core.shell:Creating package script '/root/ros2_ws/install/vesc_ackermann/share/vesc_ackermann/package.sh'
[98.432s] INFO:colcon.colcon_core.shell:Creating package script '/root/ros2_ws/install/vesc_ackermann/share/vesc_ackermann/package.bash'
[98.434s] INFO:colcon.colcon_core.shell:Creating package script '/root/ros2_ws/install/vesc_ackermann/share/vesc_ackermann/package.zsh'
[98.436s] Level 1:colcon.colcon_core.environment:create_file_with_runtime_dependencies(/root/ros2_ws/install/vesc_ackermann/share/colcon-core/packages/vesc_ackermann)
[102.968s] DEBUG:colcon.colcon_core.event_handler.log_command:Invoked command in '/root/ros2_ws/build/vesc_driver' returned '0': AMENT_PREFIX_PATH=/root/ros2_ws/install/vesc_msgs:${AMENT_PREFIX_PATH} CMAKE_PREFIX_PATH=/root/ros2_ws/install/vesc_msgs:/opt/ros/foxy LD_LIBRARY_PATH=/root/ros2_ws/install/vesc_msgs/lib:${LD_LIBRARY_PATH} PYTHONPATH=/root/ros2_ws/install/vesc_msgs/lib/python3.8/site-packages:${PYTHONPATH} /usr/bin/cmake --build /root/ros2_ws/build/vesc_driver -- -j4 -l4
[103.084s] DEBUG:colcon.colcon_core.event_handler.log_command:Invoking command in '/root/ros2_ws/build/vesc_driver': AMENT_PREFIX_PATH=/root/ros2_ws/install/vesc_msgs:${AMENT_PREFIX_PATH} CMAKE_PREFIX_PATH=/root/ros2_ws/install/vesc_msgs:/opt/ros/foxy LD_LIBRARY_PATH=/root/ros2_ws/install/vesc_msgs/lib:${LD_LIBRARY_PATH} PYTHONPATH=/root/ros2_ws/install/vesc_msgs/lib/python3.8/site-packages:${PYTHONPATH} /usr/bin/cmake --install /root/ros2_ws/build/vesc_driver
[103.178s] Level 1:colcon.colcon_core.environment:create_environment_scripts_only(vesc_driver)
[103.189s] Level 1:colcon.colcon_core.environment:checking '/root/ros2_ws/install/vesc_driver' for CMake module files
[103.191s] DEBUG:colcon.colcon_core.event_handler.log_command:Invoked command in '/root/ros2_ws/build/vesc_driver' returned '0': AMENT_PREFIX_PATH=/root/ros2_ws/install/vesc_msgs:${AMENT_PREFIX_PATH} CMAKE_PREFIX_PATH=/root/ros2_ws/install/vesc_msgs:/opt/ros/foxy LD_LIBRARY_PATH=/root/ros2_ws/install/vesc_msgs/lib:${LD_LIBRARY_PATH} PYTHONPATH=/root/ros2_ws/install/vesc_msgs/lib/python3.8/site-packages:${PYTHONPATH} /usr/bin/cmake --install /root/ros2_ws/build/vesc_driver
[103.193s] Level 1:colcon.colcon_core.environment:checking '/root/ros2_ws/install/vesc_driver' for CMake config files
[103.196s] Level 1:colcon.colcon_core.shell:create_environment_hook('vesc_driver', 'cmake_prefix_path')
[103.202s] INFO:colcon.colcon_core.shell:Creating environment hook '/root/ros2_ws/install/vesc_driver/share/vesc_driver/hook/cmake_prefix_path.ps1'
[103.204s] INFO:colcon.colcon_core.shell:Creating environment descriptor '/root/ros2_ws/install/vesc_driver/share/vesc_driver/hook/cmake_prefix_path.dsv'
[103.205s] INFO:colcon.colcon_core.shell:Creating environment hook '/root/ros2_ws/install/vesc_driver/share/vesc_driver/hook/cmake_prefix_path.sh'
[103.207s] Level 1:colcon.colcon_core.environment:checking '/root/ros2_ws/install/vesc_driver/lib'
[103.207s] Level 1:colcon.colcon_core.shell:create_environment_hook('vesc_driver', 'ld_library_path_lib')
[103.214s] INFO:colcon.colcon_core.shell:Creating environment hook '/root/ros2_ws/install/vesc_driver/share/vesc_driver/hook/ld_library_path_lib.ps1'
[103.215s] INFO:colcon.colcon_core.shell:Creating environment descriptor '/root/ros2_ws/install/vesc_driver/share/vesc_driver/hook/ld_library_path_lib.dsv'
[103.216s] INFO:colcon.colcon_core.shell:Creating environment hook '/root/ros2_ws/install/vesc_driver/share/vesc_driver/hook/ld_library_path_lib.sh'
[103.217s] Level 1:colcon.colcon_core.environment:checking '/root/ros2_ws/install/vesc_driver/bin'
[103.218s] Level 1:colcon.colcon_core.environment:checking '/root/ros2_ws/install/vesc_driver/lib/pkgconfig/vesc_driver.pc'
[103.219s] Level 1:colcon.colcon_core.environment:checking '/root/ros2_ws/install/vesc_driver/lib/python3.8/site-packages'
[103.220s] Level 1:colcon.colcon_core.environment:checking '/root/ros2_ws/install/vesc_driver/bin'
[103.228s] INFO:colcon.colcon_core.shell:Creating package script '/root/ros2_ws/install/vesc_driver/share/vesc_driver/package.ps1'
[103.230s] INFO:colcon.colcon_core.shell:Creating package descriptor '/root/ros2_ws/install/vesc_driver/share/vesc_driver/package.dsv'
[103.232s] INFO:colcon.colcon_core.shell:Creating package script '/root/ros2_ws/install/vesc_driver/share/vesc_driver/package.sh'
[103.233s] INFO:colcon.colcon_core.shell:Creating package script '/root/ros2_ws/install/vesc_driver/share/vesc_driver/package.bash'
[103.234s] INFO:colcon.colcon_core.shell:Creating package script '/root/ros2_ws/install/vesc_driver/share/vesc_driver/package.zsh'
[103.236s] Level 1:colcon.colcon_core.environment:create_file_with_runtime_dependencies(/root/ros2_ws/install/vesc_driver/share/colcon-core/packages/vesc_driver)
[103.350s] Level 1:colcon.colcon_core.environment:create_environment_scripts_only(vesc_driver)
[103.361s] Level 1:colcon.colcon_core.environment:checking '/root/ros2_ws/install/vesc_driver' for CMake module files
[103.364s] Level 1:colcon.colcon_core.environment:checking '/root/ros2_ws/install/vesc_driver' for CMake config files
[103.365s] Level 1:colcon.colcon_core.shell:create_environment_hook('vesc_driver', 'cmake_prefix_path')
[103.372s] INFO:colcon.colcon_core.shell:Creating environment hook '/root/ros2_ws/install/vesc_driver/share/vesc_driver/hook/cmake_prefix_path.ps1'
[103.373s] INFO:colcon.colcon_core.shell:Creating environment descriptor '/root/ros2_ws/install/vesc_driver/share/vesc_driver/hook/cmake_prefix_path.dsv'
[103.375s] INFO:colcon.colcon_core.shell:Creating environment hook '/root/ros2_ws/install/vesc_driver/share/vesc_driver/hook/cmake_prefix_path.sh'
[103.377s] Level 1:colcon.colcon_core.environment:checking '/root/ros2_ws/install/vesc_driver/lib'
[103.377s] Level 1:colcon.colcon_core.shell:create_environment_hook('vesc_driver', 'ld_library_path_lib')
[103.384s] INFO:colcon.colcon_core.shell:Creating environment hook '/root/ros2_ws/install/vesc_driver/share/vesc_driver/hook/ld_library_path_lib.ps1'
[103.385s] INFO:colcon.colcon_core.shell:Creating environment descriptor '/root/ros2_ws/install/vesc_driver/share/vesc_driver/hook/ld_library_path_lib.dsv'
[103.386s] INFO:colcon.colcon_core.shell:Creating environment hook '/root/ros2_ws/install/vesc_driver/share/vesc_driver/hook/ld_library_path_lib.sh'
[103.388s] Level 1:colcon.colcon_core.environment:checking '/root/ros2_ws/install/vesc_driver/bin'
[103.388s] Level 1:colcon.colcon_core.environment:checking '/root/ros2_ws/install/vesc_driver/lib/pkgconfig/vesc_driver.pc'
[103.389s] Level 1:colcon.colcon_core.environment:checking '/root/ros2_ws/install/vesc_driver/lib/python3.8/site-packages'
[103.390s] Level 1:colcon.colcon_core.environment:checking '/root/ros2_ws/install/vesc_driver/bin'
[103.397s] INFO:colcon.colcon_core.shell:Creating package script '/root/ros2_ws/install/vesc_driver/share/vesc_driver/package.ps1'
[103.399s] INFO:colcon.colcon_core.shell:Creating package descriptor '/root/ros2_ws/install/vesc_driver/share/vesc_driver/package.dsv'
[103.402s] INFO:colcon.colcon_core.shell:Creating package script '/root/ros2_ws/install/vesc_driver/share/vesc_driver/package.sh'
[103.404s] INFO:colcon.colcon_core.shell:Creating package script '/root/ros2_ws/install/vesc_driver/share/vesc_driver/package.bash'
[103.406s] INFO:colcon.colcon_core.shell:Creating package script '/root/ros2_ws/install/vesc_driver/share/vesc_driver/package.zsh'
[103.407s] Level 1:colcon.colcon_core.environment:create_file_with_runtime_dependencies(/root/ros2_ws/install/vesc_driver/share/colcon-core/packages/vesc_driver)
[103.408s] INFO:colcon.colcon_ros.task.ament_cmake.build:Building ROS package in '/root/ros2_ws/src/vesc/vesc' with build type 'ament_cmake'
[103.409s] INFO:colcon.colcon_cmake.task.cmake.build:Building CMake package in '/root/ros2_ws/src/vesc/vesc'
[103.416s] INFO:colcon.colcon_core.shell:Skip shell extension 'powershell' for command environment: Not usable outside of PowerShell
[103.416s] DEBUG:colcon.colcon_core.shell:Skip shell extension 'dsv' for command environment
[103.499s] DEBUG:colcon.colcon_core.event_handler.log_command:Invoking command in '/root/ros2_ws/build/vesc': AMENT_PREFIX_PATH=/root/ros2_ws/install/vesc_driver:/root/ros2_ws/install/vesc_ackermann:/root/ros2_ws/install/vesc_msgs:${AMENT_PREFIX_PATH} CMAKE_PREFIX_PATH=/root/ros2_ws/install/vesc_driver:/root/ros2_ws/install/vesc_ackermann:/root/ros2_ws/install/vesc_msgs:/opt/ros/foxy LD_LIBRARY_PATH=/root/ros2_ws/install/vesc_driver/lib:/root/ros2_ws/install/vesc_ackermann/lib:/root/ros2_ws/install/vesc_msgs/lib:${LD_LIBRARY_PATH} PYTHONPATH=/root/ros2_ws/install/vesc_msgs/lib/python3.8/site-packages:${PYTHONPATH} /usr/bin/cmake /root/ros2_ws/src/vesc/vesc -DCMAKE_INSTALL_PREFIX=/root/ros2_ws/install/vesc
[107.114s] DEBUG:colcon.colcon_core.event_handler.log_command:Invoked command in '/root/ros2_ws/build/vesc' returned '0': AMENT_PREFIX_PATH=/root/ros2_ws/install/vesc_driver:/root/ros2_ws/install/vesc_ackermann:/root/ros2_ws/install/vesc_msgs:${AMENT_PREFIX_PATH} CMAKE_PREFIX_PATH=/root/ros2_ws/install/vesc_driver:/root/ros2_ws/install/vesc_ackermann:/root/ros2_ws/install/vesc_msgs:/opt/ros/foxy LD_LIBRARY_PATH=/root/ros2_ws/install/vesc_driver/lib:/root/ros2_ws/install/vesc_ackermann/lib:/root/ros2_ws/install/vesc_msgs/lib:${LD_LIBRARY_PATH} PYTHONPATH=/root/ros2_ws/install/vesc_msgs/lib/python3.8/site-packages:${PYTHONPATH} /usr/bin/cmake /root/ros2_ws/src/vesc/vesc -DCMAKE_INSTALL_PREFIX=/root/ros2_ws/install/vesc
[107.121s] DEBUG:colcon.colcon_core.event_handler.log_command:Invoking command in '/root/ros2_ws/build/vesc': AMENT_PREFIX_PATH=/root/ros2_ws/install/vesc_driver:/root/ros2_ws/install/vesc_ackermann:/root/ros2_ws/install/vesc_msgs:${AMENT_PREFIX_PATH} CMAKE_PREFIX_PATH=/root/ros2_ws/install/vesc_driver:/root/ros2_ws/install/vesc_ackermann:/root/ros2_ws/install/vesc_msgs:/opt/ros/foxy LD_LIBRARY_PATH=/root/ros2_ws/install/vesc_driver/lib:/root/ros2_ws/install/vesc_ackermann/lib:/root/ros2_ws/install/vesc_msgs/lib:${LD_LIBRARY_PATH} PYTHONPATH=/root/ros2_ws/install/vesc_msgs/lib/python3.8/site-packages:${PYTHONPATH} /usr/bin/cmake --build /root/ros2_ws/build/vesc -- -j4 -l4
[107.267s] DEBUG:colcon.colcon_core.event_handler.log_command:Invoked command in '/root/ros2_ws/build/vesc' returned '0': AMENT_PREFIX_PATH=/root/ros2_ws/install/vesc_driver:/root/ros2_ws/install/vesc_ackermann:/root/ros2_ws/install/vesc_msgs:${AMENT_PREFIX_PATH} CMAKE_PREFIX_PATH=/root/ros2_ws/install/vesc_driver:/root/ros2_ws/install/vesc_ackermann:/root/ros2_ws/install/vesc_msgs:/opt/ros/foxy LD_LIBRARY_PATH=/root/ros2_ws/install/vesc_driver/lib:/root/ros2_ws/install/vesc_ackermann/lib:/root/ros2_ws/install/vesc_msgs/lib:${LD_LIBRARY_PATH} PYTHONPATH=/root/ros2_ws/install/vesc_msgs/lib/python3.8/site-packages:${PYTHONPATH} /usr/bin/cmake --build /root/ros2_ws/build/vesc -- -j4 -l4
[107.337s] DEBUG:colcon.colcon_core.event_handler.log_command:Invoking command in '/root/ros2_ws/build/vesc': AMENT_PREFIX_PATH=/root/ros2_ws/install/vesc_driver:/root/ros2_ws/install/vesc_ackermann:/root/ros2_ws/install/vesc_msgs:${AMENT_PREFIX_PATH} CMAKE_PREFIX_PATH=/root/ros2_ws/install/vesc_driver:/root/ros2_ws/install/vesc_ackermann:/root/ros2_ws/install/vesc_msgs:/opt/ros/foxy LD_LIBRARY_PATH=/root/ros2_ws/install/vesc_driver/lib:/root/ros2_ws/install/vesc_ackermann/lib:/root/ros2_ws/install/vesc_msgs/lib:${LD_LIBRARY_PATH} PYTHONPATH=/root/ros2_ws/install/vesc_msgs/lib/python3.8/site-packages:${PYTHONPATH} /usr/bin/cmake --install /root/ros2_ws/build/vesc
[107.382s] Level 1:colcon.colcon_core.environment:create_environment_scripts_only(vesc)
[107.393s] Level 1:colcon.colcon_core.environment:checking '/root/ros2_ws/install/vesc' for CMake module files
[107.394s] DEBUG:colcon.colcon_core.event_handler.log_command:Invoked command in '/root/ros2_ws/build/vesc' returned '0': AMENT_PREFIX_PATH=/root/ros2_ws/install/vesc_driver:/root/ros2_ws/install/vesc_ackermann:/root/ros2_ws/install/vesc_msgs:${AMENT_PREFIX_PATH} CMAKE_PREFIX_PATH=/root/ros2_ws/install/vesc_driver:/root/ros2_ws/install/vesc_ackermann:/root/ros2_ws/install/vesc_msgs:/opt/ros/foxy LD_LIBRARY_PATH=/root/ros2_ws/install/vesc_driver/lib:/root/ros2_ws/install/vesc_ackermann/lib:/root/ros2_ws/install/vesc_msgs/lib:${LD_LIBRARY_PATH} PYTHONPATH=/root/ros2_ws/install/vesc_msgs/lib/python3.8/site-packages:${PYTHONPATH} /usr/bin/cmake --install /root/ros2_ws/build/vesc
[107.396s] Level 1:colcon.colcon_core.environment:checking '/root/ros2_ws/install/vesc' for CMake config files
[107.396s] Level 1:colcon.colcon_core.shell:create_environment_hook('vesc', 'cmake_prefix_path')
[107.403s] INFO:colcon.colcon_core.shell:Creating environment hook '/root/ros2_ws/install/vesc/share/vesc/hook/cmake_prefix_path.ps1'
[107.404s] INFO:colcon.colcon_core.shell:Creating environment descriptor '/root/ros2_ws/install/vesc/share/vesc/hook/cmake_prefix_path.dsv'
[107.406s] INFO:colcon.colcon_core.shell:Creating environment hook '/root/ros2_ws/install/vesc/share/vesc/hook/cmake_prefix_path.sh'
[107.408s] Level 1:colcon.colcon_core.environment:checking '/root/ros2_ws/install/vesc/bin'
[107.408s] Level 1:colcon.colcon_core.environment:checking '/root/ros2_ws/install/vesc/lib/pkgconfig/vesc.pc'
[107.409s] Level 1:colcon.colcon_core.environment:checking '/root/ros2_ws/install/vesc/lib/python3.8/site-packages'
[107.410s] Level 1:colcon.colcon_core.environment:checking '/root/ros2_ws/install/vesc/bin'
[107.416s] INFO:colcon.colcon_core.shell:Creating package script '/root/ros2_ws/install/vesc/share/vesc/package.ps1'
[107.418s] INFO:colcon.colcon_core.shell:Creating package descriptor '/root/ros2_ws/install/vesc/share/vesc/package.dsv'
[107.420s] INFO:colcon.colcon_core.shell:Creating package script '/root/ros2_ws/install/vesc/share/vesc/package.sh'
[107.422s] INFO:colcon.colcon_core.shell:Creating package script '/root/ros2_ws/install/vesc/share/vesc/package.bash'
[107.423s] INFO:colcon.colcon_core.shell:Creating package script '/root/ros2_ws/install/vesc/share/vesc/package.zsh'
[107.425s] Level 1:colcon.colcon_core.environment:create_file_with_runtime_dependencies(/root/ros2_ws/install/vesc/share/colcon-core/packages/vesc)
[107.498s] Level 1:colcon.colcon_core.environment:create_environment_scripts_only(vesc)
[107.507s] Level 1:colcon.colcon_core.environment:checking '/root/ros2_ws/install/vesc' for CMake module files
[107.509s] Level 1:colcon.colcon_core.environment:checking '/root/ros2_ws/install/vesc' for CMake config files
[107.510s] Level 1:colcon.colcon_core.shell:create_environment_hook('vesc', 'cmake_prefix_path')
[107.516s] INFO:colcon.colcon_core.shell:Creating environment hook '/root/ros2_ws/install/vesc/share/vesc/hook/cmake_prefix_path.ps1'
[107.518s] INFO:colcon.colcon_core.shell:Creating environment descriptor '/root/ros2_ws/install/vesc/share/vesc/hook/cmake_prefix_path.dsv'
[107.520s] INFO:colcon.colcon_core.shell:Creating environment hook '/root/ros2_ws/install/vesc/share/vesc/hook/cmake_prefix_path.sh'
[107.523s] Level 1:colcon.colcon_core.environment:checking '/root/ros2_ws/install/vesc/bin'
[107.524s] Level 1:colcon.colcon_core.environment:checking '/root/ros2_ws/install/vesc/lib/pkgconfig/vesc.pc'
[107.524s] Level 1:colcon.colcon_core.environment:checking '/root/ros2_ws/install/vesc/lib/python3.8/site-packages'
[107.525s] Level 1:colcon.colcon_core.environment:checking '/root/ros2_ws/install/vesc/bin'
[107.532s] INFO:colcon.colcon_core.shell:Creating package script '/root/ros2_ws/install/vesc/share/vesc/package.ps1'
[107.535s] INFO:colcon.colcon_core.shell:Creating package descriptor '/root/ros2_ws/install/vesc/share/vesc/package.dsv'
[107.537s] INFO:colcon.colcon_core.shell:Creating package script '/root/ros2_ws/install/vesc/share/vesc/package.sh'
[107.539s] INFO:colcon.colcon_core.shell:Creating package script '/root/ros2_ws/install/vesc/share/vesc/package.bash'
[107.541s] INFO:colcon.colcon_core.shell:Creating package script '/root/ros2_ws/install/vesc/share/vesc/package.zsh'
[107.543s] Level 1:colcon.colcon_core.environment:create_file_with_runtime_dependencies(/root/ros2_ws/install/vesc/share/colcon-core/packages/vesc)
[107.544s] DEBUG:colcon.colcon_parallel_executor.executor.parallel:closing loop
[107.546s] DEBUG:colcon.colcon_parallel_executor.executor.parallel:loop closed
[107.546s] DEBUG:colcon.colcon_parallel_executor.executor.parallel:run_until_complete finished with '0'
[107.547s] DEBUG:colcon.colcon_core.event_reactor:joining thread
[107.630s] INFO:colcon.colcon_core.plugin_system:Skipping extension 'colcon_notification.desktop_notification.notify_send': Could not find 'notify-send'
[107.631s] INFO:colcon.colcon_core.plugin_system:Skipping extension 'colcon_notification.desktop_notification.terminal_notifier': Not used on non-Darwin systems
[107.631s] INFO:colcon.colcon_core.plugin_system:Skipping extension 'colcon_notification.desktop_notification.win32': Not used on non-Windows systems
[107.631s] INFO:colcon.colcon_notification.desktop_notification:Sending desktop notification using 'notify2'
[107.670s] DEBUG:colcon.colcon_notification.desktop_notification.notify2:Failed to initialize notify2: org.freedesktop.DBus.Error.Spawn.ExecFailed: /usr/bin/dbus-launch terminated abnormally without any error message
[107.671s] DEBUG:colcon.colcon_core.event_reactor:joined thread
[107.679s] INFO:colcon.colcon_core.shell:Creating prefix script '/root/ros2_ws/install/local_setup.ps1'
[107.687s] INFO:colcon.colcon_core.shell:Creating prefix util module '/root/ros2_ws/install/_local_setup_util_ps1.py'
[107.694s] INFO:colcon.colcon_core.shell:Creating prefix chain script '/root/ros2_ws/install/setup.ps1'
[107.700s] INFO:colcon.colcon_core.shell:Creating prefix script '/root/ros2_ws/install/local_setup.sh'
[107.703s] INFO:colcon.colcon_core.shell:Creating prefix util module '/root/ros2_ws/install/_local_setup_util_sh.py'
[107.706s] INFO:colcon.colcon_core.shell:Creating prefix chain script '/root/ros2_ws/install/setup.sh'
[107.712s] INFO:colcon.colcon_core.shell:Creating prefix script '/root/ros2_ws/install/local_setup.bash'
[107.714s] INFO:colcon.colcon_core.shell:Creating prefix chain script '/root/ros2_ws/install/setup.bash'
[107.720s] INFO:colcon.colcon_core.shell:Creating prefix script '/root/ros2_ws/install/local_setup.zsh'
[107.723s] INFO:colcon.colcon_core.shell:Creating prefix chain script '/root/ros2_ws/install/setup.zsh'
