-- Found ament_cmake_auto: 0.9.12 (/opt/ros/foxy/share/ament_cmake_auto/cmake)
-- Using PYTHON_EXECUTABLE: /usr/bin/python3
-- Override CMake install command with custom implementation using symlinks instead of copying resources
-- Using all available rosidl_typesupport_c: rosidl_typesupport_fastrtps_c;rosidl_typesupport_introspection_c
-- Found rosidl_adapter: 1.3.1 (/opt/ros/foxy/share/rosidl_adapter/cmake)
-- Using all available rosidl_typesupport_cpp: rosidl_typesupport_fastrtps_cpp;rosidl_typesupport_introspection_cpp
-- Found rmw_implementation_cmake: 1.0.4 (/opt/ros/foxy/share/rmw_implementation_cmake/cmake)
-- Using RMW implementation 'rmw_fastrtps_cpp' as default
-- Found ament_lint_auto: 0.9.8 (/opt/ros/foxy/share/ament_lint_auto/cmake)
-- Added test 'copyright' to check source files copyright and LICENSE
-- Added test 'cppcheck' to perform static code analysis on C / C++ code
-- Configured cppcheck include dirs: /root/ros2_ws/src/vesc/vesc_driver/include
-- Configured cppcheck exclude dirs and/or files: 
-- Added test 'cpplint' to check C / C++ code against the Google style
-- Configured cpplint exclude dirs and/or files: 
-- Added test 'flake8' to check Python code syntax and style conventions
-- Added test 'lint_cmake' to check CMake code style
-- Added test 'pep257' to check Python code against some of the style conventions in PEP 257
-- Added test 'uncrustify' to check C / C++ code style
-- Configured uncrustify additional arguments: 
-- Added test 'xmllint' to check XML markup files
-- Configuring done
-- Generating done
-- Build files have been written to: /root/ros2_ws/build/vesc_driver
[ 10%] [32m[1mLinking CXX shared library libvesc_driver.so[0m
[ 50%] Built target vesc_driver
[ 60%] [32m[1mLinking CXX executable vesc_driver_node[0m
[ 70%] Built target vesc_driver_node
[ 80%] [32m[1mLinking CXX executable vesc_device_namer[0m
[100%] Built target vesc_device_namer
-- Install configuration: ""
-- Execute custom install script
-- Symlinking: /root/ros2_ws/install/vesc_driver/lib/vesc_driver/vesc_driver_node
-- Symlinking: /root/ros2_ws/install/vesc_driver/include/vesc_driver/crc.hpp
-- Symlinking: /root/ros2_ws/install/vesc_driver/include/vesc_driver/datatypes.hpp
-- Symlinking: /root/ros2_ws/install/vesc_driver/include/vesc_driver/vesc_device_uuid_lookup.hpp
-- Symlinking: /root/ros2_ws/install/vesc_driver/include/vesc_driver/vesc_driver.hpp
-- Symlinking: /root/ros2_ws/install/vesc_driver/include/vesc_driver/vesc_interface.hpp
-- Symlinking: /root/ros2_ws/install/vesc_driver/include/vesc_driver/vesc_packet.hpp
-- Symlinking: /root/ros2_ws/install/vesc_driver/include/vesc_driver/vesc_packet_factory.hpp
-- Symlinking: /root/ros2_ws/install/vesc_driver/share/vesc_driver/environment/library_path.sh
-- Symlinking: /root/ros2_ws/install/vesc_driver/share/vesc_driver/environment/library_path.dsv
-- Symlinking: /root/ros2_ws/install/vesc_driver/lib/libvesc_driver.so
-- Symlinking: /root/ros2_ws/install/vesc_driver/lib/vesc_driver/vesc_device_namer
-- Symlinking: /root/ros2_ws/install/vesc_driver/share/vesc_driver/launch/vesc_driver_node.launch.py
-- Symlinking: /root/ros2_ws/install/vesc_driver/share/vesc_driver/params/vesc_config.yaml
-- Symlinking: /root/ros2_ws/install/vesc_driver/share/ament_index/resource_index/package_run_dependencies/vesc_driver
-- Symlinking: /root/ros2_ws/install/vesc_driver/share/ament_index/resource_index/parent_prefix_path/vesc_driver
-- Symlinking: /root/ros2_ws/install/vesc_driver/share/vesc_driver/environment/ament_prefix_path.sh
-- Symlinking: /root/ros2_ws/install/vesc_driver/share/vesc_driver/environment/ament_prefix_path.dsv
-- Symlinking: /root/ros2_ws/install/vesc_driver/share/vesc_driver/environment/path.sh
-- Symlinking: /root/ros2_ws/install/vesc_driver/share/vesc_driver/environment/path.dsv
-- Symlinking: /root/ros2_ws/install/vesc_driver/share/vesc_driver/local_setup.bash
-- Symlinking: /root/ros2_ws/install/vesc_driver/share/vesc_driver/local_setup.sh
-- Symlinking: /root/ros2_ws/install/vesc_driver/share/vesc_driver/local_setup.zsh
-- Symlinking: /root/ros2_ws/install/vesc_driver/share/vesc_driver/local_setup.dsv
-- Symlinking: /root/ros2_ws/install/vesc_driver/share/vesc_driver/package.dsv
-- Symlinking: /root/ros2_ws/install/vesc_driver/share/ament_index/resource_index/packages/vesc_driver
-- Symlinking: /root/ros2_ws/install/vesc_driver/share/ament_index/resource_index/rclcpp_components/vesc_driver
-- Symlinking: /root/ros2_ws/install/vesc_driver/share/vesc_driver/cmake/ament_cmake_export_dependencies-extras.cmake
-- Symlinking: /root/ros2_ws/install/vesc_driver/share/vesc_driver/cmake/ament_cmake_export_include_directories-extras.cmake
-- Symlinking: /root/ros2_ws/install/vesc_driver/share/vesc_driver/cmake/ament_cmake_export_libraries-extras.cmake
-- Symlinking: /root/ros2_ws/install/vesc_driver/share/vesc_driver/cmake/vesc_driverConfig.cmake
-- Symlinking: /root/ros2_ws/install/vesc_driver/share/vesc_driver/cmake/vesc_driverConfig-version.cmake
-- Symlinking: /root/ros2_ws/install/vesc_driver/share/vesc_driver/package.xml
