[0.273s] Invoking command in '/root/ros2_ws/build/vesc_ackermann': CMAKE_PREFIX_PATH=/root/ros2_ws/install/vesc_msgs:/root/ros2_ws/install/vesc:/root/ros2_ws/install/vesc_driver:/root/ros2_ws/install/vesc_ackermann:/root/ros2_ws/install/my_f1tenth_pkg:/opt/ros/foxy LD_LIBRARY_PATH=/root/ros2_ws/install/vesc_msgs/lib:/root/ros2_ws/install/vesc_driver/lib:/root/ros2_ws/install/vesc_ackermann/lib:/opt/ros/foxy/opt/yaml_cpp_vendor/lib:/opt/ros/foxy/opt/rviz_ogre_vendor/lib:/opt/ros/foxy/lib/aarch64-linux-gnu:/opt/ros/foxy/lib /usr/bin/cmake /root/ros2_ws/src/vesc/vesc_ackermann -DAMENT_CMAKE_SYMLINK_INSTALL=1 -DCMAKE_INSTALL_PREFIX=/root/ros2_ws/install/vesc_ackermann
[0.422s] -- Found ament_cmake_auto: 0.9.12 (/opt/ros/foxy/share/ament_cmake_auto/cmake)
[0.729s] -- Using PYTHON_EXECUTABLE: /usr/bin/python3
[2.828s] -- Override CMake install command with custom implementation using symlinks instead of copying resources
[3.988s] -- Using all available rosidl_typesupport_c: rosidl_typesupport_fastrtps_c;rosidl_typesupport_introspection_c
[4.026s] -- Found rosidl_adapter: 1.3.1 (/opt/ros/foxy/share/rosidl_adapter/cmake)
[5.329s] -- Using all available rosidl_typesupport_cpp: rosidl_typesupport_fastrtps_cpp;rosidl_typesupport_introspection_cpp
[7.770s] -- Found rmw_implementation_cmake: 1.0.4 (/opt/ros/foxy/share/rmw_implementation_cmake/cmake)
[7.778s] -- Using RMW implementation 'rmw_fastrtps_cpp' as default
[11.205s] -- Found ament_lint_auto: 0.9.8 (/opt/ros/foxy/share/ament_lint_auto/cmake)
[11.342s] -- Added test 'copyright' to check source files copyright and LICENSE
[11.352s] -- Added test 'cppcheck' to perform static code analysis on C / C++ code
[11.354s] -- Configured cppcheck include dirs: /root/ros2_ws/src/vesc/vesc_ackermann/include
[11.355s] -- Configured cppcheck exclude dirs and/or files: 
[11.366s] -- Added test 'cpplint' to check C / C++ code against the Google style
[11.367s] -- Configured cpplint exclude dirs and/or files: 
[11.374s] -- Added test 'lint_cmake' to check CMake code style
[11.381s] -- Added test 'uncrustify' to check C / C++ code style
[11.382s] -- Configured uncrustify additional arguments: 
[11.395s] -- Added test 'xmllint' to check XML markup files
[11.438s] -- Configuring done
[11.608s] -- Generating done
[11.618s] -- Build files have been written to: /root/ros2_ws/build/vesc_ackermann
[11.664s] Invoked command in '/root/ros2_ws/build/vesc_ackermann' returned '0': CMAKE_PREFIX_PATH=/root/ros2_ws/install/vesc_msgs:/root/ros2_ws/install/vesc:/root/ros2_ws/install/vesc_driver:/root/ros2_ws/install/vesc_ackermann:/root/ros2_ws/install/my_f1tenth_pkg:/opt/ros/foxy LD_LIBRARY_PATH=/root/ros2_ws/install/vesc_msgs/lib:/root/ros2_ws/install/vesc_driver/lib:/root/ros2_ws/install/vesc_ackermann/lib:/opt/ros/foxy/opt/yaml_cpp_vendor/lib:/opt/ros/foxy/opt/rviz_ogre_vendor/lib:/opt/ros/foxy/lib/aarch64-linux-gnu:/opt/ros/foxy/lib /usr/bin/cmake /root/ros2_ws/src/vesc/vesc_ackermann -DAMENT_CMAKE_SYMLINK_INSTALL=1 -DCMAKE_INSTALL_PREFIX=/root/ros2_ws/install/vesc_ackermann
[11.665s] Invoking command in '/root/ros2_ws/build/vesc_ackermann': CMAKE_PREFIX_PATH=/root/ros2_ws/install/vesc_msgs:/root/ros2_ws/install/vesc:/root/ros2_ws/install/vesc_driver:/root/ros2_ws/install/vesc_ackermann:/root/ros2_ws/install/my_f1tenth_pkg:/opt/ros/foxy LD_LIBRARY_PATH=/root/ros2_ws/install/vesc_msgs/lib:/root/ros2_ws/install/vesc_driver/lib:/root/ros2_ws/install/vesc_ackermann/lib:/opt/ros/foxy/opt/yaml_cpp_vendor/lib:/opt/ros/foxy/opt/rviz_ogre_vendor/lib:/opt/ros/foxy/lib/aarch64-linux-gnu:/opt/ros/foxy/lib /usr/bin/cmake --build /root/ros2_ws/build/vesc_ackermann -- -j4 -l4
[12.121s] [ 14%] [32m[1mLinking CXX executable ackermann_to_vesc_node[0m
[13.275s] [ 28%] Built target ackermann_to_vesc_node
[13.511s] [ 42%] [32m[1mLinking CXX shared library libvesc_ackermann.so[0m
[17.158s] [ 71%] Built target vesc_ackermann
[17.316s] [ 85%] [32m[1mLinking CXX executable vesc_to_odom_node[0m
[18.012s] [100%] Built target vesc_to_odom_node
[18.065s] Invoked command in '/root/ros2_ws/build/vesc_ackermann' returned '0': CMAKE_PREFIX_PATH=/root/ros2_ws/install/vesc_msgs:/root/ros2_ws/install/vesc:/root/ros2_ws/install/vesc_driver:/root/ros2_ws/install/vesc_ackermann:/root/ros2_ws/install/my_f1tenth_pkg:/opt/ros/foxy LD_LIBRARY_PATH=/root/ros2_ws/install/vesc_msgs/lib:/root/ros2_ws/install/vesc_driver/lib:/root/ros2_ws/install/vesc_ackermann/lib:/opt/ros/foxy/opt/yaml_cpp_vendor/lib:/opt/ros/foxy/opt/rviz_ogre_vendor/lib:/opt/ros/foxy/lib/aarch64-linux-gnu:/opt/ros/foxy/lib /usr/bin/cmake --build /root/ros2_ws/build/vesc_ackermann -- -j4 -l4
[18.231s] Invoking command in '/root/ros2_ws/build/vesc_ackermann': CMAKE_PREFIX_PATH=/root/ros2_ws/install/vesc_msgs:/root/ros2_ws/install/vesc:/root/ros2_ws/install/vesc_driver:/root/ros2_ws/install/vesc_ackermann:/root/ros2_ws/install/my_f1tenth_pkg:/opt/ros/foxy LD_LIBRARY_PATH=/root/ros2_ws/install/vesc_msgs/lib:/root/ros2_ws/install/vesc_driver/lib:/root/ros2_ws/install/vesc_ackermann/lib:/opt/ros/foxy/opt/yaml_cpp_vendor/lib:/opt/ros/foxy/opt/rviz_ogre_vendor/lib:/opt/ros/foxy/lib/aarch64-linux-gnu:/opt/ros/foxy/lib /usr/bin/cmake --install /root/ros2_ws/build/vesc_ackermann
[18.277s] -- Install configuration: ""
[18.279s] -- Execute custom install script
[18.283s] -- Symlinking: /root/ros2_ws/install/vesc_ackermann/lib/vesc_ackermann/ackermann_to_vesc_node
[18.328s] -- Symlinking: /root/ros2_ws/install/vesc_ackermann/lib/vesc_ackermann/vesc_to_odom_node
[18.375s] -- Symlinking: /root/ros2_ws/install/vesc_ackermann/include/vesc_ackermann/ackermann_to_vesc.hpp
[18.420s] -- Symlinking: /root/ros2_ws/install/vesc_ackermann/include/vesc_ackermann/vesc_to_odom.hpp
[18.473s] -- Symlinking: /root/ros2_ws/install/vesc_ackermann/share/vesc_ackermann/environment/library_path.sh
[18.506s] -- Symlinking: /root/ros2_ws/install/vesc_ackermann/share/vesc_ackermann/environment/library_path.dsv
[18.548s] -- Symlinking: /root/ros2_ws/install/vesc_ackermann/lib/libvesc_ackermann.so
[18.599s] -- Symlinking: /root/ros2_ws/install/vesc_ackermann/share/vesc_ackermann/launch/ackermann_to_vesc_node.launch.xml
[18.644s] -- Symlinking: /root/ros2_ws/install/vesc_ackermann/share/vesc_ackermann/launch/vesc_to_odom_node.launch.xml
[18.692s] -- Symlinking: /root/ros2_ws/install/vesc_ackermann/share/ament_index/resource_index/package_run_dependencies/vesc_ackermann
[18.738s] -- Symlinking: /root/ros2_ws/install/vesc_ackermann/share/ament_index/resource_index/parent_prefix_path/vesc_ackermann
[18.778s] -- Symlinking: /root/ros2_ws/install/vesc_ackermann/share/vesc_ackermann/environment/ament_prefix_path.sh
[18.822s] -- Symlinking: /root/ros2_ws/install/vesc_ackermann/share/vesc_ackermann/environment/ament_prefix_path.dsv
[18.863s] -- Symlinking: /root/ros2_ws/install/vesc_ackermann/share/vesc_ackermann/environment/path.sh
[18.904s] -- Symlinking: /root/ros2_ws/install/vesc_ackermann/share/vesc_ackermann/environment/path.dsv
[18.946s] -- Symlinking: /root/ros2_ws/install/vesc_ackermann/share/vesc_ackermann/local_setup.bash
[18.983s] -- Symlinking: /root/ros2_ws/install/vesc_ackermann/share/vesc_ackermann/local_setup.sh
[19.022s] -- Symlinking: /root/ros2_ws/install/vesc_ackermann/share/vesc_ackermann/local_setup.zsh
[19.065s] -- Symlinking: /root/ros2_ws/install/vesc_ackermann/share/vesc_ackermann/local_setup.dsv
[19.104s] -- Symlinking: /root/ros2_ws/install/vesc_ackermann/share/vesc_ackermann/package.dsv
[19.144s] -- Symlinking: /root/ros2_ws/install/vesc_ackermann/share/ament_index/resource_index/packages/vesc_ackermann
[19.180s] -- Symlinking: /root/ros2_ws/install/vesc_ackermann/share/ament_index/resource_index/rclcpp_components/vesc_ackermann
[19.220s] -- Symlinking: /root/ros2_ws/install/vesc_ackermann/share/vesc_ackermann/cmake/ament_cmake_export_dependencies-extras.cmake
[19.258s] -- Symlinking: /root/ros2_ws/install/vesc_ackermann/share/vesc_ackermann/cmake/ament_cmake_export_include_directories-extras.cmake
[19.297s] -- Symlinking: /root/ros2_ws/install/vesc_ackermann/share/vesc_ackermann/cmake/ament_cmake_export_libraries-extras.cmake
[19.338s] -- Symlinking: /root/ros2_ws/install/vesc_ackermann/share/vesc_ackermann/cmake/vesc_ackermannConfig.cmake
[19.373s] -- Symlinking: /root/ros2_ws/install/vesc_ackermann/share/vesc_ackermann/cmake/vesc_ackermannConfig-version.cmake
[19.412s] -- Symlinking: /root/ros2_ws/install/vesc_ackermann/share/vesc_ackermann/package.xml
[19.465s] Invoked command in '/root/ros2_ws/build/vesc_ackermann' returned '0': CMAKE_PREFIX_PATH=/root/ros2_ws/install/vesc_msgs:/root/ros2_ws/install/vesc:/root/ros2_ws/install/vesc_driver:/root/ros2_ws/install/vesc_ackermann:/root/ros2_ws/install/my_f1tenth_pkg:/opt/ros/foxy LD_LIBRARY_PATH=/root/ros2_ws/install/vesc_msgs/lib:/root/ros2_ws/install/vesc_driver/lib:/root/ros2_ws/install/vesc_ackermann/lib:/opt/ros/foxy/opt/yaml_cpp_vendor/lib:/opt/ros/foxy/opt/rviz_ogre_vendor/lib:/opt/ros/foxy/lib/aarch64-linux-gnu:/opt/ros/foxy/lib /usr/bin/cmake --install /root/ros2_ws/build/vesc_ackermann
