[0.069s] Invoking command in '/root/ros2_ws/build/vesc_ackermann': AMENT_PREFIX_PATH=/root/ros2_ws/install/vesc_msgs:${AMENT_PREFIX_PATH} CMAKE_PREFIX_PATH=/root/ros2_ws/install/vesc_msgs:/opt/ros/foxy LD_LIBRARY_PATH=/root/ros2_ws/install/vesc_msgs/lib:${LD_LIBRARY_PATH} PYTHONPATH=/root/ros2_ws/install/vesc_msgs/lib/python3.8/site-packages:${PYTHONPATH} /usr/bin/cmake /root/ros2_ws/src/vesc/vesc_ackermann -DCMAKE_INSTALL_PREFIX=/root/ros2_ws/install/vesc_ackermann
[0.294s] -- The C compiler identification is GNU 9.4.0
[0.510s] -- The CXX compiler identification is GNU 9.4.0
[0.527s] -- Check for working C compiler: /usr/bin/cc
[0.782s] -- Check for working C compiler: /usr/bin/cc -- works
[0.785s] -- Detecting C compiler ABI info
[1.043s] -- Detecting C compiler ABI info - done
[1.092s] -- Detecting C compile features
[1.092s] -- Detecting C compile features - done
[1.101s] -- Check for working CXX compiler: /usr/bin/c++
[1.394s] -- Check for working CXX compiler: /usr/bin/c++ -- works
[1.398s] -- Detecting CXX compiler ABI info
[1.692s] -- Detecting CXX compiler ABI info - done
[1.742s] -- Detecting CXX compile features
[1.745s] -- Detecting CXX compile features - done
[1.757s] -- Found ament_cmake_auto: 0.9.12 (/opt/ros/foxy/share/ament_cmake_auto/cmake)
[1.874s] -- Found PythonInterp: /usr/bin/python3 (found suitable version "3.8.10", minimum required is "3") 
[1.874s] -- Using PYTHON_EXECUTABLE: /usr/bin/python3
[3.043s] -- Using all available rosidl_typesupport_c: rosidl_typesupport_fastrtps_c;rosidl_typesupport_introspection_c
[3.080s] -- Found rosidl_adapter: 1.3.1 (/opt/ros/foxy/share/rosidl_adapter/cmake)
[3.431s] -- Found OpenSSL: /usr/lib/aarch64-linux-gnu/libcrypto.so (found version "1.1.1f")  
[3.554s] -- Found FastRTPS: /opt/ros/foxy/include  
[3.932s] -- Using all available rosidl_typesupport_cpp: rosidl_typesupport_fastrtps_cpp;rosidl_typesupport_introspection_cpp
[5.085s] -- Found rmw_implementation_cmake: 1.0.4 (/opt/ros/foxy/share/rmw_implementation_cmake/cmake)
[5.091s] -- Using RMW implementation 'rmw_fastrtps_cpp' as default
[5.094s] -- Looking for pthread.h
[5.371s] -- Looking for pthread.h - found
[5.372s] -- Performing Test CMAKE_HAVE_LIBC_PTHREAD
[5.649s] -- Performing Test CMAKE_HAVE_LIBC_PTHREAD - Failed
[5.649s] -- Looking for pthread_create in pthreads
[5.860s] -- Looking for pthread_create in pthreads - not found
[5.861s] -- Looking for pthread_create in pthread
[6.114s] -- Looking for pthread_create in pthread - found
[6.118s] -- Found Threads: TRUE  
[8.853s] -- Found ament_lint_auto: 0.9.8 (/opt/ros/foxy/share/ament_lint_auto/cmake)
[8.962s] -- Added test 'copyright' to check source files copyright and LICENSE
[8.969s] -- Added test 'cppcheck' to perform static code analysis on C / C++ code
[8.970s] -- Configured cppcheck include dirs: /root/ros2_ws/src/vesc/vesc_ackermann/include
[8.970s] -- Configured cppcheck exclude dirs and/or files: 
[8.975s] -- Added test 'cpplint' to check C / C++ code against the Google style
[8.976s] -- Configured cpplint exclude dirs and/or files: 
[8.979s] -- Added test 'lint_cmake' to check CMake code style
[8.985s] -- Added test 'uncrustify' to check C / C++ code style
[8.985s] -- Configured uncrustify additional arguments: 
[8.987s] -- Added test 'xmllint' to check XML markup files
[9.013s] -- Configuring done
[9.101s] -- Generating done
[9.108s] -- Build files have been written to: /root/ros2_ws/build/vesc_ackermann
[9.143s] Invoked command in '/root/ros2_ws/build/vesc_ackermann' returned '0': AMENT_PREFIX_PATH=/root/ros2_ws/install/vesc_msgs:${AMENT_PREFIX_PATH} CMAKE_PREFIX_PATH=/root/ros2_ws/install/vesc_msgs:/opt/ros/foxy LD_LIBRARY_PATH=/root/ros2_ws/install/vesc_msgs/lib:${LD_LIBRARY_PATH} PYTHONPATH=/root/ros2_ws/install/vesc_msgs/lib/python3.8/site-packages:${PYTHONPATH} /usr/bin/cmake /root/ros2_ws/src/vesc/vesc_ackermann -DCMAKE_INSTALL_PREFIX=/root/ros2_ws/install/vesc_ackermann
[9.147s] Invoking command in '/root/ros2_ws/build/vesc_ackermann': AMENT_PREFIX_PATH=/root/ros2_ws/install/vesc_msgs:${AMENT_PREFIX_PATH} CMAKE_PREFIX_PATH=/root/ros2_ws/install/vesc_msgs:/opt/ros/foxy LD_LIBRARY_PATH=/root/ros2_ws/install/vesc_msgs/lib:${LD_LIBRARY_PATH} PYTHONPATH=/root/ros2_ws/install/vesc_msgs/lib/python3.8/site-packages:${PYTHONPATH} /usr/bin/cmake --build /root/ros2_ws/build/vesc_ackermann -- -j4 -l4
[9.313s] [35m[1mScanning dependencies of target ackermann_to_vesc_node[0m
[9.324s] [35m[1mScanning dependencies of target vesc_ackermann[0m
[9.326s] [35m[1mScanning dependencies of target vesc_to_odom_node[0m
[9.730s] [ 14%] [32mBuilding CXX object CMakeFiles/ackermann_to_vesc_node.dir/rclcpp_components/node_main_ackermann_to_vesc_node.cpp.o[0m
[9.730s] [ 28%] [32mBuilding CXX object CMakeFiles/vesc_to_odom_node.dir/rclcpp_components/node_main_vesc_to_odom_node.cpp.o[0m
[9.834s] [ 42%] [32mBuilding CXX object CMakeFiles/vesc_ackermann.dir/src/ackermann_to_vesc.cpp.o[0m
[9.881s] [ 57%] [32mBuilding CXX object CMakeFiles/vesc_ackermann.dir/src/vesc_to_odom.cpp.o[0m
[34.665s] [ 71%] [32m[1mLinking CXX executable ackermann_to_vesc_node[0m
[35.224s] [ 85%] [32m[1mLinking CXX executable vesc_to_odom_node[0m
[36.131s] [ 85%] Built target ackermann_to_vesc_node
[36.242s] [ 85%] Built target vesc_to_odom_node
[57.601s] [100%] [32m[1mLinking CXX shared library libvesc_ackermann.so[0m
[60.110s] [100%] Built target vesc_ackermann
[60.168s] Invoked command in '/root/ros2_ws/build/vesc_ackermann' returned '0': AMENT_PREFIX_PATH=/root/ros2_ws/install/vesc_msgs:${AMENT_PREFIX_PATH} CMAKE_PREFIX_PATH=/root/ros2_ws/install/vesc_msgs:/opt/ros/foxy LD_LIBRARY_PATH=/root/ros2_ws/install/vesc_msgs/lib:${LD_LIBRARY_PATH} PYTHONPATH=/root/ros2_ws/install/vesc_msgs/lib/python3.8/site-packages:${PYTHONPATH} /usr/bin/cmake --build /root/ros2_ws/build/vesc_ackermann -- -j4 -l4
[60.282s] Invoking command in '/root/ros2_ws/build/vesc_ackermann': AMENT_PREFIX_PATH=/root/ros2_ws/install/vesc_msgs:${AMENT_PREFIX_PATH} CMAKE_PREFIX_PATH=/root/ros2_ws/install/vesc_msgs:/opt/ros/foxy LD_LIBRARY_PATH=/root/ros2_ws/install/vesc_msgs/lib:${LD_LIBRARY_PATH} PYTHONPATH=/root/ros2_ws/install/vesc_msgs/lib/python3.8/site-packages:${PYTHONPATH} /usr/bin/cmake --install /root/ros2_ws/build/vesc_ackermann
[60.313s] -- Install configuration: ""
[60.315s] -- Installing: /root/ros2_ws/install/vesc_ackermann/lib/vesc_ackermann/ackermann_to_vesc_node
[60.318s] -- Set runtime path of "/root/ros2_ws/install/vesc_ackermann/lib/vesc_ackermann/ackermann_to_vesc_node" to ""
[60.318s] -- Installing: /root/ros2_ws/install/vesc_ackermann/lib/vesc_ackermann/vesc_to_odom_node
[60.322s] -- Set runtime path of "/root/ros2_ws/install/vesc_ackermann/lib/vesc_ackermann/vesc_to_odom_node" to ""
[60.322s] -- Installing: /root/ros2_ws/install/vesc_ackermann/include
[60.325s] -- Installing: /root/ros2_ws/install/vesc_ackermann/include/vesc_ackermann
[60.327s] -- Installing: /root/ros2_ws/install/vesc_ackermann/include/vesc_ackermann/ackermann_to_vesc.hpp
[60.328s] -- Installing: /root/ros2_ws/install/vesc_ackermann/include/vesc_ackermann/vesc_to_odom.hpp
[60.336s] -- Installing: /root/ros2_ws/install/vesc_ackermann/share/vesc_ackermann/environment/library_path.sh
[60.338s] -- Installing: /root/ros2_ws/install/vesc_ackermann/share/vesc_ackermann/environment/library_path.dsv
[60.340s] -- Installing: /root/ros2_ws/install/vesc_ackermann/lib/libvesc_ackermann.so
[60.368s] -- Set runtime path of "/root/ros2_ws/install/vesc_ackermann/lib/libvesc_ackermann.so" to ""
[60.368s] -- Installing: /root/ros2_ws/install/vesc_ackermann/share/vesc_ackermann/launch
[60.369s] -- Installing: /root/ros2_ws/install/vesc_ackermann/share/vesc_ackermann/launch/vesc_to_odom_node.launch.xml
[60.370s] -- Installing: /root/ros2_ws/install/vesc_ackermann/share/vesc_ackermann/launch/ackermann_to_vesc_node.launch.xml
[60.375s] -- Installing: /root/ros2_ws/install/vesc_ackermann/share/ament_index/resource_index/package_run_dependencies/vesc_ackermann
[60.377s] -- Installing: /root/ros2_ws/install/vesc_ackermann/share/ament_index/resource_index/parent_prefix_path/vesc_ackermann
[60.388s] -- Installing: /root/ros2_ws/install/vesc_ackermann/share/vesc_ackermann/environment/ament_prefix_path.sh
[60.391s] -- Installing: /root/ros2_ws/install/vesc_ackermann/share/vesc_ackermann/environment/ament_prefix_path.dsv
[60.392s] -- Installing: /root/ros2_ws/install/vesc_ackermann/share/vesc_ackermann/environment/path.sh
[60.392s] -- Installing: /root/ros2_ws/install/vesc_ackermann/share/vesc_ackermann/environment/path.dsv
[60.393s] -- Installing: /root/ros2_ws/install/vesc_ackermann/share/vesc_ackermann/local_setup.bash
[60.394s] -- Installing: /root/ros2_ws/install/vesc_ackermann/share/vesc_ackermann/local_setup.sh
[60.394s] -- Installing: /root/ros2_ws/install/vesc_ackermann/share/vesc_ackermann/local_setup.zsh
[60.395s] -- Installing: /root/ros2_ws/install/vesc_ackermann/share/vesc_ackermann/local_setup.dsv
[60.395s] -- Installing: /root/ros2_ws/install/vesc_ackermann/share/vesc_ackermann/package.dsv
[60.396s] -- Installing: /root/ros2_ws/install/vesc_ackermann/share/ament_index/resource_index/packages/vesc_ackermann
[60.397s] -- Installing: /root/ros2_ws/install/vesc_ackermann/share/ament_index/resource_index/rclcpp_components/vesc_ackermann
[60.398s] -- Installing: /root/ros2_ws/install/vesc_ackermann/share/vesc_ackermann/cmake/ament_cmake_export_dependencies-extras.cmake
[60.399s] -- Installing: /root/ros2_ws/install/vesc_ackermann/share/vesc_ackermann/cmake/ament_cmake_export_include_directories-extras.cmake
[60.400s] -- Installing: /root/ros2_ws/install/vesc_ackermann/share/vesc_ackermann/cmake/ament_cmake_export_libraries-extras.cmake
[60.402s] -- Installing: /root/ros2_ws/install/vesc_ackermann/share/vesc_ackermann/cmake/vesc_ackermannConfig.cmake
[60.402s] -- Installing: /root/ros2_ws/install/vesc_ackermann/share/vesc_ackermann/cmake/vesc_ackermannConfig-version.cmake
[60.403s] -- Installing: /root/ros2_ws/install/vesc_ackermann/share/vesc_ackermann/package.xml
[60.425s] Invoked command in '/root/ros2_ws/build/vesc_ackermann' returned '0': AMENT_PREFIX_PATH=/root/ros2_ws/install/vesc_msgs:${AMENT_PREFIX_PATH} CMAKE_PREFIX_PATH=/root/ros2_ws/install/vesc_msgs:/opt/ros/foxy LD_LIBRARY_PATH=/root/ros2_ws/install/vesc_msgs/lib:${LD_LIBRARY_PATH} PYTHONPATH=/root/ros2_ws/install/vesc_msgs/lib/python3.8/site-packages:${PYTHONPATH} /usr/bin/cmake --install /root/ros2_ws/build/vesc_ackermann
