[1.275s] DEBUG:colcon:Command line arguments: ['/usr/bin/colcon', 'build', '--packages-select', 'my_f1tenth_pkg']
[1.275s] DEBUG:colcon:Parsed command line arguments: Namespace(ament_cmake_args=None, base_paths=['.'], build_base='build', catkin_cmake_args=None, catkin_skip_building_tests=False, cmake_args=None, cmake_clean_cache=False, cmake_clean_first=False, cmake_force_configure=False, cmake_target=None, cmake_target_skip_unavailable=False, continue_on_error=False, event_handlers=None, executor='parallel', ignore_user_meta=False, install_base='install', log_base=None, log_level=None, main=<bound method BuildVerb.main of <colcon_core.verb.build.BuildVerb object at 0x7f8efe50a0>>, merge_install=False, metas=['./colcon.meta'], mixin=None, mixin_files=None, mixin_verb=('build',), packages_above=None, packages_above_and_dependencies=None, packages_above_depth=None, packages_end=None, packages_ignore=None, packages_ignore_regex=None, packages_select=['my_f1tenth_pkg'], packages_select_build_failed=False, packages_select_by_dep=None, packages_select_regex=None, packages_select_test_failures=False, packages_skip=None, packages_skip_build_finished=False, packages_skip_by_dep=None, packages_skip_regex=None, packages_skip_test_passed=False, packages_skip_up_to=None, packages_start=None, packages_up_to=None, packages_up_to_regex=None, parallel_workers=4, paths=None, symlink_install=False, test_result_base=None, verb_extension=<colcon_core.verb.build.BuildVerb object at 0x7f8efe50a0>, verb_name='build', verb_parser=<colcon_mixin.mixin.mixin_argument.MixinArgumentDecorator object at 0x7f8efe5700>)
[1.389s] Level 1:colcon.colcon_core.package_discovery:discover_packages(colcon_meta) check parameters
[1.392s] INFO:colcon.colcon_metadata.package_discovery.colcon_meta:Using configuration from '/root/.colcon/metadata/default/Gazebo.meta'
[1.394s] INFO:colcon.colcon_metadata.package_discovery.colcon_meta:Using configuration from '/root/.colcon/metadata/default/fastdds.meta'
[1.397s] INFO:colcon.colcon_metadata.package_discovery.colcon_meta:Using configuration from '/root/.colcon/metadata/default/fastrtps.meta'
[1.397s] Level 1:colcon.colcon_core.package_discovery:discover_packages(recursive) check parameters
[1.398s] Level 1:colcon.colcon_core.package_discovery:discover_packages(ignore) check parameters
[1.398s] Level 1:colcon.colcon_core.package_discovery:discover_packages(path) check parameters
[1.398s] Level 1:colcon.colcon_core.package_discovery:discover_packages(colcon_meta) discover
[1.398s] Level 1:colcon.colcon_core.package_discovery:discover_packages(recursive) discover
[1.398s] INFO:colcon.colcon_core.package_discovery:Crawling recursively for packages in '/root/ros2_ws/src'
[1.399s] Level 1:colcon.colcon_core.package_identification:_identify(.) by extensions ['ignore', 'ignore_ament_install']
[1.399s] Level 1:colcon.colcon_core.package_identification:_identify(.) by extension 'ignore'
[1.399s] Level 1:colcon.colcon_core.package_identification:_identify(.) by extension 'ignore_ament_install'
[1.400s] Level 1:colcon.colcon_core.package_identification:_identify(.) by extensions ['colcon_pkg']
[1.400s] Level 1:colcon.colcon_core.package_identification:_identify(.) by extension 'colcon_pkg'
[1.400s] Level 1:colcon.colcon_core.package_identification:_identify(.) by extensions ['colcon_meta']
[1.400s] Level 1:colcon.colcon_core.package_identification:_identify(.) by extension 'colcon_meta'
[1.400s] Level 1:colcon.colcon_core.package_identification:_identify(.) by extensions ['ros']
[1.401s] Level 1:colcon.colcon_core.package_identification:_identify(.) by extension 'ros'
[1.489s] Level 1:colcon.colcon_core.package_identification:_identify(.) by extensions ['cmake', 'python']
[1.489s] Level 1:colcon.colcon_core.package_identification:_identify(.) by extension 'cmake'
[1.489s] Level 1:colcon.colcon_core.package_identification:_identify(.) by extension 'python'
[1.490s] Level 1:colcon.colcon_core.package_identification:_identify(.) by extensions ['python_setup_py']
[1.490s] Level 1:colcon.colcon_core.package_identification:_identify(.) by extension 'python_setup_py'
[1.490s] Level 1:colcon.colcon_core.package_identification:_identify(build) by extensions ['ignore', 'ignore_ament_install']
[1.491s] Level 1:colcon.colcon_core.package_identification:_identify(build) by extension 'ignore'
[1.491s] Level 1:colcon.colcon_core.package_identification:_identify(build) ignored
[1.491s] Level 1:colcon.colcon_core.package_identification:_identify(install) by extensions ['ignore', 'ignore_ament_install']
[1.492s] Level 1:colcon.colcon_core.package_identification:_identify(install) by extension 'ignore'
[1.492s] Level 1:colcon.colcon_core.package_identification:_identify(install) ignored
[1.492s] Level 1:colcon.colcon_core.package_identification:_identify(log) by extensions ['ignore', 'ignore_ament_install']
[1.493s] Level 1:colcon.colcon_core.package_identification:_identify(log) by extension 'ignore'
[1.493s] Level 1:colcon.colcon_core.package_identification:_identify(log) ignored
[1.493s] Level 1:colcon.colcon_core.package_identification:_identify(my_f1tenth_pkg) by extensions ['ignore', 'ignore_ament_install']
[1.493s] Level 1:colcon.colcon_core.package_identification:_identify(my_f1tenth_pkg) by extension 'ignore'
[1.494s] Level 1:colcon.colcon_core.package_identification:_identify(my_f1tenth_pkg) by extension 'ignore_ament_install'
[1.494s] Level 1:colcon.colcon_core.package_identification:_identify(my_f1tenth_pkg) by extensions ['colcon_pkg']
[1.494s] Level 1:colcon.colcon_core.package_identification:_identify(my_f1tenth_pkg) by extension 'colcon_pkg'
[1.494s] Level 1:colcon.colcon_core.package_identification:_identify(my_f1tenth_pkg) by extensions ['colcon_meta']
[1.494s] Level 1:colcon.colcon_core.package_identification:_identify(my_f1tenth_pkg) by extension 'colcon_meta'
[1.495s] Level 1:colcon.colcon_core.package_identification:_identify(my_f1tenth_pkg) by extensions ['ros']
[1.495s] Level 1:colcon.colcon_core.package_identification:_identify(my_f1tenth_pkg) by extension 'ros'
[1.505s] DEBUG:colcon.colcon_core.package_identification:Package 'my_f1tenth_pkg' with type 'ros.ament_python' and name 'my_f1tenth_pkg'
[1.505s] Level 1:colcon.colcon_core.package_identification:_identify(vesc) by extensions ['ignore', 'ignore_ament_install']
[1.506s] Level 1:colcon.colcon_core.package_identification:_identify(vesc) by extension 'ignore'
[1.506s] Level 1:colcon.colcon_core.package_identification:_identify(vesc) by extension 'ignore_ament_install'
[1.506s] Level 1:colcon.colcon_core.package_identification:_identify(vesc) by extensions ['colcon_pkg']
[1.506s] Level 1:colcon.colcon_core.package_identification:_identify(vesc) by extension 'colcon_pkg'
[1.507s] Level 1:colcon.colcon_core.package_identification:_identify(vesc) by extensions ['colcon_meta']
[1.507s] Level 1:colcon.colcon_core.package_identification:_identify(vesc) by extension 'colcon_meta'
[1.507s] Level 1:colcon.colcon_core.package_identification:_identify(vesc) by extensions ['ros']
[1.507s] Level 1:colcon.colcon_core.package_identification:_identify(vesc) by extension 'ros'
[1.507s] Level 1:colcon.colcon_core.package_identification:_identify(vesc) by extensions ['cmake', 'python']
[1.508s] Level 1:colcon.colcon_core.package_identification:_identify(vesc) by extension 'cmake'
[1.508s] Level 1:colcon.colcon_core.package_identification:_identify(vesc) by extension 'python'
[1.508s] Level 1:colcon.colcon_core.package_identification:_identify(vesc) by extensions ['python_setup_py']
[1.508s] Level 1:colcon.colcon_core.package_identification:_identify(vesc) by extension 'python_setup_py'
[1.508s] Level 1:colcon.colcon_core.package_identification:_identify(vesc/vesc) by extensions ['ignore', 'ignore_ament_install']
[1.509s] Level 1:colcon.colcon_core.package_identification:_identify(vesc/vesc) by extension 'ignore'
[1.509s] Level 1:colcon.colcon_core.package_identification:_identify(vesc/vesc) by extension 'ignore_ament_install'
[1.509s] Level 1:colcon.colcon_core.package_identification:_identify(vesc/vesc) by extensions ['colcon_pkg']
[1.509s] Level 1:colcon.colcon_core.package_identification:_identify(vesc/vesc) by extension 'colcon_pkg'
[1.510s] Level 1:colcon.colcon_core.package_identification:_identify(vesc/vesc) by extensions ['colcon_meta']
[1.510s] Level 1:colcon.colcon_core.package_identification:_identify(vesc/vesc) by extension 'colcon_meta'
[1.510s] Level 1:colcon.colcon_core.package_identification:_identify(vesc/vesc) by extensions ['ros']
[1.510s] Level 1:colcon.colcon_core.package_identification:_identify(vesc/vesc) by extension 'ros'
[1.513s] DEBUG:colcon.colcon_core.package_identification:Package 'vesc/vesc' with type 'ros.ament_cmake' and name 'vesc'
[1.513s] Level 1:colcon.colcon_core.package_identification:_identify(vesc/vesc_ackermann) by extensions ['ignore', 'ignore_ament_install']
[1.513s] Level 1:colcon.colcon_core.package_identification:_identify(vesc/vesc_ackermann) by extension 'ignore'
[1.514s] Level 1:colcon.colcon_core.package_identification:_identify(vesc/vesc_ackermann) by extension 'ignore_ament_install'
[1.514s] Level 1:colcon.colcon_core.package_identification:_identify(vesc/vesc_ackermann) by extensions ['colcon_pkg']
[1.514s] Level 1:colcon.colcon_core.package_identification:_identify(vesc/vesc_ackermann) by extension 'colcon_pkg'
[1.514s] Level 1:colcon.colcon_core.package_identification:_identify(vesc/vesc_ackermann) by extensions ['colcon_meta']
[1.514s] Level 1:colcon.colcon_core.package_identification:_identify(vesc/vesc_ackermann) by extension 'colcon_meta'
[1.515s] Level 1:colcon.colcon_core.package_identification:_identify(vesc/vesc_ackermann) by extensions ['ros']
[1.515s] Level 1:colcon.colcon_core.package_identification:_identify(vesc/vesc_ackermann) by extension 'ros'
[1.520s] DEBUG:colcon.colcon_core.package_identification:Package 'vesc/vesc_ackermann' with type 'ros.ament_cmake' and name 'vesc_ackermann'
[1.521s] Level 1:colcon.colcon_core.package_identification:_identify(vesc/vesc_driver) by extensions ['ignore', 'ignore_ament_install']
[1.521s] Level 1:colcon.colcon_core.package_identification:_identify(vesc/vesc_driver) by extension 'ignore'
[1.521s] Level 1:colcon.colcon_core.package_identification:_identify(vesc/vesc_driver) by extension 'ignore_ament_install'
[1.522s] Level 1:colcon.colcon_core.package_identification:_identify(vesc/vesc_driver) by extensions ['colcon_pkg']
[1.522s] Level 1:colcon.colcon_core.package_identification:_identify(vesc/vesc_driver) by extension 'colcon_pkg'
[1.522s] Level 1:colcon.colcon_core.package_identification:_identify(vesc/vesc_driver) by extensions ['colcon_meta']
[1.522s] Level 1:colcon.colcon_core.package_identification:_identify(vesc/vesc_driver) by extension 'colcon_meta'
[1.522s] Level 1:colcon.colcon_core.package_identification:_identify(vesc/vesc_driver) by extensions ['ros']
[1.523s] Level 1:colcon.colcon_core.package_identification:_identify(vesc/vesc_driver) by extension 'ros'
[1.528s] DEBUG:colcon.colcon_core.package_identification:Package 'vesc/vesc_driver' with type 'ros.ament_cmake' and name 'vesc_driver'
[1.528s] Level 1:colcon.colcon_core.package_identification:_identify(vesc/vesc_msgs) by extensions ['ignore', 'ignore_ament_install']
[1.529s] Level 1:colcon.colcon_core.package_identification:_identify(vesc/vesc_msgs) by extension 'ignore'
[1.529s] Level 1:colcon.colcon_core.package_identification:_identify(vesc/vesc_msgs) by extension 'ignore_ament_install'
[1.529s] Level 1:colcon.colcon_core.package_identification:_identify(vesc/vesc_msgs) by extensions ['colcon_pkg']
[1.529s] Level 1:colcon.colcon_core.package_identification:_identify(vesc/vesc_msgs) by extension 'colcon_pkg'
[1.530s] Level 1:colcon.colcon_core.package_identification:_identify(vesc/vesc_msgs) by extensions ['colcon_meta']
[1.530s] Level 1:colcon.colcon_core.package_identification:_identify(vesc/vesc_msgs) by extension 'colcon_meta'
[1.530s] Level 1:colcon.colcon_core.package_identification:_identify(vesc/vesc_msgs) by extensions ['ros']
[1.530s] Level 1:colcon.colcon_core.package_identification:_identify(vesc/vesc_msgs) by extension 'ros'
[1.534s] DEBUG:colcon.colcon_core.package_identification:Package 'vesc/vesc_msgs' with type 'ros.ament_cmake' and name 'vesc_msgs'
[1.534s] Level 1:colcon.colcon_core.package_discovery:discover_packages(recursive) using defaults
[1.534s] Level 1:colcon.colcon_core.package_discovery:discover_packages(ignore) discover
[1.534s] Level 1:colcon.colcon_core.package_discovery:discover_packages(ignore) using defaults
[1.535s] Level 1:colcon.colcon_core.package_discovery:discover_packages(path) discover
[1.535s] Level 1:colcon.colcon_core.package_discovery:discover_packages(path) using defaults
[1.614s] INFO:colcon.colcon_core.package_selection:Skipping not selected package 'vesc_msgs' in 'vesc/vesc_msgs'
[1.615s] INFO:colcon.colcon_core.package_selection:Skipping not selected package 'vesc_ackermann' in 'vesc/vesc_ackermann'
[1.615s] INFO:colcon.colcon_core.package_selection:Skipping not selected package 'vesc_driver' in 'vesc/vesc_driver'
[1.615s] INFO:colcon.colcon_core.package_selection:Skipping not selected package 'vesc' in 'vesc/vesc'
[1.620s] Level 5:colcon.colcon_core.verb:set package 'my_f1tenth_pkg' build argument 'cmake_args' from command line to 'None'
[1.620s] Level 5:colcon.colcon_core.verb:set package 'my_f1tenth_pkg' build argument 'cmake_target' from command line to 'None'
[1.620s] Level 5:colcon.colcon_core.verb:set package 'my_f1tenth_pkg' build argument 'cmake_target_skip_unavailable' from command line to 'False'
[1.620s] Level 5:colcon.colcon_core.verb:set package 'my_f1tenth_pkg' build argument 'cmake_clean_cache' from command line to 'False'
[1.620s] Level 5:colcon.colcon_core.verb:set package 'my_f1tenth_pkg' build argument 'cmake_clean_first' from command line to 'False'
[1.620s] Level 5:colcon.colcon_core.verb:set package 'my_f1tenth_pkg' build argument 'cmake_force_configure' from command line to 'False'
[1.621s] Level 5:colcon.colcon_core.verb:set package 'my_f1tenth_pkg' build argument 'ament_cmake_args' from command line to 'None'
[1.621s] Level 5:colcon.colcon_core.verb:set package 'my_f1tenth_pkg' build argument 'catkin_cmake_args' from command line to 'None'
[1.621s] Level 5:colcon.colcon_core.verb:set package 'my_f1tenth_pkg' build argument 'catkin_skip_building_tests' from command line to 'False'
[1.621s] DEBUG:colcon.colcon_core.verb:Building package 'my_f1tenth_pkg' with the following arguments: {'ament_cmake_args': None, 'build_base': '/root/ros2_ws/src/build/my_f1tenth_pkg', 'catkin_cmake_args': None, 'catkin_skip_building_tests': False, 'cmake_args': None, 'cmake_clean_cache': False, 'cmake_clean_first': False, 'cmake_force_configure': False, 'cmake_target': None, 'cmake_target_skip_unavailable': False, 'install_base': '/root/ros2_ws/src/install/my_f1tenth_pkg', 'merge_install': False, 'path': '/root/ros2_ws/src/my_f1tenth_pkg', 'symlink_install': False, 'test_result_base': None}
[1.624s] INFO:colcon.colcon_core.executor:Executing jobs using 'parallel' executor
[1.641s] DEBUG:colcon.colcon_parallel_executor.executor.parallel:run_until_complete
[1.642s] INFO:colcon.colcon_ros.task.ament_python.build:Building ROS package in '/root/ros2_ws/src/my_f1tenth_pkg' with build type 'ament_python'
[1.643s] Level 1:colcon.colcon_core.shell:create_environment_hook('my_f1tenth_pkg', 'ament_prefix_path')
[1.668s] INFO:colcon.colcon_core.plugin_system:Skipping extension 'colcon_core.shell.bat': Not used on non-Windows systems
[1.669s] INFO:colcon.colcon_core.shell:Creating environment hook '/root/ros2_ws/src/install/my_f1tenth_pkg/share/my_f1tenth_pkg/hook/ament_prefix_path.ps1'
[1.674s] INFO:colcon.colcon_core.shell:Creating environment descriptor '/root/ros2_ws/src/install/my_f1tenth_pkg/share/my_f1tenth_pkg/hook/ament_prefix_path.dsv'
[1.676s] INFO:colcon.colcon_core.shell:Creating environment hook '/root/ros2_ws/src/install/my_f1tenth_pkg/share/my_f1tenth_pkg/hook/ament_prefix_path.sh'
[1.686s] INFO:colcon.colcon_core.shell:Skip shell extension 'powershell' for command environment: Not usable outside of PowerShell
[1.686s] DEBUG:colcon.colcon_core.shell:Skip shell extension 'dsv' for command environment
[2.492s] INFO:colcon.colcon_core.task.python.build:Building Python package in '/root/ros2_ws/src/my_f1tenth_pkg'
[2.500s] INFO:colcon.colcon_core.shell:Skip shell extension 'powershell' for command environment: Not usable outside of PowerShell
[2.500s] DEBUG:colcon.colcon_core.shell:Skip shell extension 'dsv' for command environment
[3.865s] DEBUG:colcon.colcon_core.event_handler.log_command:Invoking command in '/root/ros2_ws/src/my_f1tenth_pkg': PYTHONPATH=/root/ros2_ws/src/build/my_f1tenth_pkg/prefix_override:/root/ros2_ws/src/install/my_f1tenth_pkg/lib/python3.8/site-packages:${PYTHONPATH} /usr/bin/python3 setup.py egg_info --egg-base ../build/my_f1tenth_pkg build --build-base /root/ros2_ws/src/build/my_f1tenth_pkg/build install --record /root/ros2_ws/src/build/my_f1tenth_pkg/install.log --single-version-externally-managed
[4.982s] DEBUG:colcon.colcon_core.event_handler.log_command:Invoked command in '/root/ros2_ws/src/my_f1tenth_pkg' returned '0': PYTHONPATH=/root/ros2_ws/src/build/my_f1tenth_pkg/prefix_override:/root/ros2_ws/src/install/my_f1tenth_pkg/lib/python3.8/site-packages:${PYTHONPATH} /usr/bin/python3 setup.py egg_info --egg-base ../build/my_f1tenth_pkg build --build-base /root/ros2_ws/src/build/my_f1tenth_pkg/build install --record /root/ros2_ws/src/build/my_f1tenth_pkg/install.log --single-version-externally-managed
[5.019s] Level 1:colcon.colcon_core.environment:checking '/root/ros2_ws/src/install/my_f1tenth_pkg' for CMake module files
[5.021s] Level 1:colcon.colcon_core.environment:checking '/root/ros2_ws/src/install/my_f1tenth_pkg' for CMake config files
[5.024s] Level 1:colcon.colcon_core.environment:checking '/root/ros2_ws/src/install/my_f1tenth_pkg/lib'
[5.024s] Level 1:colcon.colcon_core.environment:checking '/root/ros2_ws/src/install/my_f1tenth_pkg/bin'
[5.025s] Level 1:colcon.colcon_core.shell:create_environment_hook('my_f1tenth_pkg', 'path')
[5.032s] INFO:colcon.colcon_core.shell:Creating environment hook '/root/ros2_ws/src/install/my_f1tenth_pkg/share/my_f1tenth_pkg/hook/path.ps1'
[5.033s] INFO:colcon.colcon_core.shell:Creating environment descriptor '/root/ros2_ws/src/install/my_f1tenth_pkg/share/my_f1tenth_pkg/hook/path.dsv'
[5.035s] INFO:colcon.colcon_core.shell:Creating environment hook '/root/ros2_ws/src/install/my_f1tenth_pkg/share/my_f1tenth_pkg/hook/path.sh'
[5.036s] Level 1:colcon.colcon_core.environment:checking '/root/ros2_ws/src/install/my_f1tenth_pkg/lib/pkgconfig/my_f1tenth_pkg.pc'
[5.037s] Level 1:colcon.colcon_core.environment:checking '/root/ros2_ws/src/install/my_f1tenth_pkg/lib/python3.8/site-packages'
[5.037s] Level 1:colcon.colcon_core.shell:create_environment_hook('my_f1tenth_pkg', 'pythonpath')
[5.043s] INFO:colcon.colcon_core.shell:Creating environment hook '/root/ros2_ws/src/install/my_f1tenth_pkg/share/my_f1tenth_pkg/hook/pythonpath.ps1'
[5.045s] INFO:colcon.colcon_core.shell:Creating environment descriptor '/root/ros2_ws/src/install/my_f1tenth_pkg/share/my_f1tenth_pkg/hook/pythonpath.dsv'
[5.046s] INFO:colcon.colcon_core.shell:Creating environment hook '/root/ros2_ws/src/install/my_f1tenth_pkg/share/my_f1tenth_pkg/hook/pythonpath.sh'
[5.047s] Level 1:colcon.colcon_core.environment:checking '/root/ros2_ws/src/install/my_f1tenth_pkg/bin'
[5.048s] Level 1:colcon.colcon_core.shell:create_environment_hook('my_f1tenth_pkg', 'pythonscriptspath')
[5.054s] INFO:colcon.colcon_core.shell:Creating environment hook '/root/ros2_ws/src/install/my_f1tenth_pkg/share/my_f1tenth_pkg/hook/pythonscriptspath.ps1'
[5.056s] INFO:colcon.colcon_core.shell:Creating environment descriptor '/root/ros2_ws/src/install/my_f1tenth_pkg/share/my_f1tenth_pkg/hook/pythonscriptspath.dsv'
[5.057s] INFO:colcon.colcon_core.shell:Creating environment hook '/root/ros2_ws/src/install/my_f1tenth_pkg/share/my_f1tenth_pkg/hook/pythonscriptspath.sh'
[5.058s] Level 1:colcon.colcon_core.environment:create_environment_scripts_only(my_f1tenth_pkg)
[5.065s] INFO:colcon.colcon_core.shell:Creating package script '/root/ros2_ws/src/install/my_f1tenth_pkg/share/my_f1tenth_pkg/package.ps1'
[5.070s] INFO:colcon.colcon_core.shell:Creating package descriptor '/root/ros2_ws/src/install/my_f1tenth_pkg/share/my_f1tenth_pkg/package.dsv'
[5.073s] INFO:colcon.colcon_core.shell:Creating package script '/root/ros2_ws/src/install/my_f1tenth_pkg/share/my_f1tenth_pkg/package.sh'
[5.077s] INFO:colcon.colcon_core.shell:Creating package script '/root/ros2_ws/src/install/my_f1tenth_pkg/share/my_f1tenth_pkg/package.bash'
[5.081s] INFO:colcon.colcon_core.shell:Creating package script '/root/ros2_ws/src/install/my_f1tenth_pkg/share/my_f1tenth_pkg/package.zsh'
[5.085s] Level 1:colcon.colcon_core.environment:create_file_with_runtime_dependencies(/root/ros2_ws/src/install/my_f1tenth_pkg/share/colcon-core/packages/my_f1tenth_pkg)
[5.086s] DEBUG:colcon.colcon_parallel_executor.executor.parallel:closing loop
[5.087s] DEBUG:colcon.colcon_parallel_executor.executor.parallel:loop closed
[5.088s] DEBUG:colcon.colcon_parallel_executor.executor.parallel:run_until_complete finished with '0'
[5.088s] DEBUG:colcon.colcon_core.event_reactor:joining thread
[5.111s] INFO:colcon.colcon_core.plugin_system:Skipping extension 'colcon_notification.desktop_notification.notify_send': Could not find 'notify-send'
[5.112s] INFO:colcon.colcon_core.plugin_system:Skipping extension 'colcon_notification.desktop_notification.terminal_notifier': Not used on non-Darwin systems
[5.112s] INFO:colcon.colcon_core.plugin_system:Skipping extension 'colcon_notification.desktop_notification.win32': Not used on non-Windows systems
[5.112s] INFO:colcon.colcon_notification.desktop_notification:Sending desktop notification using 'notify2'
[5.118s] DEBUG:colcon.colcon_notification.desktop_notification.notify2:Failed to initialize notify2: org.freedesktop.DBus.Error.Spawn.ExecFailed: /usr/bin/dbus-launch terminated abnormally without any error message
[5.119s] DEBUG:colcon.colcon_core.event_reactor:joined thread
[5.127s] INFO:colcon.colcon_core.shell:Creating prefix script '/root/ros2_ws/src/install/local_setup.ps1'
[5.131s] INFO:colcon.colcon_core.shell:Creating prefix util module '/root/ros2_ws/src/install/_local_setup_util_ps1.py'
[5.137s] INFO:colcon.colcon_core.shell:Creating prefix chain script '/root/ros2_ws/src/install/setup.ps1'
[5.144s] INFO:colcon.colcon_core.shell:Creating prefix script '/root/ros2_ws/src/install/local_setup.sh'
[5.146s] INFO:colcon.colcon_core.shell:Creating prefix util module '/root/ros2_ws/src/install/_local_setup_util_sh.py'
[5.148s] INFO:colcon.colcon_core.shell:Creating prefix chain script '/root/ros2_ws/src/install/setup.sh'
[5.154s] INFO:colcon.colcon_core.shell:Creating prefix script '/root/ros2_ws/src/install/local_setup.bash'
[5.156s] INFO:colcon.colcon_core.shell:Creating prefix chain script '/root/ros2_ws/src/install/setup.bash'
[5.162s] INFO:colcon.colcon_core.shell:Creating prefix script '/root/ros2_ws/src/install/local_setup.zsh'
[5.164s] INFO:colcon.colcon_core.shell:Creating prefix chain script '/root/ros2_ws/src/install/setup.zsh'
