[2.476s] DEBUG:colcon:Command line arguments: ['/usr/bin/colcon', 'build', '--symlink-install']
[2.477s] DEBUG:colcon:Parsed command line arguments: Namespace(ament_cmake_args=None, base_paths=['.'], build_base='build', catkin_cmake_args=None, catkin_skip_building_tests=False, cmake_args=None, cmake_clean_cache=False, cmake_clean_first=False, cmake_force_configure=False, cmake_target=None, cmake_target_skip_unavailable=False, continue_on_error=False, event_handlers=None, executor='parallel', ignore_user_meta=False, install_base='install', log_base=None, log_level=None, main=<bound method BuildVerb.main of <colcon_core.verb.build.BuildVerb object at 0x7f93e13370>>, merge_install=False, metas=['./colcon.meta'], mixin=None, mixin_files=None, mixin_verb=('build',), packages_above=None, packages_above_and_dependencies=None, packages_above_depth=None, packages_end=None, packages_ignore=None, packages_ignore_regex=None, packages_select=None, packages_select_build_failed=False, packages_select_by_dep=None, packages_select_regex=None, packages_select_test_failures=False, packages_skip=None, packages_skip_build_finished=False, packages_skip_by_dep=None, packages_skip_regex=None, packages_skip_test_passed=False, packages_skip_up_to=None, packages_start=None, packages_up_to=None, packages_up_to_regex=None, parallel_workers=4, paths=None, symlink_install=True, test_result_base=None, verb_extension=<colcon_core.verb.build.BuildVerb object at 0x7f93e13370>, verb_name='build', verb_parser=<colcon_mixin.mixin.mixin_argument.MixinArgumentDecorator object at 0x7f93e139d0>)
[2.685s] Level 1:colcon.colcon_core.package_discovery:discover_packages(colcon_meta) check parameters
[2.691s] INFO:colcon.colcon_metadata.package_discovery.colcon_meta:Using configuration from '/root/.colcon/metadata/default/Gazebo.meta'
[2.694s] INFO:colcon.colcon_metadata.package_discovery.colcon_meta:Using configuration from '/root/.colcon/metadata/default/fastdds.meta'
[2.699s] INFO:colcon.colcon_metadata.package_discovery.colcon_meta:Using configuration from '/root/.colcon/metadata/default/fastrtps.meta'
[2.699s] Level 1:colcon.colcon_core.package_discovery:discover_packages(recursive) check parameters
[2.699s] Level 1:colcon.colcon_core.package_discovery:discover_packages(ignore) check parameters
[2.699s] Level 1:colcon.colcon_core.package_discovery:discover_packages(path) check parameters
[2.700s] Level 1:colcon.colcon_core.package_discovery:discover_packages(colcon_meta) discover
[2.700s] Level 1:colcon.colcon_core.package_discovery:discover_packages(recursive) discover
[2.700s] INFO:colcon.colcon_core.package_discovery:Crawling recursively for packages in '/root/ros2_ws'
[2.701s] Level 1:colcon.colcon_core.package_identification:_identify(.) by extensions ['ignore', 'ignore_ament_install']
[2.701s] Level 1:colcon.colcon_core.package_identification:_identify(.) by extension 'ignore'
[2.702s] Level 1:colcon.colcon_core.package_identification:_identify(.) by extension 'ignore_ament_install'
[2.702s] Level 1:colcon.colcon_core.package_identification:_identify(.) by extensions ['colcon_pkg']
[2.702s] Level 1:colcon.colcon_core.package_identification:_identify(.) by extension 'colcon_pkg'
[2.702s] Level 1:colcon.colcon_core.package_identification:_identify(.) by extensions ['colcon_meta']
[2.702s] Level 1:colcon.colcon_core.package_identification:_identify(.) by extension 'colcon_meta'
[2.703s] Level 1:colcon.colcon_core.package_identification:_identify(.) by extensions ['ros']
[2.703s] Level 1:colcon.colcon_core.package_identification:_identify(.) by extension 'ros'
[2.825s] Level 1:colcon.colcon_core.package_identification:_identify(.) by extensions ['cmake', 'python']
[2.825s] Level 1:colcon.colcon_core.package_identification:_identify(.) by extension 'cmake'
[2.826s] Level 1:colcon.colcon_core.package_identification:_identify(.) by extension 'python'
[2.826s] Level 1:colcon.colcon_core.package_identification:_identify(.) by extensions ['python_setup_py']
[2.826s] Level 1:colcon.colcon_core.package_identification:_identify(.) by extension 'python_setup_py'
[2.827s] Level 1:colcon.colcon_core.package_identification:_identify(__pycache__) by extensions ['ignore', 'ignore_ament_install']
[2.828s] Level 1:colcon.colcon_core.package_identification:_identify(__pycache__) by extension 'ignore'
[2.829s] Level 1:colcon.colcon_core.package_identification:_identify(__pycache__) by extension 'ignore_ament_install'
[2.829s] Level 1:colcon.colcon_core.package_identification:_identify(__pycache__) by extensions ['colcon_pkg']
[2.829s] Level 1:colcon.colcon_core.package_identification:_identify(__pycache__) by extension 'colcon_pkg'
[2.830s] Level 1:colcon.colcon_core.package_identification:_identify(__pycache__) by extensions ['colcon_meta']
[2.830s] Level 1:colcon.colcon_core.package_identification:_identify(__pycache__) by extension 'colcon_meta'
[2.830s] Level 1:colcon.colcon_core.package_identification:_identify(__pycache__) by extensions ['ros']
[2.831s] Level 1:colcon.colcon_core.package_identification:_identify(__pycache__) by extension 'ros'
[2.831s] Level 1:colcon.colcon_core.package_identification:_identify(__pycache__) by extensions ['cmake', 'python']
[2.831s] Level 1:colcon.colcon_core.package_identification:_identify(__pycache__) by extension 'cmake'
[2.832s] Level 1:colcon.colcon_core.package_identification:_identify(__pycache__) by extension 'python'
[2.832s] Level 1:colcon.colcon_core.package_identification:_identify(__pycache__) by extensions ['python_setup_py']
[2.833s] Level 1:colcon.colcon_core.package_identification:_identify(__pycache__) by extension 'python_setup_py'
[2.833s] Level 1:colcon.colcon_core.package_identification:_identify(build) by extensions ['ignore', 'ignore_ament_install']
[2.834s] Level 1:colcon.colcon_core.package_identification:_identify(build) by extension 'ignore'
[2.834s] Level 1:colcon.colcon_core.package_identification:_identify(build) ignored
[2.835s] Level 1:colcon.colcon_core.package_identification:_identify(install) by extensions ['ignore', 'ignore_ament_install']
[2.835s] Level 1:colcon.colcon_core.package_identification:_identify(install) by extension 'ignore'
[2.835s] Level 1:colcon.colcon_core.package_identification:_identify(install) ignored
[2.835s] Level 1:colcon.colcon_core.package_identification:_identify(log) by extensions ['ignore', 'ignore_ament_install']
[2.836s] Level 1:colcon.colcon_core.package_identification:_identify(log) by extension 'ignore'
[2.836s] Level 1:colcon.colcon_core.package_identification:_identify(log) ignored
[2.836s] Level 1:colcon.colcon_core.package_identification:_identify(src) by extensions ['ignore', 'ignore_ament_install']
[2.837s] Level 1:colcon.colcon_core.package_identification:_identify(src) by extension 'ignore'
[2.837s] Level 1:colcon.colcon_core.package_identification:_identify(src) by extension 'ignore_ament_install'
[2.837s] Level 1:colcon.colcon_core.package_identification:_identify(src) by extensions ['colcon_pkg']
[2.837s] Level 1:colcon.colcon_core.package_identification:_identify(src) by extension 'colcon_pkg'
[2.837s] Level 1:colcon.colcon_core.package_identification:_identify(src) by extensions ['colcon_meta']
[2.838s] Level 1:colcon.colcon_core.package_identification:_identify(src) by extension 'colcon_meta'
[2.838s] Level 1:colcon.colcon_core.package_identification:_identify(src) by extensions ['ros']
[2.838s] Level 1:colcon.colcon_core.package_identification:_identify(src) by extension 'ros'
[2.838s] Level 1:colcon.colcon_core.package_identification:_identify(src) by extensions ['cmake', 'python']
[2.838s] Level 1:colcon.colcon_core.package_identification:_identify(src) by extension 'cmake'
[2.839s] Level 1:colcon.colcon_core.package_identification:_identify(src) by extension 'python'
[2.839s] Level 1:colcon.colcon_core.package_identification:_identify(src) by extensions ['python_setup_py']
[2.839s] Level 1:colcon.colcon_core.package_identification:_identify(src) by extension 'python_setup_py'
[2.840s] Level 1:colcon.colcon_core.package_identification:_identify(src/build) by extensions ['ignore', 'ignore_ament_install']
[2.840s] Level 1:colcon.colcon_core.package_identification:_identify(src/build) by extension 'ignore'
[2.841s] Level 1:colcon.colcon_core.package_identification:_identify(src/build) ignored
[2.842s] Level 1:colcon.colcon_core.package_identification:_identify(src/install) by extensions ['ignore', 'ignore_ament_install']
[2.842s] Level 1:colcon.colcon_core.package_identification:_identify(src/install) by extension 'ignore'
[2.842s] Level 1:colcon.colcon_core.package_identification:_identify(src/install) ignored
[2.843s] Level 1:colcon.colcon_core.package_identification:_identify(src/log) by extensions ['ignore', 'ignore_ament_install']
[2.843s] Level 1:colcon.colcon_core.package_identification:_identify(src/log) by extension 'ignore'
[2.843s] Level 1:colcon.colcon_core.package_identification:_identify(src/log) ignored
[2.844s] Level 1:colcon.colcon_core.package_identification:_identify(src/my_f1tenth_pkg) by extensions ['ignore', 'ignore_ament_install']
[2.844s] Level 1:colcon.colcon_core.package_identification:_identify(src/my_f1tenth_pkg) by extension 'ignore'
[2.844s] Level 1:colcon.colcon_core.package_identification:_identify(src/my_f1tenth_pkg) by extension 'ignore_ament_install'
[2.845s] Level 1:colcon.colcon_core.package_identification:_identify(src/my_f1tenth_pkg) by extensions ['colcon_pkg']
[2.845s] Level 1:colcon.colcon_core.package_identification:_identify(src/my_f1tenth_pkg) by extension 'colcon_pkg'
[2.845s] Level 1:colcon.colcon_core.package_identification:_identify(src/my_f1tenth_pkg) by extensions ['colcon_meta']
[2.846s] Level 1:colcon.colcon_core.package_identification:_identify(src/my_f1tenth_pkg) by extension 'colcon_meta'
[2.846s] Level 1:colcon.colcon_core.package_identification:_identify(src/my_f1tenth_pkg) by extensions ['ros']
[2.846s] Level 1:colcon.colcon_core.package_identification:_identify(src/my_f1tenth_pkg) by extension 'ros'
[2.860s] DEBUG:colcon.colcon_core.package_identification:Package 'src/my_f1tenth_pkg' with type 'ros.ament_python' and name 'my_f1tenth_pkg'
[2.861s] Level 1:colcon.colcon_core.package_identification:_identify(src/sllidar_ros2) by extensions ['ignore', 'ignore_ament_install']
[2.861s] Level 1:colcon.colcon_core.package_identification:_identify(src/sllidar_ros2) by extension 'ignore'
[2.862s] Level 1:colcon.colcon_core.package_identification:_identify(src/sllidar_ros2) by extension 'ignore_ament_install'
[2.862s] Level 1:colcon.colcon_core.package_identification:_identify(src/sllidar_ros2) by extensions ['colcon_pkg']
[2.862s] Level 1:colcon.colcon_core.package_identification:_identify(src/sllidar_ros2) by extension 'colcon_pkg'
[2.863s] Level 1:colcon.colcon_core.package_identification:_identify(src/sllidar_ros2) by extensions ['colcon_meta']
[2.863s] Level 1:colcon.colcon_core.package_identification:_identify(src/sllidar_ros2) by extension 'colcon_meta'
[2.863s] Level 1:colcon.colcon_core.package_identification:_identify(src/sllidar_ros2) by extensions ['ros']
[2.864s] Level 1:colcon.colcon_core.package_identification:_identify(src/sllidar_ros2) by extension 'ros'
[2.868s] DEBUG:colcon.colcon_core.package_identification:Package 'src/sllidar_ros2' with type 'ros.ament_cmake' and name 'sllidar_ros2'
[2.869s] Level 1:colcon.colcon_core.package_identification:_identify(src/vesc) by extensions ['ignore', 'ignore_ament_install']
[2.870s] Level 1:colcon.colcon_core.package_identification:_identify(src/vesc) by extension 'ignore'
[2.870s] Level 1:colcon.colcon_core.package_identification:_identify(src/vesc) by extension 'ignore_ament_install'
[2.870s] Level 1:colcon.colcon_core.package_identification:_identify(src/vesc) by extensions ['colcon_pkg']
[2.870s] Level 1:colcon.colcon_core.package_identification:_identify(src/vesc) by extension 'colcon_pkg'
[2.870s] Level 1:colcon.colcon_core.package_identification:_identify(src/vesc) by extensions ['colcon_meta']
[2.871s] Level 1:colcon.colcon_core.package_identification:_identify(src/vesc) by extension 'colcon_meta'
[2.871s] Level 1:colcon.colcon_core.package_identification:_identify(src/vesc) by extensions ['ros']
[2.871s] Level 1:colcon.colcon_core.package_identification:_identify(src/vesc) by extension 'ros'
[2.871s] Level 1:colcon.colcon_core.package_identification:_identify(src/vesc) by extensions ['cmake', 'python']
[2.872s] Level 1:colcon.colcon_core.package_identification:_identify(src/vesc) by extension 'cmake'
[2.872s] Level 1:colcon.colcon_core.package_identification:_identify(src/vesc) by extension 'python'
[2.872s] Level 1:colcon.colcon_core.package_identification:_identify(src/vesc) by extensions ['python_setup_py']
[2.872s] Level 1:colcon.colcon_core.package_identification:_identify(src/vesc) by extension 'python_setup_py'
[2.873s] Level 1:colcon.colcon_core.package_identification:_identify(src/vesc/vesc) by extensions ['ignore', 'ignore_ament_install']
[2.874s] Level 1:colcon.colcon_core.package_identification:_identify(src/vesc/vesc) by extension 'ignore'
[2.874s] Level 1:colcon.colcon_core.package_identification:_identify(src/vesc/vesc) by extension 'ignore_ament_install'
[2.874s] Level 1:colcon.colcon_core.package_identification:_identify(src/vesc/vesc) by extensions ['colcon_pkg']
[2.874s] Level 1:colcon.colcon_core.package_identification:_identify(src/vesc/vesc) by extension 'colcon_pkg'
[2.874s] Level 1:colcon.colcon_core.package_identification:_identify(src/vesc/vesc) by extensions ['colcon_meta']
[2.874s] Level 1:colcon.colcon_core.package_identification:_identify(src/vesc/vesc) by extension 'colcon_meta'
[2.875s] Level 1:colcon.colcon_core.package_identification:_identify(src/vesc/vesc) by extensions ['ros']
[2.875s] Level 1:colcon.colcon_core.package_identification:_identify(src/vesc/vesc) by extension 'ros'
[2.878s] DEBUG:colcon.colcon_core.package_identification:Package 'src/vesc/vesc' with type 'ros.ament_cmake' and name 'vesc'
[2.879s] Level 1:colcon.colcon_core.package_identification:_identify(src/vesc/vesc_ackermann) by extensions ['ignore', 'ignore_ament_install']
[2.880s] Level 1:colcon.colcon_core.package_identification:_identify(src/vesc/vesc_ackermann) by extension 'ignore'
[2.880s] Level 1:colcon.colcon_core.package_identification:_identify(src/vesc/vesc_ackermann) by extension 'ignore_ament_install'
[2.881s] Level 1:colcon.colcon_core.package_identification:_identify(src/vesc/vesc_ackermann) by extensions ['colcon_pkg']
[2.881s] Level 1:colcon.colcon_core.package_identification:_identify(src/vesc/vesc_ackermann) by extension 'colcon_pkg'
[2.882s] Level 1:colcon.colcon_core.package_identification:_identify(src/vesc/vesc_ackermann) by extensions ['colcon_meta']
[2.882s] Level 1:colcon.colcon_core.package_identification:_identify(src/vesc/vesc_ackermann) by extension 'colcon_meta'
[2.882s] Level 1:colcon.colcon_core.package_identification:_identify(src/vesc/vesc_ackermann) by extensions ['ros']
[2.883s] Level 1:colcon.colcon_core.package_identification:_identify(src/vesc/vesc_ackermann) by extension 'ros'
[2.890s] DEBUG:colcon.colcon_core.package_identification:Package 'src/vesc/vesc_ackermann' with type 'ros.ament_cmake' and name 'vesc_ackermann'
[2.891s] Level 1:colcon.colcon_core.package_identification:_identify(src/vesc/vesc_driver) by extensions ['ignore', 'ignore_ament_install']
[2.891s] Level 1:colcon.colcon_core.package_identification:_identify(src/vesc/vesc_driver) by extension 'ignore'
[2.892s] Level 1:colcon.colcon_core.package_identification:_identify(src/vesc/vesc_driver) by extension 'ignore_ament_install'
[2.892s] Level 1:colcon.colcon_core.package_identification:_identify(src/vesc/vesc_driver) by extensions ['colcon_pkg']
[2.892s] Level 1:colcon.colcon_core.package_identification:_identify(src/vesc/vesc_driver) by extension 'colcon_pkg'
[2.892s] Level 1:colcon.colcon_core.package_identification:_identify(src/vesc/vesc_driver) by extensions ['colcon_meta']
[2.892s] Level 1:colcon.colcon_core.package_identification:_identify(src/vesc/vesc_driver) by extension 'colcon_meta'
[2.893s] Level 1:colcon.colcon_core.package_identification:_identify(src/vesc/vesc_driver) by extensions ['ros']
[2.893s] Level 1:colcon.colcon_core.package_identification:_identify(src/vesc/vesc_driver) by extension 'ros'
[2.900s] DEBUG:colcon.colcon_core.package_identification:Package 'src/vesc/vesc_driver' with type 'ros.ament_cmake' and name 'vesc_driver'
[2.902s] Level 1:colcon.colcon_core.package_identification:_identify(src/vesc/vesc_msgs) by extensions ['ignore', 'ignore_ament_install']
[2.902s] Level 1:colcon.colcon_core.package_identification:_identify(src/vesc/vesc_msgs) by extension 'ignore'
[2.903s] Level 1:colcon.colcon_core.package_identification:_identify(src/vesc/vesc_msgs) by extension 'ignore_ament_install'
[2.903s] Level 1:colcon.colcon_core.package_identification:_identify(src/vesc/vesc_msgs) by extensions ['colcon_pkg']
[2.903s] Level 1:colcon.colcon_core.package_identification:_identify(src/vesc/vesc_msgs) by extension 'colcon_pkg'
[2.903s] Level 1:colcon.colcon_core.package_identification:_identify(src/vesc/vesc_msgs) by extensions ['colcon_meta']
[2.904s] Level 1:colcon.colcon_core.package_identification:_identify(src/vesc/vesc_msgs) by extension 'colcon_meta'
[2.904s] Level 1:colcon.colcon_core.package_identification:_identify(src/vesc/vesc_msgs) by extensions ['ros']
[2.904s] Level 1:colcon.colcon_core.package_identification:_identify(src/vesc/vesc_msgs) by extension 'ros'
[2.909s] DEBUG:colcon.colcon_core.package_identification:Package 'src/vesc/vesc_msgs' with type 'ros.ament_cmake' and name 'vesc_msgs'
[2.909s] Level 1:colcon.colcon_core.package_discovery:discover_packages(recursive) using defaults
[2.910s] Level 1:colcon.colcon_core.package_discovery:discover_packages(ignore) discover
[2.910s] Level 1:colcon.colcon_core.package_discovery:discover_packages(ignore) using defaults
[2.910s] Level 1:colcon.colcon_core.package_discovery:discover_packages(path) discover
[2.910s] Level 1:colcon.colcon_core.package_discovery:discover_packages(path) using defaults
[3.055s] Level 5:colcon.colcon_core.verb:set package 'my_f1tenth_pkg' build argument 'cmake_args' from command line to 'None'
[3.055s] Level 5:colcon.colcon_core.verb:set package 'my_f1tenth_pkg' build argument 'cmake_target' from command line to 'None'
[3.055s] Level 5:colcon.colcon_core.verb:set package 'my_f1tenth_pkg' build argument 'cmake_target_skip_unavailable' from command line to 'False'
[3.055s] Level 5:colcon.colcon_core.verb:set package 'my_f1tenth_pkg' build argument 'cmake_clean_cache' from command line to 'False'
[3.055s] Level 5:colcon.colcon_core.verb:set package 'my_f1tenth_pkg' build argument 'cmake_clean_first' from command line to 'False'
[3.055s] Level 5:colcon.colcon_core.verb:set package 'my_f1tenth_pkg' build argument 'cmake_force_configure' from command line to 'False'
[3.056s] Level 5:colcon.colcon_core.verb:set package 'my_f1tenth_pkg' build argument 'ament_cmake_args' from command line to 'None'
[3.056s] Level 5:colcon.colcon_core.verb:set package 'my_f1tenth_pkg' build argument 'catkin_cmake_args' from command line to 'None'
[3.056s] Level 5:colcon.colcon_core.verb:set package 'my_f1tenth_pkg' build argument 'catkin_skip_building_tests' from command line to 'False'
[3.056s] DEBUG:colcon.colcon_core.verb:Building package 'my_f1tenth_pkg' with the following arguments: {'ament_cmake_args': None, 'build_base': '/root/ros2_ws/build/my_f1tenth_pkg', 'catkin_cmake_args': None, 'catkin_skip_building_tests': False, 'cmake_args': None, 'cmake_clean_cache': False, 'cmake_clean_first': False, 'cmake_force_configure': False, 'cmake_target': None, 'cmake_target_skip_unavailable': False, 'install_base': '/root/ros2_ws/install/my_f1tenth_pkg', 'merge_install': False, 'path': '/root/ros2_ws/src/my_f1tenth_pkg', 'symlink_install': True, 'test_result_base': None}
[3.061s] Level 5:colcon.colcon_core.verb:set package 'sllidar_ros2' build argument 'cmake_args' from command line to 'None'
[3.061s] Level 5:colcon.colcon_core.verb:set package 'sllidar_ros2' build argument 'cmake_target' from command line to 'None'
[3.061s] Level 5:colcon.colcon_core.verb:set package 'sllidar_ros2' build argument 'cmake_target_skip_unavailable' from command line to 'False'
[3.062s] Level 5:colcon.colcon_core.verb:set package 'sllidar_ros2' build argument 'cmake_clean_cache' from command line to 'False'
[3.062s] Level 5:colcon.colcon_core.verb:set package 'sllidar_ros2' build argument 'cmake_clean_first' from command line to 'False'
[3.062s] Level 5:colcon.colcon_core.verb:set package 'sllidar_ros2' build argument 'cmake_force_configure' from command line to 'False'
[3.062s] Level 5:colcon.colcon_core.verb:set package 'sllidar_ros2' build argument 'ament_cmake_args' from command line to 'None'
[3.062s] Level 5:colcon.colcon_core.verb:set package 'sllidar_ros2' build argument 'catkin_cmake_args' from command line to 'None'
[3.063s] Level 5:colcon.colcon_core.verb:set package 'sllidar_ros2' build argument 'catkin_skip_building_tests' from command line to 'False'
[3.063s] DEBUG:colcon.colcon_core.verb:Building package 'sllidar_ros2' with the following arguments: {'ament_cmake_args': None, 'build_base': '/root/ros2_ws/build/sllidar_ros2', 'catkin_cmake_args': None, 'catkin_skip_building_tests': False, 'cmake_args': None, 'cmake_clean_cache': False, 'cmake_clean_first': False, 'cmake_force_configure': False, 'cmake_target': None, 'cmake_target_skip_unavailable': False, 'install_base': '/root/ros2_ws/install/sllidar_ros2', 'merge_install': False, 'path': '/root/ros2_ws/src/sllidar_ros2', 'symlink_install': True, 'test_result_base': None}
[3.069s] Level 5:colcon.colcon_core.verb:set package 'vesc_msgs' build argument 'cmake_args' from command line to 'None'
[3.069s] Level 5:colcon.colcon_core.verb:set package 'vesc_msgs' build argument 'cmake_target' from command line to 'None'
[3.070s] Level 5:colcon.colcon_core.verb:set package 'vesc_msgs' build argument 'cmake_target_skip_unavailable' from command line to 'False'
[3.070s] Level 5:colcon.colcon_core.verb:set package 'vesc_msgs' build argument 'cmake_clean_cache' from command line to 'False'
[3.070s] Level 5:colcon.colcon_core.verb:set package 'vesc_msgs' build argument 'cmake_clean_first' from command line to 'False'
[3.070s] Level 5:colcon.colcon_core.verb:set package 'vesc_msgs' build argument 'cmake_force_configure' from command line to 'False'
[3.070s] Level 5:colcon.colcon_core.verb:set package 'vesc_msgs' build argument 'ament_cmake_args' from command line to 'None'
[3.070s] Level 5:colcon.colcon_core.verb:set package 'vesc_msgs' build argument 'catkin_cmake_args' from command line to 'None'
[3.070s] Level 5:colcon.colcon_core.verb:set package 'vesc_msgs' build argument 'catkin_skip_building_tests' from command line to 'False'
[3.070s] DEBUG:colcon.colcon_core.verb:Building package 'vesc_msgs' with the following arguments: {'ament_cmake_args': None, 'build_base': '/root/ros2_ws/build/vesc_msgs', 'catkin_cmake_args': None, 'catkin_skip_building_tests': False, 'cmake_args': None, 'cmake_clean_cache': False, 'cmake_clean_first': False, 'cmake_force_configure': False, 'cmake_target': None, 'cmake_target_skip_unavailable': False, 'install_base': '/root/ros2_ws/install/vesc_msgs', 'merge_install': False, 'path': '/root/ros2_ws/src/vesc/vesc_msgs', 'symlink_install': True, 'test_result_base': None}
[3.075s] Level 5:colcon.colcon_core.verb:set package 'vesc_ackermann' build argument 'cmake_args' from command line to 'None'
[3.075s] Level 5:colcon.colcon_core.verb:set package 'vesc_ackermann' build argument 'cmake_target' from command line to 'None'
[3.075s] Level 5:colcon.colcon_core.verb:set package 'vesc_ackermann' build argument 'cmake_target_skip_unavailable' from command line to 'False'
[3.075s] Level 5:colcon.colcon_core.verb:set package 'vesc_ackermann' build argument 'cmake_clean_cache' from command line to 'False'
[3.076s] Level 5:colcon.colcon_core.verb:set package 'vesc_ackermann' build argument 'cmake_clean_first' from command line to 'False'
[3.076s] Level 5:colcon.colcon_core.verb:set package 'vesc_ackermann' build argument 'cmake_force_configure' from command line to 'False'
[3.076s] Level 5:colcon.colcon_core.verb:set package 'vesc_ackermann' build argument 'ament_cmake_args' from command line to 'None'
[3.076s] Level 5:colcon.colcon_core.verb:set package 'vesc_ackermann' build argument 'catkin_cmake_args' from command line to 'None'
[3.076s] Level 5:colcon.colcon_core.verb:set package 'vesc_ackermann' build argument 'catkin_skip_building_tests' from command line to 'False'
[3.076s] DEBUG:colcon.colcon_core.verb:Building package 'vesc_ackermann' with the following arguments: {'ament_cmake_args': None, 'build_base': '/root/ros2_ws/build/vesc_ackermann', 'catkin_cmake_args': None, 'catkin_skip_building_tests': False, 'cmake_args': None, 'cmake_clean_cache': False, 'cmake_clean_first': False, 'cmake_force_configure': False, 'cmake_target': None, 'cmake_target_skip_unavailable': False, 'install_base': '/root/ros2_ws/install/vesc_ackermann', 'merge_install': False, 'path': '/root/ros2_ws/src/vesc/vesc_ackermann', 'symlink_install': True, 'test_result_base': None}
[3.082s] Level 5:colcon.colcon_core.verb:set package 'vesc_driver' build argument 'cmake_args' from command line to 'None'
[3.082s] Level 5:colcon.colcon_core.verb:set package 'vesc_driver' build argument 'cmake_target' from command line to 'None'
[3.082s] Level 5:colcon.colcon_core.verb:set package 'vesc_driver' build argument 'cmake_target_skip_unavailable' from command line to 'False'
[3.083s] Level 5:colcon.colcon_core.verb:set package 'vesc_driver' build argument 'cmake_clean_cache' from command line to 'False'
[3.083s] Level 5:colcon.colcon_core.verb:set package 'vesc_driver' build argument 'cmake_clean_first' from command line to 'False'
[3.083s] Level 5:colcon.colcon_core.verb:set package 'vesc_driver' build argument 'cmake_force_configure' from command line to 'False'
[3.083s] Level 5:colcon.colcon_core.verb:set package 'vesc_driver' build argument 'ament_cmake_args' from command line to 'None'
[3.083s] Level 5:colcon.colcon_core.verb:set package 'vesc_driver' build argument 'catkin_cmake_args' from command line to 'None'
[3.083s] Level 5:colcon.colcon_core.verb:set package 'vesc_driver' build argument 'catkin_skip_building_tests' from command line to 'False'
[3.084s] DEBUG:colcon.colcon_core.verb:Building package 'vesc_driver' with the following arguments: {'ament_cmake_args': None, 'build_base': '/root/ros2_ws/build/vesc_driver', 'catkin_cmake_args': None, 'catkin_skip_building_tests': False, 'cmake_args': None, 'cmake_clean_cache': False, 'cmake_clean_first': False, 'cmake_force_configure': False, 'cmake_target': None, 'cmake_target_skip_unavailable': False, 'install_base': '/root/ros2_ws/install/vesc_driver', 'merge_install': False, 'path': '/root/ros2_ws/src/vesc/vesc_driver', 'symlink_install': True, 'test_result_base': None}
[3.089s] Level 5:colcon.colcon_core.verb:set package 'vesc' build argument 'cmake_args' from command line to 'None'
[3.089s] Level 5:colcon.colcon_core.verb:set package 'vesc' build argument 'cmake_target' from command line to 'None'
[3.089s] Level 5:colcon.colcon_core.verb:set package 'vesc' build argument 'cmake_target_skip_unavailable' from command line to 'False'
[3.089s] Level 5:colcon.colcon_core.verb:set package 'vesc' build argument 'cmake_clean_cache' from command line to 'False'
[3.089s] Level 5:colcon.colcon_core.verb:set package 'vesc' build argument 'cmake_clean_first' from command line to 'False'
[3.089s] Level 5:colcon.colcon_core.verb:set package 'vesc' build argument 'cmake_force_configure' from command line to 'False'
[3.089s] Level 5:colcon.colcon_core.verb:set package 'vesc' build argument 'ament_cmake_args' from command line to 'None'
[3.090s] Level 5:colcon.colcon_core.verb:set package 'vesc' build argument 'catkin_cmake_args' from command line to 'None'
[3.090s] Level 5:colcon.colcon_core.verb:set package 'vesc' build argument 'catkin_skip_building_tests' from command line to 'False'
[3.090s] DEBUG:colcon.colcon_core.verb:Building package 'vesc' with the following arguments: {'ament_cmake_args': None, 'build_base': '/root/ros2_ws/build/vesc', 'catkin_cmake_args': None, 'catkin_skip_building_tests': False, 'cmake_args': None, 'cmake_clean_cache': False, 'cmake_clean_first': False, 'cmake_force_configure': False, 'cmake_target': None, 'cmake_target_skip_unavailable': False, 'install_base': '/root/ros2_ws/install/vesc', 'merge_install': False, 'path': '/root/ros2_ws/src/vesc/vesc', 'symlink_install': True, 'test_result_base': None}
[3.093s] INFO:colcon.colcon_core.executor:Executing jobs using 'parallel' executor
[3.111s] DEBUG:colcon.colcon_parallel_executor.executor.parallel:run_until_complete
[3.119s] INFO:colcon.colcon_ros.task.ament_cmake.build:Building ROS package in '/root/ros2_ws/src/vesc/vesc_msgs' with build type 'ament_cmake'
[3.120s] INFO:colcon.colcon_cmake.task.cmake.build:Building CMake package in '/root/ros2_ws/src/vesc/vesc_msgs'
[3.158s] INFO:colcon.colcon_core.plugin_system:Skipping extension 'colcon_core.shell.bat': Not used on non-Windows systems
[3.159s] INFO:colcon.colcon_core.shell:Skip shell extension 'powershell' for command environment: Not usable outside of PowerShell
[3.159s] DEBUG:colcon.colcon_core.shell:Skip shell extension 'dsv' for command environment
[3.212s] INFO:colcon.colcon_ros.task.ament_python.build:Building ROS package in '/root/ros2_ws/src/my_f1tenth_pkg' with build type 'ament_python'
[3.214s] Level 1:colcon.colcon_core.shell:create_environment_hook('my_f1tenth_pkg', 'ament_prefix_path')
[3.225s] INFO:colcon.colcon_core.shell:Creating environment hook '/root/ros2_ws/install/my_f1tenth_pkg/share/my_f1tenth_pkg/hook/ament_prefix_path.ps1'
[3.231s] INFO:colcon.colcon_core.shell:Creating environment descriptor '/root/ros2_ws/install/my_f1tenth_pkg/share/my_f1tenth_pkg/hook/ament_prefix_path.dsv'
[3.235s] INFO:colcon.colcon_core.shell:Creating environment hook '/root/ros2_ws/install/my_f1tenth_pkg/share/my_f1tenth_pkg/hook/ament_prefix_path.sh'
[3.247s] INFO:colcon.colcon_core.shell:Skip shell extension 'powershell' for command environment: Not usable outside of PowerShell
[3.247s] DEBUG:colcon.colcon_core.shell:Skip shell extension 'dsv' for command environment
[3.286s] INFO:colcon.colcon_ros.task.ament_cmake.build:Building ROS package in '/root/ros2_ws/src/sllidar_ros2' with build type 'ament_cmake'
[3.287s] INFO:colcon.colcon_cmake.task.cmake.build:Building CMake package in '/root/ros2_ws/src/sllidar_ros2'
[3.302s] INFO:colcon.colcon_core.shell:Skip shell extension 'powershell' for command environment: Not usable outside of PowerShell
[3.303s] DEBUG:colcon.colcon_core.shell:Skip shell extension 'dsv' for command environment
[3.373s] DEBUG:colcon.colcon_core.event_handler.log_command:Invoking command in '/root/ros2_ws/build/vesc_msgs': CMAKE_PREFIX_PATH=${CMAKE_PREFIX_PATH}:/root/ros2_ws/install/my_f1tenth_pkg:/opt/ros/foxy /usr/bin/cmake /root/ros2_ws/src/vesc/vesc_msgs -DAMENT_CMAKE_SYMLINK_INSTALL=1 -DCMAKE_INSTALL_PREFIX=/root/ros2_ws/install/vesc_msgs
[4.354s] INFO:colcon.colcon_core.task.python.build:Building Python package in '/root/ros2_ws/src/my_f1tenth_pkg'
[4.364s] INFO:colcon.colcon_core.shell:Skip shell extension 'powershell' for command environment: Not usable outside of PowerShell
[4.365s] DEBUG:colcon.colcon_core.shell:Skip shell extension 'dsv' for command environment
[4.455s] DEBUG:colcon.colcon_core.event_handler.log_command:Invoking command in '/root/ros2_ws/build/sllidar_ros2': CMAKE_PREFIX_PATH=${CMAKE_PREFIX_PATH}:/root/ros2_ws/install/my_f1tenth_pkg:/opt/ros/foxy /usr/bin/cmake /root/ros2_ws/src/sllidar_ros2 -DAMENT_CMAKE_SYMLINK_INSTALL=1 -DCMAKE_INSTALL_PREFIX=/root/ros2_ws/install/sllidar_ros2
[6.704s] DEBUG:colcon.colcon_core.task.python.build:While undoing a previous installation files outside the Python library path are being ignored: /root/ros2_ws/install/my_f1tenth_pkg/share/ament_index/resource_index/packages/my_f1tenth_pkg
[6.705s] DEBUG:colcon.colcon_core.task.python.build:While undoing a previous installation files outside the Python library path are being ignored: /root/ros2_ws/install/my_f1tenth_pkg/share/my_f1tenth_pkg/package.xml
[6.706s] DEBUG:colcon.colcon_core.task.python.build:While undoing a previous installation files outside the Python library path are being ignored: /root/ros2_ws/install/my_f1tenth_pkg/share/my_f1tenth_pkg/launch/master_launch.py
[6.707s] DEBUG:colcon.colcon_core.task.python.build:While undoing a previous installation files outside the Python library path are being ignored: /root/ros2_ws/install/my_f1tenth_pkg/lib/my_f1tenth_pkg/newodom_node
[6.707s] DEBUG:colcon.colcon_core.task.python.build:While undoing a previous installation files outside the Python library path are being ignored: /root/ros2_ws/install/my_f1tenth_pkg/lib/my_f1tenth_pkg/odom_erpm_node
[6.708s] DEBUG:colcon.colcon_core.task.python.build:While undoing a previous installation files outside the Python library path are being ignored: /root/ros2_ws/install/my_f1tenth_pkg/lib/my_f1tenth_pkg/odom_tacho_node
[6.718s] DEBUG:colcon.colcon_core.event_handler.log_command:Invoking command in '/root/ros2_ws/build/my_f1tenth_pkg': PYTHONPATH=/root/ros2_ws/build/my_f1tenth_pkg/prefix_override:/root/ros2_ws/install/my_f1tenth_pkg/lib/python3.8/site-packages:${PYTHONPATH} /usr/bin/python3 setup.py develop --editable --build-directory /root/ros2_ws/build/my_f1tenth_pkg/build --no-deps install_data
[8.411s] Level 1:colcon.colcon_core.shell:create_environment_hook('my_f1tenth_pkg', 'pythonpath_develop')
[8.421s] INFO:colcon.colcon_core.shell:Creating environment hook '/root/ros2_ws/build/my_f1tenth_pkg/share/my_f1tenth_pkg/hook/pythonpath_develop.ps1'
[8.423s] DEBUG:colcon.colcon_core.event_handler.log_command:Invoked command in '/root/ros2_ws/build/my_f1tenth_pkg' returned '0': PYTHONPATH=/root/ros2_ws/build/my_f1tenth_pkg/prefix_override:/root/ros2_ws/install/my_f1tenth_pkg/lib/python3.8/site-packages:${PYTHONPATH} /usr/bin/python3 setup.py develop --editable --build-directory /root/ros2_ws/build/my_f1tenth_pkg/build --no-deps install_data
[8.425s] INFO:colcon.colcon_core.shell:Creating environment descriptor '/root/ros2_ws/build/my_f1tenth_pkg/share/my_f1tenth_pkg/hook/pythonpath_develop.dsv'
[8.427s] INFO:colcon.colcon_core.shell:Creating environment hook '/root/ros2_ws/build/my_f1tenth_pkg/share/my_f1tenth_pkg/hook/pythonpath_develop.sh'
[8.475s] Level 1:colcon.colcon_core.environment:checking '/root/ros2_ws/install/my_f1tenth_pkg' for CMake module files
[8.479s] Level 1:colcon.colcon_core.environment:checking '/root/ros2_ws/install/my_f1tenth_pkg' for CMake config files
[8.483s] Level 1:colcon.colcon_core.environment:checking '/root/ros2_ws/install/my_f1tenth_pkg/lib'
[8.484s] Level 1:colcon.colcon_core.environment:checking '/root/ros2_ws/install/my_f1tenth_pkg/bin'
[8.484s] Level 1:colcon.colcon_core.environment:checking '/root/ros2_ws/install/my_f1tenth_pkg/lib/pkgconfig/my_f1tenth_pkg.pc'
[8.485s] Level 1:colcon.colcon_core.environment:checking '/root/ros2_ws/install/my_f1tenth_pkg/lib/python3.8/site-packages'
[8.485s] Level 1:colcon.colcon_core.shell:create_environment_hook('my_f1tenth_pkg', 'pythonpath')
[8.492s] INFO:colcon.colcon_core.shell:Creating environment hook '/root/ros2_ws/install/my_f1tenth_pkg/share/my_f1tenth_pkg/hook/pythonpath.ps1'
[8.494s] INFO:colcon.colcon_core.shell:Creating environment descriptor '/root/ros2_ws/install/my_f1tenth_pkg/share/my_f1tenth_pkg/hook/pythonpath.dsv'
[8.497s] INFO:colcon.colcon_core.shell:Creating environment hook '/root/ros2_ws/install/my_f1tenth_pkg/share/my_f1tenth_pkg/hook/pythonpath.sh'
[8.499s] Level 1:colcon.colcon_core.environment:checking '/root/ros2_ws/install/my_f1tenth_pkg/bin'
[8.500s] Level 1:colcon.colcon_core.environment:create_environment_scripts_only(my_f1tenth_pkg)
[8.510s] INFO:colcon.colcon_core.shell:Creating package script '/root/ros2_ws/install/my_f1tenth_pkg/share/my_f1tenth_pkg/package.ps1'
[8.515s] INFO:colcon.colcon_core.shell:Creating package descriptor '/root/ros2_ws/install/my_f1tenth_pkg/share/my_f1tenth_pkg/package.dsv'
[8.519s] INFO:colcon.colcon_core.shell:Creating package script '/root/ros2_ws/install/my_f1tenth_pkg/share/my_f1tenth_pkg/package.sh'
[8.525s] INFO:colcon.colcon_core.shell:Creating package script '/root/ros2_ws/install/my_f1tenth_pkg/share/my_f1tenth_pkg/package.bash'
[8.530s] INFO:colcon.colcon_core.shell:Creating package script '/root/ros2_ws/install/my_f1tenth_pkg/share/my_f1tenth_pkg/package.zsh'
[8.535s] Level 1:colcon.colcon_core.environment:create_file_with_runtime_dependencies(/root/ros2_ws/install/my_f1tenth_pkg/share/colcon-core/packages/my_f1tenth_pkg)
[11.303s] DEBUG:colcon.colcon_core.event_handler.log_command:Invoked command in '/root/ros2_ws/build/vesc_msgs' returned '0': CMAKE_PREFIX_PATH=${CMAKE_PREFIX_PATH}:/root/ros2_ws/install/my_f1tenth_pkg:/opt/ros/foxy /usr/bin/cmake /root/ros2_ws/src/vesc/vesc_msgs -DAMENT_CMAKE_SYMLINK_INSTALL=1 -DCMAKE_INSTALL_PREFIX=/root/ros2_ws/install/vesc_msgs
[11.313s] DEBUG:colcon.colcon_core.event_handler.log_command:Invoking command in '/root/ros2_ws/build/vesc_msgs': CMAKE_PREFIX_PATH=${CMAKE_PREFIX_PATH}:/root/ros2_ws/install/my_f1tenth_pkg:/opt/ros/foxy /usr/bin/cmake --build /root/ros2_ws/build/vesc_msgs -- -j4 -l4
[13.406s] DEBUG:colcon.colcon_core.event_handler.log_command:Invoked command in '/root/ros2_ws/build/sllidar_ros2' returned '0': CMAKE_PREFIX_PATH=${CMAKE_PREFIX_PATH}:/root/ros2_ws/install/my_f1tenth_pkg:/opt/ros/foxy /usr/bin/cmake /root/ros2_ws/src/sllidar_ros2 -DAMENT_CMAKE_SYMLINK_INSTALL=1 -DCMAKE_INSTALL_PREFIX=/root/ros2_ws/install/sllidar_ros2
[13.408s] DEBUG:colcon.colcon_core.event_handler.log_command:Invoking command in '/root/ros2_ws/build/sllidar_ros2': CMAKE_PREFIX_PATH=${CMAKE_PREFIX_PATH}:/root/ros2_ws/install/my_f1tenth_pkg:/opt/ros/foxy /usr/bin/cmake --build /root/ros2_ws/build/sllidar_ros2 -- -j4 -l4
[13.916s] DEBUG:colcon.colcon_core.event_handler.log_command:Invoked command in '/root/ros2_ws/build/vesc_msgs' returned '0': CMAKE_PREFIX_PATH=${CMAKE_PREFIX_PATH}:/root/ros2_ws/install/my_f1tenth_pkg:/opt/ros/foxy /usr/bin/cmake --build /root/ros2_ws/build/vesc_msgs -- -j4 -l4
[15.104s] DEBUG:colcon.colcon_core.event_handler.log_command:Invoking command in '/root/ros2_ws/build/vesc_msgs': CMAKE_PREFIX_PATH=${CMAKE_PREFIX_PATH}:/root/ros2_ws/install/my_f1tenth_pkg:/opt/ros/foxy /usr/bin/cmake --install /root/ros2_ws/build/vesc_msgs
[26.585s] Level 1:colcon.colcon_core.environment:create_environment_scripts_only(vesc_msgs)
[26.587s] DEBUG:colcon.colcon_core.event_handler.log_command:Invoked command in '/root/ros2_ws/build/vesc_msgs' returned '0': CMAKE_PREFIX_PATH=${CMAKE_PREFIX_PATH}:/root/ros2_ws/install/my_f1tenth_pkg:/opt/ros/foxy /usr/bin/cmake --install /root/ros2_ws/build/vesc_msgs
[26.619s] Level 1:colcon.colcon_core.environment:checking '/root/ros2_ws/install/vesc_msgs' for CMake module files
[26.636s] Level 1:colcon.colcon_core.environment:checking '/root/ros2_ws/install/vesc_msgs' for CMake config files
[26.668s] Level 1:colcon.colcon_core.shell:create_environment_hook('vesc_msgs', 'cmake_prefix_path')
[26.703s] INFO:colcon.colcon_core.shell:Creating environment hook '/root/ros2_ws/install/vesc_msgs/share/vesc_msgs/hook/cmake_prefix_path.ps1'
[26.717s] INFO:colcon.colcon_core.shell:Creating environment descriptor '/root/ros2_ws/install/vesc_msgs/share/vesc_msgs/hook/cmake_prefix_path.dsv'
[26.719s] INFO:colcon.colcon_core.shell:Creating environment hook '/root/ros2_ws/install/vesc_msgs/share/vesc_msgs/hook/cmake_prefix_path.sh'
[26.723s] Level 1:colcon.colcon_core.environment:checking '/root/ros2_ws/install/vesc_msgs/lib'
[26.724s] Level 1:colcon.colcon_core.shell:create_environment_hook('vesc_msgs', 'ld_library_path_lib')
[26.758s] INFO:colcon.colcon_core.shell:Creating environment hook '/root/ros2_ws/install/vesc_msgs/share/vesc_msgs/hook/ld_library_path_lib.ps1'
[26.760s] INFO:colcon.colcon_core.shell:Creating environment descriptor '/root/ros2_ws/install/vesc_msgs/share/vesc_msgs/hook/ld_library_path_lib.dsv'
[26.770s] INFO:colcon.colcon_core.shell:Creating environment hook '/root/ros2_ws/install/vesc_msgs/share/vesc_msgs/hook/ld_library_path_lib.sh'
[26.772s] Level 1:colcon.colcon_core.environment:checking '/root/ros2_ws/install/vesc_msgs/bin'
[26.772s] Level 1:colcon.colcon_core.environment:checking '/root/ros2_ws/install/vesc_msgs/lib/pkgconfig/vesc_msgs.pc'
[26.774s] Level 1:colcon.colcon_core.environment:checking '/root/ros2_ws/install/vesc_msgs/lib/python3.8/site-packages'
[26.774s] Level 1:colcon.colcon_core.shell:create_environment_hook('vesc_msgs', 'pythonpath')
[26.806s] INFO:colcon.colcon_core.shell:Creating environment hook '/root/ros2_ws/install/vesc_msgs/share/vesc_msgs/hook/pythonpath.ps1'
[26.808s] INFO:colcon.colcon_core.shell:Creating environment descriptor '/root/ros2_ws/install/vesc_msgs/share/vesc_msgs/hook/pythonpath.dsv'
[26.816s] INFO:colcon.colcon_core.shell:Creating environment hook '/root/ros2_ws/install/vesc_msgs/share/vesc_msgs/hook/pythonpath.sh'
[26.818s] Level 1:colcon.colcon_core.environment:checking '/root/ros2_ws/install/vesc_msgs/bin'
[26.838s] INFO:colcon.colcon_core.shell:Creating package script '/root/ros2_ws/install/vesc_msgs/share/vesc_msgs/package.ps1'
[26.851s] INFO:colcon.colcon_core.shell:Creating package descriptor '/root/ros2_ws/install/vesc_msgs/share/vesc_msgs/package.dsv'
[26.866s] INFO:colcon.colcon_core.shell:Creating package script '/root/ros2_ws/install/vesc_msgs/share/vesc_msgs/package.sh'
[26.873s] INFO:colcon.colcon_core.shell:Creating package script '/root/ros2_ws/install/vesc_msgs/share/vesc_msgs/package.bash'
[26.889s] INFO:colcon.colcon_core.shell:Creating package script '/root/ros2_ws/install/vesc_msgs/share/vesc_msgs/package.zsh'
[26.893s] Level 1:colcon.colcon_core.environment:create_file_with_runtime_dependencies(/root/ros2_ws/install/vesc_msgs/share/colcon-core/packages/vesc_msgs)
[29.162s] Level 1:colcon.colcon_core.environment:create_environment_scripts_only(vesc_msgs)
[29.189s] Level 1:colcon.colcon_core.environment:checking '/root/ros2_ws/install/vesc_msgs' for CMake module files
[29.204s] Level 1:colcon.colcon_core.environment:checking '/root/ros2_ws/install/vesc_msgs' for CMake config files
[29.210s] Level 1:colcon.colcon_core.shell:create_environment_hook('vesc_msgs', 'cmake_prefix_path')
[29.227s] INFO:colcon.colcon_core.shell:Creating environment hook '/root/ros2_ws/install/vesc_msgs/share/vesc_msgs/hook/cmake_prefix_path.ps1'
[29.233s] INFO:colcon.colcon_core.shell:Creating environment descriptor '/root/ros2_ws/install/vesc_msgs/share/vesc_msgs/hook/cmake_prefix_path.dsv'
[29.235s] INFO:colcon.colcon_core.shell:Creating environment hook '/root/ros2_ws/install/vesc_msgs/share/vesc_msgs/hook/cmake_prefix_path.sh'
[29.242s] Level 1:colcon.colcon_core.environment:checking '/root/ros2_ws/install/vesc_msgs/lib'
[29.243s] Level 1:colcon.colcon_core.shell:create_environment_hook('vesc_msgs', 'ld_library_path_lib')
[29.272s] INFO:colcon.colcon_core.shell:Creating environment hook '/root/ros2_ws/install/vesc_msgs/share/vesc_msgs/hook/ld_library_path_lib.ps1'
[29.278s] INFO:colcon.colcon_core.shell:Creating environment descriptor '/root/ros2_ws/install/vesc_msgs/share/vesc_msgs/hook/ld_library_path_lib.dsv'
[29.285s] INFO:colcon.colcon_core.shell:Creating environment hook '/root/ros2_ws/install/vesc_msgs/share/vesc_msgs/hook/ld_library_path_lib.sh'
[29.287s] Level 1:colcon.colcon_core.environment:checking '/root/ros2_ws/install/vesc_msgs/bin'
[29.287s] Level 1:colcon.colcon_core.environment:checking '/root/ros2_ws/install/vesc_msgs/lib/pkgconfig/vesc_msgs.pc'
[29.293s] Level 1:colcon.colcon_core.environment:checking '/root/ros2_ws/install/vesc_msgs/lib/python3.8/site-packages'
[29.295s] Level 1:colcon.colcon_core.shell:create_environment_hook('vesc_msgs', 'pythonpath')
[29.317s] INFO:colcon.colcon_core.shell:Creating environment hook '/root/ros2_ws/install/vesc_msgs/share/vesc_msgs/hook/pythonpath.ps1'
[29.319s] INFO:colcon.colcon_core.shell:Creating environment descriptor '/root/ros2_ws/install/vesc_msgs/share/vesc_msgs/hook/pythonpath.dsv'
[29.322s] INFO:colcon.colcon_core.shell:Creating environment hook '/root/ros2_ws/install/vesc_msgs/share/vesc_msgs/hook/pythonpath.sh'
[29.325s] Level 1:colcon.colcon_core.environment:checking '/root/ros2_ws/install/vesc_msgs/bin'
[29.339s] INFO:colcon.colcon_core.shell:Creating package script '/root/ros2_ws/install/vesc_msgs/share/vesc_msgs/package.ps1'
[29.342s] INFO:colcon.colcon_core.shell:Creating package descriptor '/root/ros2_ws/install/vesc_msgs/share/vesc_msgs/package.dsv'
[29.348s] INFO:colcon.colcon_core.shell:Creating package script '/root/ros2_ws/install/vesc_msgs/share/vesc_msgs/package.sh'
[29.356s] INFO:colcon.colcon_core.shell:Creating package script '/root/ros2_ws/install/vesc_msgs/share/vesc_msgs/package.bash'
[29.359s] INFO:colcon.colcon_core.shell:Creating package script '/root/ros2_ws/install/vesc_msgs/share/vesc_msgs/package.zsh'
[29.365s] Level 1:colcon.colcon_core.environment:create_file_with_runtime_dependencies(/root/ros2_ws/install/vesc_msgs/share/colcon-core/packages/vesc_msgs)
[29.376s] INFO:colcon.colcon_ros.task.ament_cmake.build:Building ROS package in '/root/ros2_ws/src/vesc/vesc_ackermann' with build type 'ament_cmake'
[29.380s] INFO:colcon.colcon_cmake.task.cmake.build:Building CMake package in '/root/ros2_ws/src/vesc/vesc_ackermann'
[29.411s] INFO:colcon.colcon_core.shell:Skip shell extension 'powershell' for command environment: Not usable outside of PowerShell
[29.413s] DEBUG:colcon.colcon_core.shell:Skip shell extension 'dsv' for command environment
[29.533s] INFO:colcon.colcon_ros.task.ament_cmake.build:Building ROS package in '/root/ros2_ws/src/vesc/vesc_driver' with build type 'ament_cmake'
[29.536s] INFO:colcon.colcon_cmake.task.cmake.build:Building CMake package in '/root/ros2_ws/src/vesc/vesc_driver'
[29.551s] INFO:colcon.colcon_core.shell:Skip shell extension 'powershell' for command environment: Not usable outside of PowerShell
[29.552s] DEBUG:colcon.colcon_core.shell:Skip shell extension 'dsv' for command environment
[29.652s] DEBUG:colcon.colcon_core.event_handler.log_command:Invoking command in '/root/ros2_ws/build/vesc_ackermann': CMAKE_PREFIX_PATH=/root/ros2_ws/install/vesc_msgs:/root/ros2_ws/install/vesc:/root/ros2_ws/install/vesc_driver:/root/ros2_ws/install/vesc_ackermann:/root/ros2_ws/install/my_f1tenth_pkg:/opt/ros/foxy LD_LIBRARY_PATH=/root/ros2_ws/install/vesc_msgs/lib:/root/ros2_ws/install/vesc_driver/lib:/root/ros2_ws/install/vesc_ackermann/lib:/opt/ros/foxy/opt/yaml_cpp_vendor/lib:/opt/ros/foxy/opt/rviz_ogre_vendor/lib:/opt/ros/foxy/lib/aarch64-linux-gnu:/opt/ros/foxy/lib /usr/bin/cmake /root/ros2_ws/src/vesc/vesc_ackermann -DAMENT_CMAKE_SYMLINK_INSTALL=1 -DCMAKE_INSTALL_PREFIX=/root/ros2_ws/install/vesc_ackermann
[29.695s] DEBUG:colcon.colcon_core.event_handler.log_command:Invoking command in '/root/ros2_ws/build/vesc_driver': CMAKE_PREFIX_PATH=/root/ros2_ws/install/vesc_msgs:/root/ros2_ws/install/vesc:/root/ros2_ws/install/vesc_driver:/root/ros2_ws/install/vesc_ackermann:/root/ros2_ws/install/my_f1tenth_pkg:/opt/ros/foxy LD_LIBRARY_PATH=/root/ros2_ws/install/vesc_msgs/lib:/root/ros2_ws/install/vesc_driver/lib:/root/ros2_ws/install/vesc_ackermann/lib:/opt/ros/foxy/opt/yaml_cpp_vendor/lib:/opt/ros/foxy/opt/rviz_ogre_vendor/lib:/opt/ros/foxy/lib/aarch64-linux-gnu:/opt/ros/foxy/lib /usr/bin/cmake /root/ros2_ws/src/vesc/vesc_driver -DAMENT_CMAKE_SYMLINK_INSTALL=1 -DCMAKE_INSTALL_PREFIX=/root/ros2_ws/install/vesc_driver
[41.042s] DEBUG:colcon.colcon_core.event_handler.log_command:Invoked command in '/root/ros2_ws/build/vesc_ackermann' returned '0': CMAKE_PREFIX_PATH=/root/ros2_ws/install/vesc_msgs:/root/ros2_ws/install/vesc:/root/ros2_ws/install/vesc_driver:/root/ros2_ws/install/vesc_ackermann:/root/ros2_ws/install/my_f1tenth_pkg:/opt/ros/foxy LD_LIBRARY_PATH=/root/ros2_ws/install/vesc_msgs/lib:/root/ros2_ws/install/vesc_driver/lib:/root/ros2_ws/install/vesc_ackermann/lib:/opt/ros/foxy/opt/yaml_cpp_vendor/lib:/opt/ros/foxy/opt/rviz_ogre_vendor/lib:/opt/ros/foxy/lib/aarch64-linux-gnu:/opt/ros/foxy/lib /usr/bin/cmake /root/ros2_ws/src/vesc/vesc_ackermann -DAMENT_CMAKE_SYMLINK_INSTALL=1 -DCMAKE_INSTALL_PREFIX=/root/ros2_ws/install/vesc_ackermann
[41.044s] DEBUG:colcon.colcon_core.event_handler.log_command:Invoking command in '/root/ros2_ws/build/vesc_ackermann': CMAKE_PREFIX_PATH=/root/ros2_ws/install/vesc_msgs:/root/ros2_ws/install/vesc:/root/ros2_ws/install/vesc_driver:/root/ros2_ws/install/vesc_ackermann:/root/ros2_ws/install/my_f1tenth_pkg:/opt/ros/foxy LD_LIBRARY_PATH=/root/ros2_ws/install/vesc_msgs/lib:/root/ros2_ws/install/vesc_driver/lib:/root/ros2_ws/install/vesc_ackermann/lib:/opt/ros/foxy/opt/yaml_cpp_vendor/lib:/opt/ros/foxy/opt/rviz_ogre_vendor/lib:/opt/ros/foxy/lib/aarch64-linux-gnu:/opt/ros/foxy/lib /usr/bin/cmake --build /root/ros2_ws/build/vesc_ackermann -- -j4 -l4
[42.330s] DEBUG:colcon.colcon_core.event_handler.log_command:Invoked command in '/root/ros2_ws/build/vesc_driver' returned '0': CMAKE_PREFIX_PATH=/root/ros2_ws/install/vesc_msgs:/root/ros2_ws/install/vesc:/root/ros2_ws/install/vesc_driver:/root/ros2_ws/install/vesc_ackermann:/root/ros2_ws/install/my_f1tenth_pkg:/opt/ros/foxy LD_LIBRARY_PATH=/root/ros2_ws/install/vesc_msgs/lib:/root/ros2_ws/install/vesc_driver/lib:/root/ros2_ws/install/vesc_ackermann/lib:/opt/ros/foxy/opt/yaml_cpp_vendor/lib:/opt/ros/foxy/opt/rviz_ogre_vendor/lib:/opt/ros/foxy/lib/aarch64-linux-gnu:/opt/ros/foxy/lib /usr/bin/cmake /root/ros2_ws/src/vesc/vesc_driver -DAMENT_CMAKE_SYMLINK_INSTALL=1 -DCMAKE_INSTALL_PREFIX=/root/ros2_ws/install/vesc_driver
[42.332s] DEBUG:colcon.colcon_core.event_handler.log_command:Invoking command in '/root/ros2_ws/build/vesc_driver': CMAKE_PREFIX_PATH=/root/ros2_ws/install/vesc_msgs:/root/ros2_ws/install/vesc:/root/ros2_ws/install/vesc_driver:/root/ros2_ws/install/vesc_ackermann:/root/ros2_ws/install/my_f1tenth_pkg:/opt/ros/foxy LD_LIBRARY_PATH=/root/ros2_ws/install/vesc_msgs/lib:/root/ros2_ws/install/vesc_driver/lib:/root/ros2_ws/install/vesc_ackermann/lib:/opt/ros/foxy/opt/yaml_cpp_vendor/lib:/opt/ros/foxy/opt/rviz_ogre_vendor/lib:/opt/ros/foxy/lib/aarch64-linux-gnu:/opt/ros/foxy/lib /usr/bin/cmake --build /root/ros2_ws/build/vesc_driver -- -j4 -l4
[47.444s] DEBUG:colcon.colcon_core.event_handler.log_command:Invoked command in '/root/ros2_ws/build/vesc_ackermann' returned '0': CMAKE_PREFIX_PATH=/root/ros2_ws/install/vesc_msgs:/root/ros2_ws/install/vesc:/root/ros2_ws/install/vesc_driver:/root/ros2_ws/install/vesc_ackermann:/root/ros2_ws/install/my_f1tenth_pkg:/opt/ros/foxy LD_LIBRARY_PATH=/root/ros2_ws/install/vesc_msgs/lib:/root/ros2_ws/install/vesc_driver/lib:/root/ros2_ws/install/vesc_ackermann/lib:/opt/ros/foxy/opt/yaml_cpp_vendor/lib:/opt/ros/foxy/opt/rviz_ogre_vendor/lib:/opt/ros/foxy/lib/aarch64-linux-gnu:/opt/ros/foxy/lib /usr/bin/cmake --build /root/ros2_ws/build/vesc_ackermann -- -j4 -l4
[47.569s] DEBUG:colcon.colcon_core.event_handler.log_command:Invoked command in '/root/ros2_ws/build/sllidar_ros2' returned '0': CMAKE_PREFIX_PATH=${CMAKE_PREFIX_PATH}:/root/ros2_ws/install/my_f1tenth_pkg:/opt/ros/foxy /usr/bin/cmake --build /root/ros2_ws/build/sllidar_ros2 -- -j4 -l4
[47.614s] DEBUG:colcon.colcon_core.event_handler.log_command:Invoking command in '/root/ros2_ws/build/vesc_ackermann': CMAKE_PREFIX_PATH=/root/ros2_ws/install/vesc_msgs:/root/ros2_ws/install/vesc:/root/ros2_ws/install/vesc_driver:/root/ros2_ws/install/vesc_ackermann:/root/ros2_ws/install/my_f1tenth_pkg:/opt/ros/foxy LD_LIBRARY_PATH=/root/ros2_ws/install/vesc_msgs/lib:/root/ros2_ws/install/vesc_driver/lib:/root/ros2_ws/install/vesc_ackermann/lib:/opt/ros/foxy/opt/yaml_cpp_vendor/lib:/opt/ros/foxy/opt/rviz_ogre_vendor/lib:/opt/ros/foxy/lib/aarch64-linux-gnu:/opt/ros/foxy/lib /usr/bin/cmake --install /root/ros2_ws/build/vesc_ackermann
[47.849s] DEBUG:colcon.colcon_core.event_handler.log_command:Invoking command in '/root/ros2_ws/build/sllidar_ros2': CMAKE_PREFIX_PATH=${CMAKE_PREFIX_PATH}:/root/ros2_ws/install/my_f1tenth_pkg:/opt/ros/foxy /usr/bin/cmake --install /root/ros2_ws/build/sllidar_ros2
[48.597s] DEBUG:colcon.colcon_core.event_handler.log_command:Invoked command in '/root/ros2_ws/build/vesc_driver' returned '0': CMAKE_PREFIX_PATH=/root/ros2_ws/install/vesc_msgs:/root/ros2_ws/install/vesc:/root/ros2_ws/install/vesc_driver:/root/ros2_ws/install/vesc_ackermann:/root/ros2_ws/install/my_f1tenth_pkg:/opt/ros/foxy LD_LIBRARY_PATH=/root/ros2_ws/install/vesc_msgs/lib:/root/ros2_ws/install/vesc_driver/lib:/root/ros2_ws/install/vesc_ackermann/lib:/opt/ros/foxy/opt/yaml_cpp_vendor/lib:/opt/ros/foxy/opt/rviz_ogre_vendor/lib:/opt/ros/foxy/lib/aarch64-linux-gnu:/opt/ros/foxy/lib /usr/bin/cmake --build /root/ros2_ws/build/vesc_driver -- -j4 -l4
[48.777s] DEBUG:colcon.colcon_core.event_handler.log_command:Invoking command in '/root/ros2_ws/build/vesc_driver': CMAKE_PREFIX_PATH=/root/ros2_ws/install/vesc_msgs:/root/ros2_ws/install/vesc:/root/ros2_ws/install/vesc_driver:/root/ros2_ws/install/vesc_ackermann:/root/ros2_ws/install/my_f1tenth_pkg:/opt/ros/foxy LD_LIBRARY_PATH=/root/ros2_ws/install/vesc_msgs/lib:/root/ros2_ws/install/vesc_driver/lib:/root/ros2_ws/install/vesc_ackermann/lib:/opt/ros/foxy/opt/yaml_cpp_vendor/lib:/opt/ros/foxy/opt/rviz_ogre_vendor/lib:/opt/ros/foxy/lib/aarch64-linux-gnu:/opt/ros/foxy/lib /usr/bin/cmake --install /root/ros2_ws/build/vesc_driver
[48.835s] Level 1:colcon.colcon_core.environment:create_environment_scripts_only(vesc_ackermann)
[48.844s] DEBUG:colcon.colcon_core.event_handler.log_command:Invoked command in '/root/ros2_ws/build/vesc_ackermann' returned '0': CMAKE_PREFIX_PATH=/root/ros2_ws/install/vesc_msgs:/root/ros2_ws/install/vesc:/root/ros2_ws/install/vesc_driver:/root/ros2_ws/install/vesc_ackermann:/root/ros2_ws/install/my_f1tenth_pkg:/opt/ros/foxy LD_LIBRARY_PATH=/root/ros2_ws/install/vesc_msgs/lib:/root/ros2_ws/install/vesc_driver/lib:/root/ros2_ws/install/vesc_ackermann/lib:/opt/ros/foxy/opt/yaml_cpp_vendor/lib:/opt/ros/foxy/opt/rviz_ogre_vendor/lib:/opt/ros/foxy/lib/aarch64-linux-gnu:/opt/ros/foxy/lib /usr/bin/cmake --install /root/ros2_ws/build/vesc_ackermann
[48.853s] Level 1:colcon.colcon_core.environment:checking '/root/ros2_ws/install/vesc_ackermann' for CMake module files
[48.859s] Level 1:colcon.colcon_core.environment:checking '/root/ros2_ws/install/vesc_ackermann' for CMake config files
[48.861s] Level 1:colcon.colcon_core.shell:create_environment_hook('vesc_ackermann', 'cmake_prefix_path')
[48.870s] INFO:colcon.colcon_core.shell:Creating environment hook '/root/ros2_ws/install/vesc_ackermann/share/vesc_ackermann/hook/cmake_prefix_path.ps1'
[48.874s] INFO:colcon.colcon_core.shell:Creating environment descriptor '/root/ros2_ws/install/vesc_ackermann/share/vesc_ackermann/hook/cmake_prefix_path.dsv'
[48.875s] INFO:colcon.colcon_core.shell:Creating environment hook '/root/ros2_ws/install/vesc_ackermann/share/vesc_ackermann/hook/cmake_prefix_path.sh'
[48.878s] Level 1:colcon.colcon_core.environment:checking '/root/ros2_ws/install/vesc_ackermann/lib'
[48.879s] Level 1:colcon.colcon_core.shell:create_environment_hook('vesc_ackermann', 'ld_library_path_lib')
[48.886s] INFO:colcon.colcon_core.shell:Creating environment hook '/root/ros2_ws/install/vesc_ackermann/share/vesc_ackermann/hook/ld_library_path_lib.ps1'
[48.889s] INFO:colcon.colcon_core.shell:Creating environment descriptor '/root/ros2_ws/install/vesc_ackermann/share/vesc_ackermann/hook/ld_library_path_lib.dsv'
[48.893s] INFO:colcon.colcon_core.shell:Creating environment hook '/root/ros2_ws/install/vesc_ackermann/share/vesc_ackermann/hook/ld_library_path_lib.sh'
[48.895s] Level 1:colcon.colcon_core.environment:checking '/root/ros2_ws/install/vesc_ackermann/bin'
[48.896s] Level 1:colcon.colcon_core.environment:checking '/root/ros2_ws/install/vesc_ackermann/lib/pkgconfig/vesc_ackermann.pc'
[48.897s] Level 1:colcon.colcon_core.environment:checking '/root/ros2_ws/install/vesc_ackermann/lib/python3.8/site-packages'
[48.898s] Level 1:colcon.colcon_core.environment:checking '/root/ros2_ws/install/vesc_ackermann/bin'
[48.906s] INFO:colcon.colcon_core.shell:Creating package script '/root/ros2_ws/install/vesc_ackermann/share/vesc_ackermann/package.ps1'
[48.909s] INFO:colcon.colcon_core.shell:Creating package descriptor '/root/ros2_ws/install/vesc_ackermann/share/vesc_ackermann/package.dsv'
[48.911s] INFO:colcon.colcon_core.shell:Creating package script '/root/ros2_ws/install/vesc_ackermann/share/vesc_ackermann/package.sh'
[48.914s] INFO:colcon.colcon_core.shell:Creating package script '/root/ros2_ws/install/vesc_ackermann/share/vesc_ackermann/package.bash'
[48.916s] INFO:colcon.colcon_core.shell:Creating package script '/root/ros2_ws/install/vesc_ackermann/share/vesc_ackermann/package.zsh'
[48.917s] Level 1:colcon.colcon_core.environment:create_file_with_runtime_dependencies(/root/ros2_ws/install/vesc_ackermann/share/colcon-core/packages/vesc_ackermann)
[49.071s] Level 1:colcon.colcon_core.environment:create_environment_scripts_only(vesc_ackermann)
[49.083s] Level 1:colcon.colcon_core.environment:checking '/root/ros2_ws/install/vesc_ackermann' for CMake module files
[49.086s] Level 1:colcon.colcon_core.environment:checking '/root/ros2_ws/install/vesc_ackermann' for CMake config files
[49.089s] Level 1:colcon.colcon_core.shell:create_environment_hook('vesc_ackermann', 'cmake_prefix_path')
[49.097s] INFO:colcon.colcon_core.shell:Creating environment hook '/root/ros2_ws/install/vesc_ackermann/share/vesc_ackermann/hook/cmake_prefix_path.ps1'
[49.103s] INFO:colcon.colcon_core.shell:Creating environment descriptor '/root/ros2_ws/install/vesc_ackermann/share/vesc_ackermann/hook/cmake_prefix_path.dsv'
[49.105s] INFO:colcon.colcon_core.shell:Creating environment hook '/root/ros2_ws/install/vesc_ackermann/share/vesc_ackermann/hook/cmake_prefix_path.sh'
[49.108s] Level 1:colcon.colcon_core.environment:checking '/root/ros2_ws/install/vesc_ackermann/lib'
[49.109s] Level 1:colcon.colcon_core.shell:create_environment_hook('vesc_ackermann', 'ld_library_path_lib')
[49.116s] INFO:colcon.colcon_core.shell:Creating environment hook '/root/ros2_ws/install/vesc_ackermann/share/vesc_ackermann/hook/ld_library_path_lib.ps1'
[49.118s] INFO:colcon.colcon_core.shell:Creating environment descriptor '/root/ros2_ws/install/vesc_ackermann/share/vesc_ackermann/hook/ld_library_path_lib.dsv'
[49.120s] INFO:colcon.colcon_core.shell:Creating environment hook '/root/ros2_ws/install/vesc_ackermann/share/vesc_ackermann/hook/ld_library_path_lib.sh'
[49.122s] Level 1:colcon.colcon_core.environment:checking '/root/ros2_ws/install/vesc_ackermann/bin'
[49.122s] Level 1:colcon.colcon_core.environment:checking '/root/ros2_ws/install/vesc_ackermann/lib/pkgconfig/vesc_ackermann.pc'
[49.123s] Level 1:colcon.colcon_core.environment:checking '/root/ros2_ws/install/vesc_ackermann/lib/python3.8/site-packages'
[49.124s] Level 1:colcon.colcon_core.environment:checking '/root/ros2_ws/install/vesc_ackermann/bin'
[49.134s] INFO:colcon.colcon_core.shell:Creating package script '/root/ros2_ws/install/vesc_ackermann/share/vesc_ackermann/package.ps1'
[49.137s] INFO:colcon.colcon_core.shell:Creating package descriptor '/root/ros2_ws/install/vesc_ackermann/share/vesc_ackermann/package.dsv'
[49.140s] INFO:colcon.colcon_core.shell:Creating package script '/root/ros2_ws/install/vesc_ackermann/share/vesc_ackermann/package.sh'
[49.142s] INFO:colcon.colcon_core.shell:Creating package script '/root/ros2_ws/install/vesc_ackermann/share/vesc_ackermann/package.bash'
[49.144s] INFO:colcon.colcon_core.shell:Creating package script '/root/ros2_ws/install/vesc_ackermann/share/vesc_ackermann/package.zsh'
[49.147s] Level 1:colcon.colcon_core.environment:create_file_with_runtime_dependencies(/root/ros2_ws/install/vesc_ackermann/share/colcon-core/packages/vesc_ackermann)
[49.629s] Level 1:colcon.colcon_core.environment:create_environment_scripts_only(sllidar_ros2)
[49.640s] Level 1:colcon.colcon_core.environment:checking '/root/ros2_ws/install/sllidar_ros2' for CMake module files
[49.642s] DEBUG:colcon.colcon_core.event_handler.log_command:Invoked command in '/root/ros2_ws/build/sllidar_ros2' returned '0': CMAKE_PREFIX_PATH=${CMAKE_PREFIX_PATH}:/root/ros2_ws/install/my_f1tenth_pkg:/opt/ros/foxy /usr/bin/cmake --install /root/ros2_ws/build/sllidar_ros2
[49.644s] Level 1:colcon.colcon_core.environment:checking '/root/ros2_ws/install/sllidar_ros2' for CMake config files
[49.645s] Level 1:colcon.colcon_core.shell:create_environment_hook('sllidar_ros2', 'cmake_prefix_path')
[49.652s] INFO:colcon.colcon_core.shell:Creating environment hook '/root/ros2_ws/install/sllidar_ros2/share/sllidar_ros2/hook/cmake_prefix_path.ps1'
[49.654s] INFO:colcon.colcon_core.shell:Creating environment descriptor '/root/ros2_ws/install/sllidar_ros2/share/sllidar_ros2/hook/cmake_prefix_path.dsv'
[49.655s] INFO:colcon.colcon_core.shell:Creating environment hook '/root/ros2_ws/install/sllidar_ros2/share/sllidar_ros2/hook/cmake_prefix_path.sh'
[49.658s] Level 1:colcon.colcon_core.environment:checking '/root/ros2_ws/install/sllidar_ros2/lib'
[49.658s] Level 1:colcon.colcon_core.environment:checking '/root/ros2_ws/install/sllidar_ros2/bin'
[49.658s] Level 1:colcon.colcon_core.environment:checking '/root/ros2_ws/install/sllidar_ros2/lib/pkgconfig/sllidar_ros2.pc'
[49.660s] Level 1:colcon.colcon_core.environment:checking '/root/ros2_ws/install/sllidar_ros2/lib/python3.8/site-packages'
[49.661s] Level 1:colcon.colcon_core.environment:checking '/root/ros2_ws/install/sllidar_ros2/bin'
[49.668s] INFO:colcon.colcon_core.shell:Creating package script '/root/ros2_ws/install/sllidar_ros2/share/sllidar_ros2/package.ps1'
[49.671s] INFO:colcon.colcon_core.shell:Creating package descriptor '/root/ros2_ws/install/sllidar_ros2/share/sllidar_ros2/package.dsv'
[49.673s] INFO:colcon.colcon_core.shell:Creating package script '/root/ros2_ws/install/sllidar_ros2/share/sllidar_ros2/package.sh'
[49.674s] INFO:colcon.colcon_core.shell:Creating package script '/root/ros2_ws/install/sllidar_ros2/share/sllidar_ros2/package.bash'
[49.675s] INFO:colcon.colcon_core.shell:Creating package script '/root/ros2_ws/install/sllidar_ros2/share/sllidar_ros2/package.zsh'
[49.677s] Level 1:colcon.colcon_core.environment:create_file_with_runtime_dependencies(/root/ros2_ws/install/sllidar_ros2/share/colcon-core/packages/sllidar_ros2)
[49.882s] Level 1:colcon.colcon_core.environment:create_environment_scripts_only(sllidar_ros2)
[49.893s] Level 1:colcon.colcon_core.environment:checking '/root/ros2_ws/install/sllidar_ros2' for CMake module files
[49.897s] Level 1:colcon.colcon_core.environment:checking '/root/ros2_ws/install/sllidar_ros2' for CMake config files
[49.899s] Level 1:colcon.colcon_core.shell:create_environment_hook('sllidar_ros2', 'cmake_prefix_path')
[49.907s] INFO:colcon.colcon_core.shell:Creating environment hook '/root/ros2_ws/install/sllidar_ros2/share/sllidar_ros2/hook/cmake_prefix_path.ps1'
[49.910s] INFO:colcon.colcon_core.shell:Creating environment descriptor '/root/ros2_ws/install/sllidar_ros2/share/sllidar_ros2/hook/cmake_prefix_path.dsv'
[49.912s] INFO:colcon.colcon_core.shell:Creating environment hook '/root/ros2_ws/install/sllidar_ros2/share/sllidar_ros2/hook/cmake_prefix_path.sh'
[49.915s] Level 1:colcon.colcon_core.environment:checking '/root/ros2_ws/install/sllidar_ros2/lib'
[49.916s] Level 1:colcon.colcon_core.environment:checking '/root/ros2_ws/install/sllidar_ros2/bin'
[49.916s] Level 1:colcon.colcon_core.environment:checking '/root/ros2_ws/install/sllidar_ros2/lib/pkgconfig/sllidar_ros2.pc'
[49.917s] Level 1:colcon.colcon_core.environment:checking '/root/ros2_ws/install/sllidar_ros2/lib/python3.8/site-packages'
[49.918s] Level 1:colcon.colcon_core.environment:checking '/root/ros2_ws/install/sllidar_ros2/bin'
[49.927s] INFO:colcon.colcon_core.shell:Creating package script '/root/ros2_ws/install/sllidar_ros2/share/sllidar_ros2/package.ps1'
[49.930s] INFO:colcon.colcon_core.shell:Creating package descriptor '/root/ros2_ws/install/sllidar_ros2/share/sllidar_ros2/package.dsv'
[49.933s] INFO:colcon.colcon_core.shell:Creating package script '/root/ros2_ws/install/sllidar_ros2/share/sllidar_ros2/package.sh'
[49.935s] INFO:colcon.colcon_core.shell:Creating package script '/root/ros2_ws/install/sllidar_ros2/share/sllidar_ros2/package.bash'
[49.937s] INFO:colcon.colcon_core.shell:Creating package script '/root/ros2_ws/install/sllidar_ros2/share/sllidar_ros2/package.zsh'
[49.939s] Level 1:colcon.colcon_core.environment:create_file_with_runtime_dependencies(/root/ros2_ws/install/sllidar_ros2/share/colcon-core/packages/sllidar_ros2)
[50.035s] Level 1:colcon.colcon_core.environment:create_environment_scripts_only(vesc_driver)
[50.046s] Level 1:colcon.colcon_core.environment:checking '/root/ros2_ws/install/vesc_driver' for CMake module files
[50.047s] DEBUG:colcon.colcon_core.event_handler.log_command:Invoked command in '/root/ros2_ws/build/vesc_driver' returned '0': CMAKE_PREFIX_PATH=/root/ros2_ws/install/vesc_msgs:/root/ros2_ws/install/vesc:/root/ros2_ws/install/vesc_driver:/root/ros2_ws/install/vesc_ackermann:/root/ros2_ws/install/my_f1tenth_pkg:/opt/ros/foxy LD_LIBRARY_PATH=/root/ros2_ws/install/vesc_msgs/lib:/root/ros2_ws/install/vesc_driver/lib:/root/ros2_ws/install/vesc_ackermann/lib:/opt/ros/foxy/opt/yaml_cpp_vendor/lib:/opt/ros/foxy/opt/rviz_ogre_vendor/lib:/opt/ros/foxy/lib/aarch64-linux-gnu:/opt/ros/foxy/lib /usr/bin/cmake --install /root/ros2_ws/build/vesc_driver
[50.051s] Level 1:colcon.colcon_core.environment:checking '/root/ros2_ws/install/vesc_driver' for CMake config files
[50.053s] Level 1:colcon.colcon_core.shell:create_environment_hook('vesc_driver', 'cmake_prefix_path')
[50.060s] INFO:colcon.colcon_core.shell:Creating environment hook '/root/ros2_ws/install/vesc_driver/share/vesc_driver/hook/cmake_prefix_path.ps1'
[50.069s] INFO:colcon.colcon_core.shell:Creating environment descriptor '/root/ros2_ws/install/vesc_driver/share/vesc_driver/hook/cmake_prefix_path.dsv'
[50.071s] INFO:colcon.colcon_core.shell:Creating environment hook '/root/ros2_ws/install/vesc_driver/share/vesc_driver/hook/cmake_prefix_path.sh'
[50.073s] Level 1:colcon.colcon_core.environment:checking '/root/ros2_ws/install/vesc_driver/lib'
[50.073s] Level 1:colcon.colcon_core.shell:create_environment_hook('vesc_driver', 'ld_library_path_lib')
[50.079s] INFO:colcon.colcon_core.shell:Creating environment hook '/root/ros2_ws/install/vesc_driver/share/vesc_driver/hook/ld_library_path_lib.ps1'
[50.081s] INFO:colcon.colcon_core.shell:Creating environment descriptor '/root/ros2_ws/install/vesc_driver/share/vesc_driver/hook/ld_library_path_lib.dsv'
[50.082s] INFO:colcon.colcon_core.shell:Creating environment hook '/root/ros2_ws/install/vesc_driver/share/vesc_driver/hook/ld_library_path_lib.sh'
[50.084s] Level 1:colcon.colcon_core.environment:checking '/root/ros2_ws/install/vesc_driver/bin'
[50.084s] Level 1:colcon.colcon_core.environment:checking '/root/ros2_ws/install/vesc_driver/lib/pkgconfig/vesc_driver.pc'
[50.085s] Level 1:colcon.colcon_core.environment:checking '/root/ros2_ws/install/vesc_driver/lib/python3.8/site-packages'
[50.085s] Level 1:colcon.colcon_core.environment:checking '/root/ros2_ws/install/vesc_driver/bin'
[50.092s] INFO:colcon.colcon_core.shell:Creating package script '/root/ros2_ws/install/vesc_driver/share/vesc_driver/package.ps1'
[50.094s] INFO:colcon.colcon_core.shell:Creating package descriptor '/root/ros2_ws/install/vesc_driver/share/vesc_driver/package.dsv'
[50.096s] INFO:colcon.colcon_core.shell:Creating package script '/root/ros2_ws/install/vesc_driver/share/vesc_driver/package.sh'
[50.098s] INFO:colcon.colcon_core.shell:Creating package script '/root/ros2_ws/install/vesc_driver/share/vesc_driver/package.bash'
[50.099s] INFO:colcon.colcon_core.shell:Creating package script '/root/ros2_ws/install/vesc_driver/share/vesc_driver/package.zsh'
[50.101s] Level 1:colcon.colcon_core.environment:create_file_with_runtime_dependencies(/root/ros2_ws/install/vesc_driver/share/colcon-core/packages/vesc_driver)
[50.236s] Level 1:colcon.colcon_core.environment:create_environment_scripts_only(vesc_driver)
[50.245s] Level 1:colcon.colcon_core.environment:checking '/root/ros2_ws/install/vesc_driver' for CMake module files
[50.248s] Level 1:colcon.colcon_core.environment:checking '/root/ros2_ws/install/vesc_driver' for CMake config files
[50.250s] Level 1:colcon.colcon_core.shell:create_environment_hook('vesc_driver', 'cmake_prefix_path')
[50.256s] INFO:colcon.colcon_core.shell:Creating environment hook '/root/ros2_ws/install/vesc_driver/share/vesc_driver/hook/cmake_prefix_path.ps1'
[50.258s] INFO:colcon.colcon_core.shell:Creating environment descriptor '/root/ros2_ws/install/vesc_driver/share/vesc_driver/hook/cmake_prefix_path.dsv'
[50.259s] INFO:colcon.colcon_core.shell:Creating environment hook '/root/ros2_ws/install/vesc_driver/share/vesc_driver/hook/cmake_prefix_path.sh'
[50.261s] Level 1:colcon.colcon_core.environment:checking '/root/ros2_ws/install/vesc_driver/lib'
[50.261s] Level 1:colcon.colcon_core.shell:create_environment_hook('vesc_driver', 'ld_library_path_lib')
[50.268s] INFO:colcon.colcon_core.shell:Creating environment hook '/root/ros2_ws/install/vesc_driver/share/vesc_driver/hook/ld_library_path_lib.ps1'
[50.269s] INFO:colcon.colcon_core.shell:Creating environment descriptor '/root/ros2_ws/install/vesc_driver/share/vesc_driver/hook/ld_library_path_lib.dsv'
[50.271s] INFO:colcon.colcon_core.shell:Creating environment hook '/root/ros2_ws/install/vesc_driver/share/vesc_driver/hook/ld_library_path_lib.sh'
[50.273s] Level 1:colcon.colcon_core.environment:checking '/root/ros2_ws/install/vesc_driver/bin'
[50.273s] Level 1:colcon.colcon_core.environment:checking '/root/ros2_ws/install/vesc_driver/lib/pkgconfig/vesc_driver.pc'
[50.274s] Level 1:colcon.colcon_core.environment:checking '/root/ros2_ws/install/vesc_driver/lib/python3.8/site-packages'
[50.275s] Level 1:colcon.colcon_core.environment:checking '/root/ros2_ws/install/vesc_driver/bin'
[50.281s] INFO:colcon.colcon_core.shell:Creating package script '/root/ros2_ws/install/vesc_driver/share/vesc_driver/package.ps1'
[50.284s] INFO:colcon.colcon_core.shell:Creating package descriptor '/root/ros2_ws/install/vesc_driver/share/vesc_driver/package.dsv'
[50.286s] INFO:colcon.colcon_core.shell:Creating package script '/root/ros2_ws/install/vesc_driver/share/vesc_driver/package.sh'
[50.288s] INFO:colcon.colcon_core.shell:Creating package script '/root/ros2_ws/install/vesc_driver/share/vesc_driver/package.bash'
[50.290s] INFO:colcon.colcon_core.shell:Creating package script '/root/ros2_ws/install/vesc_driver/share/vesc_driver/package.zsh'
[50.292s] Level 1:colcon.colcon_core.environment:create_file_with_runtime_dependencies(/root/ros2_ws/install/vesc_driver/share/colcon-core/packages/vesc_driver)
[50.293s] INFO:colcon.colcon_ros.task.ament_cmake.build:Building ROS package in '/root/ros2_ws/src/vesc/vesc' with build type 'ament_cmake'
[50.294s] INFO:colcon.colcon_cmake.task.cmake.build:Building CMake package in '/root/ros2_ws/src/vesc/vesc'
[50.301s] INFO:colcon.colcon_core.shell:Skip shell extension 'powershell' for command environment: Not usable outside of PowerShell
[50.302s] DEBUG:colcon.colcon_core.shell:Skip shell extension 'dsv' for command environment
[50.378s] DEBUG:colcon.colcon_core.event_handler.log_command:Invoking command in '/root/ros2_ws/build/vesc': CMAKE_PREFIX_PATH=/root/ros2_ws/install/vesc_driver:/root/ros2_ws/install/vesc_ackermann:/root/ros2_ws/install/vesc_msgs:/root/ros2_ws/install/vesc:/root/ros2_ws/install/my_f1tenth_pkg:/opt/ros/foxy /usr/bin/cmake /root/ros2_ws/src/vesc/vesc -DAMENT_CMAKE_SYMLINK_INSTALL=1 -DCMAKE_INSTALL_PREFIX=/root/ros2_ws/install/vesc
[51.574s] DEBUG:colcon.colcon_core.event_handler.log_command:Invoked command in '/root/ros2_ws/build/vesc' returned '0': CMAKE_PREFIX_PATH=/root/ros2_ws/install/vesc_driver:/root/ros2_ws/install/vesc_ackermann:/root/ros2_ws/install/vesc_msgs:/root/ros2_ws/install/vesc:/root/ros2_ws/install/my_f1tenth_pkg:/opt/ros/foxy /usr/bin/cmake /root/ros2_ws/src/vesc/vesc -DAMENT_CMAKE_SYMLINK_INSTALL=1 -DCMAKE_INSTALL_PREFIX=/root/ros2_ws/install/vesc
[51.581s] DEBUG:colcon.colcon_core.event_handler.log_command:Invoking command in '/root/ros2_ws/build/vesc': CMAKE_PREFIX_PATH=/root/ros2_ws/install/vesc_driver:/root/ros2_ws/install/vesc_ackermann:/root/ros2_ws/install/vesc_msgs:/root/ros2_ws/install/vesc:/root/ros2_ws/install/my_f1tenth_pkg:/opt/ros/foxy /usr/bin/cmake --build /root/ros2_ws/build/vesc -- -j4 -l4
[51.731s] DEBUG:colcon.colcon_core.event_handler.log_command:Invoked command in '/root/ros2_ws/build/vesc' returned '0': CMAKE_PREFIX_PATH=/root/ros2_ws/install/vesc_driver:/root/ros2_ws/install/vesc_ackermann:/root/ros2_ws/install/vesc_msgs:/root/ros2_ws/install/vesc:/root/ros2_ws/install/my_f1tenth_pkg:/opt/ros/foxy /usr/bin/cmake --build /root/ros2_ws/build/vesc -- -j4 -l4
[51.810s] DEBUG:colcon.colcon_core.event_handler.log_command:Invoking command in '/root/ros2_ws/build/vesc': CMAKE_PREFIX_PATH=/root/ros2_ws/install/vesc_driver:/root/ros2_ws/install/vesc_ackermann:/root/ros2_ws/install/vesc_msgs:/root/ros2_ws/install/vesc:/root/ros2_ws/install/my_f1tenth_pkg:/opt/ros/foxy /usr/bin/cmake --install /root/ros2_ws/build/vesc
[52.432s] Level 1:colcon.colcon_core.environment:create_environment_scripts_only(vesc)
[52.444s] Level 1:colcon.colcon_core.environment:checking '/root/ros2_ws/install/vesc' for CMake module files
[52.446s] DEBUG:colcon.colcon_core.event_handler.log_command:Invoked command in '/root/ros2_ws/build/vesc' returned '0': CMAKE_PREFIX_PATH=/root/ros2_ws/install/vesc_driver:/root/ros2_ws/install/vesc_ackermann:/root/ros2_ws/install/vesc_msgs:/root/ros2_ws/install/vesc:/root/ros2_ws/install/my_f1tenth_pkg:/opt/ros/foxy /usr/bin/cmake --install /root/ros2_ws/build/vesc
[52.448s] Level 1:colcon.colcon_core.environment:checking '/root/ros2_ws/install/vesc' for CMake config files
[52.449s] Level 1:colcon.colcon_core.shell:create_environment_hook('vesc', 'cmake_prefix_path')
[52.456s] INFO:colcon.colcon_core.shell:Creating environment hook '/root/ros2_ws/install/vesc/share/vesc/hook/cmake_prefix_path.ps1'
[52.460s] INFO:colcon.colcon_core.shell:Creating environment descriptor '/root/ros2_ws/install/vesc/share/vesc/hook/cmake_prefix_path.dsv'
[52.462s] INFO:colcon.colcon_core.shell:Creating environment hook '/root/ros2_ws/install/vesc/share/vesc/hook/cmake_prefix_path.sh'
[52.465s] Level 1:colcon.colcon_core.environment:checking '/root/ros2_ws/install/vesc/bin'
[52.465s] Level 1:colcon.colcon_core.environment:checking '/root/ros2_ws/install/vesc/lib/pkgconfig/vesc.pc'
[52.466s] Level 1:colcon.colcon_core.environment:checking '/root/ros2_ws/install/vesc/lib/python3.8/site-packages'
[52.467s] Level 1:colcon.colcon_core.environment:checking '/root/ros2_ws/install/vesc/bin'
[52.475s] INFO:colcon.colcon_core.shell:Creating package script '/root/ros2_ws/install/vesc/share/vesc/package.ps1'
[52.477s] INFO:colcon.colcon_core.shell:Creating package descriptor '/root/ros2_ws/install/vesc/share/vesc/package.dsv'
[52.479s] INFO:colcon.colcon_core.shell:Creating package script '/root/ros2_ws/install/vesc/share/vesc/package.sh'
[52.481s] INFO:colcon.colcon_core.shell:Creating package script '/root/ros2_ws/install/vesc/share/vesc/package.bash'
[52.483s] INFO:colcon.colcon_core.shell:Creating package script '/root/ros2_ws/install/vesc/share/vesc/package.zsh'
[52.485s] Level 1:colcon.colcon_core.environment:create_file_with_runtime_dependencies(/root/ros2_ws/install/vesc/share/colcon-core/packages/vesc)
[52.569s] Level 1:colcon.colcon_core.environment:create_environment_scripts_only(vesc)
[52.580s] Level 1:colcon.colcon_core.environment:checking '/root/ros2_ws/install/vesc' for CMake module files
[52.583s] Level 1:colcon.colcon_core.environment:checking '/root/ros2_ws/install/vesc' for CMake config files
[52.584s] Level 1:colcon.colcon_core.shell:create_environment_hook('vesc', 'cmake_prefix_path')
[52.590s] INFO:colcon.colcon_core.shell:Creating environment hook '/root/ros2_ws/install/vesc/share/vesc/hook/cmake_prefix_path.ps1'
[52.595s] INFO:colcon.colcon_core.shell:Creating environment descriptor '/root/ros2_ws/install/vesc/share/vesc/hook/cmake_prefix_path.dsv'
[52.597s] INFO:colcon.colcon_core.shell:Creating environment hook '/root/ros2_ws/install/vesc/share/vesc/hook/cmake_prefix_path.sh'
[52.599s] Level 1:colcon.colcon_core.environment:checking '/root/ros2_ws/install/vesc/bin'
[52.600s] Level 1:colcon.colcon_core.environment:checking '/root/ros2_ws/install/vesc/lib/pkgconfig/vesc.pc'
[52.601s] Level 1:colcon.colcon_core.environment:checking '/root/ros2_ws/install/vesc/lib/python3.8/site-packages'
[52.602s] Level 1:colcon.colcon_core.environment:checking '/root/ros2_ws/install/vesc/bin'
[52.610s] INFO:colcon.colcon_core.shell:Creating package script '/root/ros2_ws/install/vesc/share/vesc/package.ps1'
[52.612s] INFO:colcon.colcon_core.shell:Creating package descriptor '/root/ros2_ws/install/vesc/share/vesc/package.dsv'
[52.615s] INFO:colcon.colcon_core.shell:Creating package script '/root/ros2_ws/install/vesc/share/vesc/package.sh'
[52.617s] INFO:colcon.colcon_core.shell:Creating package script '/root/ros2_ws/install/vesc/share/vesc/package.bash'
[52.620s] INFO:colcon.colcon_core.shell:Creating package script '/root/ros2_ws/install/vesc/share/vesc/package.zsh'
[52.622s] Level 1:colcon.colcon_core.environment:create_file_with_runtime_dependencies(/root/ros2_ws/install/vesc/share/colcon-core/packages/vesc)
[52.624s] DEBUG:colcon.colcon_parallel_executor.executor.parallel:closing loop
[52.626s] DEBUG:colcon.colcon_parallel_executor.executor.parallel:loop closed
[52.627s] DEBUG:colcon.colcon_parallel_executor.executor.parallel:run_until_complete finished with '0'
[52.628s] DEBUG:colcon.colcon_core.event_reactor:joining thread
[52.770s] INFO:colcon.colcon_core.plugin_system:Skipping extension 'colcon_notification.desktop_notification.notify_send': Could not find 'notify-send'
[52.771s] INFO:colcon.colcon_core.plugin_system:Skipping extension 'colcon_notification.desktop_notification.terminal_notifier': Not used on non-Darwin systems
[52.771s] INFO:colcon.colcon_core.plugin_system:Skipping extension 'colcon_notification.desktop_notification.win32': Not used on non-Windows systems
[52.771s] INFO:colcon.colcon_notification.desktop_notification:Sending desktop notification using 'notify2'
[52.831s] DEBUG:colcon.colcon_notification.desktop_notification.notify2:Failed to initialize notify2: org.freedesktop.DBus.Error.Spawn.ExecFailed: /usr/bin/dbus-launch terminated abnormally without any error message
[52.834s] DEBUG:colcon.colcon_core.event_reactor:joined thread
[52.842s] INFO:colcon.colcon_core.shell:Creating prefix script '/root/ros2_ws/install/local_setup.ps1'
[52.850s] INFO:colcon.colcon_core.shell:Creating prefix util module '/root/ros2_ws/install/_local_setup_util_ps1.py'
[52.858s] INFO:colcon.colcon_core.shell:Creating prefix chain script '/root/ros2_ws/install/setup.ps1'
[52.866s] INFO:colcon.colcon_core.shell:Creating prefix script '/root/ros2_ws/install/local_setup.sh'
[52.869s] INFO:colcon.colcon_core.shell:Creating prefix util module '/root/ros2_ws/install/_local_setup_util_sh.py'
[52.871s] INFO:colcon.colcon_core.shell:Creating prefix chain script '/root/ros2_ws/install/setup.sh'
[52.878s] INFO:colcon.colcon_core.shell:Creating prefix script '/root/ros2_ws/install/local_setup.bash'
[52.886s] INFO:colcon.colcon_core.shell:Creating prefix chain script '/root/ros2_ws/install/setup.bash'
[52.893s] INFO:colcon.colcon_core.shell:Creating prefix script '/root/ros2_ws/install/local_setup.zsh'
[52.897s] INFO:colcon.colcon_core.shell:Creating prefix chain script '/root/ros2_ws/install/setup.zsh'
