[2.217s] Invoking command in '/root/ros2_ws/src/my_f1tenth_pkg': PYTHONPATH=/root/ros2_ws/src/build/my_f1tenth_pkg/prefix_override:/root/ros2_ws/src/install/my_f1tenth_pkg/lib/python3.8/site-packages:${PYTHONPATH} /usr/bin/python3 setup.py egg_info --egg-base ../build/my_f1tenth_pkg build --build-base /root/ros2_ws/src/build/my_f1tenth_pkg/build install --record /root/ros2_ws/src/build/my_f1tenth_pkg/install.log --single-version-externally-managed
[2.942s] running egg_info
[2.945s] creating ../build/my_f1tenth_pkg/my_f1tenth_pkg.egg-info
[2.946s] writing ../build/my_f1tenth_pkg/my_f1tenth_pkg.egg-info/PKG-INFO
[2.947s] writing dependency_links to ../build/my_f1tenth_pkg/my_f1tenth_pkg.egg-info/dependency_links.txt
[2.948s] writing entry points to ../build/my_f1tenth_pkg/my_f1tenth_pkg.egg-info/entry_points.txt
[2.948s] writing requirements to ../build/my_f1tenth_pkg/my_f1tenth_pkg.egg-info/requires.txt
[2.949s] writing top-level names to ../build/my_f1tenth_pkg/my_f1tenth_pkg.egg-info/top_level.txt
[2.953s] writing manifest file '../build/my_f1tenth_pkg/my_f1tenth_pkg.egg-info/SOURCES.txt'
[3.113s] reading manifest file '../build/my_f1tenth_pkg/my_f1tenth_pkg.egg-info/SOURCES.txt'
[3.116s] writing manifest file '../build/my_f1tenth_pkg/my_f1tenth_pkg.egg-info/SOURCES.txt'
[3.117s] running build
[3.118s] running build_py
[3.118s] creating /root/ros2_ws/src/build/my_f1tenth_pkg/build
[3.119s] creating /root/ros2_ws/src/build/my_f1tenth_pkg/build/lib
[3.120s] creating /root/ros2_ws/src/build/my_f1tenth_pkg/build/lib/my_f1tenth_pkg
[3.120s] copying my_f1tenth_pkg/newodom.py -> /root/ros2_ws/src/build/my_f1tenth_pkg/build/lib/my_f1tenth_pkg
[3.121s] copying my_f1tenth_pkg/__init__.py -> /root/ros2_ws/src/build/my_f1tenth_pkg/build/lib/my_f1tenth_pkg
[3.121s] copying my_f1tenth_pkg/odom_tacho.py -> /root/ros2_ws/src/build/my_f1tenth_pkg/build/lib/my_f1tenth_pkg
[3.122s] copying my_f1tenth_pkg/odom_erpm.py -> /root/ros2_ws/src/build/my_f1tenth_pkg/build/lib/my_f1tenth_pkg
[3.122s] running install
[3.124s] running install_lib
[3.128s] creating /root/ros2_ws/src/install/my_f1tenth_pkg/lib/python3.8/site-packages/my_f1tenth_pkg
[3.128s] copying /root/ros2_ws/src/build/my_f1tenth_pkg/build/lib/my_f1tenth_pkg/newodom.py -> /root/ros2_ws/src/install/my_f1tenth_pkg/lib/python3.8/site-packages/my_f1tenth_pkg
[3.129s] copying /root/ros2_ws/src/build/my_f1tenth_pkg/build/lib/my_f1tenth_pkg/__init__.py -> /root/ros2_ws/src/install/my_f1tenth_pkg/lib/python3.8/site-packages/my_f1tenth_pkg
[3.129s] copying /root/ros2_ws/src/build/my_f1tenth_pkg/build/lib/my_f1tenth_pkg/odom_tacho.py -> /root/ros2_ws/src/install/my_f1tenth_pkg/lib/python3.8/site-packages/my_f1tenth_pkg
[3.130s] copying /root/ros2_ws/src/build/my_f1tenth_pkg/build/lib/my_f1tenth_pkg/odom_erpm.py -> /root/ros2_ws/src/install/my_f1tenth_pkg/lib/python3.8/site-packages/my_f1tenth_pkg
[3.131s] byte-compiling /root/ros2_ws/src/install/my_f1tenth_pkg/lib/python3.8/site-packages/my_f1tenth_pkg/newodom.py to newodom.cpython-38.pyc
[3.140s] byte-compiling /root/ros2_ws/src/install/my_f1tenth_pkg/lib/python3.8/site-packages/my_f1tenth_pkg/__init__.py to __init__.cpython-38.pyc
[3.141s] byte-compiling /root/ros2_ws/src/install/my_f1tenth_pkg/lib/python3.8/site-packages/my_f1tenth_pkg/odom_tacho.py to odom_tacho.cpython-38.pyc
[3.145s] byte-compiling /root/ros2_ws/src/install/my_f1tenth_pkg/lib/python3.8/site-packages/my_f1tenth_pkg/odom_erpm.py to odom_erpm.cpython-38.pyc
[3.149s] running install_data
[3.151s] creating /root/ros2_ws/src/install/my_f1tenth_pkg/share/ament_index
[3.152s] creating /root/ros2_ws/src/install/my_f1tenth_pkg/share/ament_index/resource_index
[3.153s] creating /root/ros2_ws/src/install/my_f1tenth_pkg/share/ament_index/resource_index/packages
[3.154s] copying resource/my_f1tenth_pkg -> /root/ros2_ws/src/install/my_f1tenth_pkg/share/ament_index/resource_index/packages
[3.154s] copying package.xml -> /root/ros2_ws/src/install/my_f1tenth_pkg/share/my_f1tenth_pkg
[3.155s] creating /root/ros2_ws/src/install/my_f1tenth_pkg/share/my_f1tenth_pkg/launch
[3.155s] copying launch/master_launch.py -> /root/ros2_ws/src/install/my_f1tenth_pkg/share/my_f1tenth_pkg/launch
[3.155s] running install_egg_info
[3.159s] Copying ../build/my_f1tenth_pkg/my_f1tenth_pkg.egg-info to /root/ros2_ws/src/install/my_f1tenth_pkg/lib/python3.8/site-packages/my_f1tenth_pkg-0.0.0-py3.8.egg-info
[3.163s] running install_scripts
[3.231s] Installing newodom_node script to /root/ros2_ws/src/install/my_f1tenth_pkg/bin
[3.231s] Installing odom_erpm_node script to /root/ros2_ws/src/install/my_f1tenth_pkg/bin
[3.232s] Installing odom_tacho_node script to /root/ros2_ws/src/install/my_f1tenth_pkg/bin
[3.233s] writing list of installed files to '/root/ros2_ws/src/build/my_f1tenth_pkg/install.log'
[3.334s] Invoked command in '/root/ros2_ws/src/my_f1tenth_pkg' returned '0': PYTHONPATH=/root/ros2_ws/src/build/my_f1tenth_pkg/prefix_override:/root/ros2_ws/src/install/my_f1tenth_pkg/lib/python3.8/site-packages:${PYTHONPATH} /usr/bin/python3 setup.py egg_info --egg-base ../build/my_f1tenth_pkg build --build-base /root/ros2_ws/src/build/my_f1tenth_pkg/build install --record /root/ros2_ws/src/build/my_f1tenth_pkg/install.log --single-version-externally-managed
