[2.406s] Invoking command in '/root/ros2_ws/src/my_f1tenth_pkg': PYTHONPATH=/root/ros2_ws/build/my_f1tenth_pkg/prefix_override:/root/ros2_ws/install/my_f1tenth_pkg/lib/python3.8/site-packages:${PYTHONPATH} /usr/bin/python3 setup.py egg_info --egg-base ../../build/my_f1tenth_pkg build --build-base /root/ros2_ws/build/my_f1tenth_pkg/build install --record /root/ros2_ws/build/my_f1tenth_pkg/install.log --install-scripts $base/lib/my_f1tenth_pkg --single-version-externally-managed
[3.177s] running egg_info
[3.179s] creating ../../build/my_f1tenth_pkg/my_f1tenth_pkg.egg-info
[3.179s] writing ../../build/my_f1tenth_pkg/my_f1tenth_pkg.egg-info/PKG-INFO
[3.180s] writing dependency_links to ../../build/my_f1tenth_pkg/my_f1tenth_pkg.egg-info/dependency_links.txt
[3.181s] writing entry points to ../../build/my_f1tenth_pkg/my_f1tenth_pkg.egg-info/entry_points.txt
[3.181s] writing requirements to ../../build/my_f1tenth_pkg/my_f1tenth_pkg.egg-info/requires.txt
[3.182s] writing top-level names to ../../build/my_f1tenth_pkg/my_f1tenth_pkg.egg-info/top_level.txt
[3.191s] writing manifest file '../../build/my_f1tenth_pkg/my_f1tenth_pkg.egg-info/SOURCES.txt'
[3.349s] reading manifest file '../../build/my_f1tenth_pkg/my_f1tenth_pkg.egg-info/SOURCES.txt'
[3.353s] writing manifest file '../../build/my_f1tenth_pkg/my_f1tenth_pkg.egg-info/SOURCES.txt'
[3.353s] running build
[3.353s] running build_py
[3.354s] creating /root/ros2_ws/build/my_f1tenth_pkg/build
[3.354s] creating /root/ros2_ws/build/my_f1tenth_pkg/build/lib
[3.355s] creating /root/ros2_ws/build/my_f1tenth_pkg/build/lib/my_f1tenth_pkg
[3.355s] copying my_f1tenth_pkg/newodom.py -> /root/ros2_ws/build/my_f1tenth_pkg/build/lib/my_f1tenth_pkg
[3.356s] copying my_f1tenth_pkg/__init__.py -> /root/ros2_ws/build/my_f1tenth_pkg/build/lib/my_f1tenth_pkg
[3.356s] copying my_f1tenth_pkg/odom_tacho.py -> /root/ros2_ws/build/my_f1tenth_pkg/build/lib/my_f1tenth_pkg
[3.357s] copying my_f1tenth_pkg/odom_erpm.py -> /root/ros2_ws/build/my_f1tenth_pkg/build/lib/my_f1tenth_pkg
[3.358s] running install
[3.361s] running install_lib
[3.365s] creating /root/ros2_ws/install/my_f1tenth_pkg/lib/python3.8/site-packages/my_f1tenth_pkg
[3.366s] copying /root/ros2_ws/build/my_f1tenth_pkg/build/lib/my_f1tenth_pkg/newodom.py -> /root/ros2_ws/install/my_f1tenth_pkg/lib/python3.8/site-packages/my_f1tenth_pkg
[3.366s] copying /root/ros2_ws/build/my_f1tenth_pkg/build/lib/my_f1tenth_pkg/__init__.py -> /root/ros2_ws/install/my_f1tenth_pkg/lib/python3.8/site-packages/my_f1tenth_pkg
[3.366s] copying /root/ros2_ws/build/my_f1tenth_pkg/build/lib/my_f1tenth_pkg/odom_tacho.py -> /root/ros2_ws/install/my_f1tenth_pkg/lib/python3.8/site-packages/my_f1tenth_pkg
[3.367s] copying /root/ros2_ws/build/my_f1tenth_pkg/build/lib/my_f1tenth_pkg/odom_erpm.py -> /root/ros2_ws/install/my_f1tenth_pkg/lib/python3.8/site-packages/my_f1tenth_pkg
[3.368s] byte-compiling /root/ros2_ws/install/my_f1tenth_pkg/lib/python3.8/site-packages/my_f1tenth_pkg/newodom.py to newodom.cpython-38.pyc
[3.377s] byte-compiling /root/ros2_ws/install/my_f1tenth_pkg/lib/python3.8/site-packages/my_f1tenth_pkg/__init__.py to __init__.cpython-38.pyc
[3.378s] byte-compiling /root/ros2_ws/install/my_f1tenth_pkg/lib/python3.8/site-packages/my_f1tenth_pkg/odom_tacho.py to odom_tacho.cpython-38.pyc
[3.381s] byte-compiling /root/ros2_ws/install/my_f1tenth_pkg/lib/python3.8/site-packages/my_f1tenth_pkg/odom_erpm.py to odom_erpm.cpython-38.pyc
[3.384s] running install_data
[3.386s] creating /root/ros2_ws/install/my_f1tenth_pkg/share/ament_index
[3.386s] creating /root/ros2_ws/install/my_f1tenth_pkg/share/ament_index/resource_index
[3.387s] creating /root/ros2_ws/install/my_f1tenth_pkg/share/ament_index/resource_index/packages
[3.387s] copying resource/my_f1tenth_pkg -> /root/ros2_ws/install/my_f1tenth_pkg/share/ament_index/resource_index/packages
[3.388s] copying package.xml -> /root/ros2_ws/install/my_f1tenth_pkg/share/my_f1tenth_pkg
[3.388s] creating /root/ros2_ws/install/my_f1tenth_pkg/share/my_f1tenth_pkg/launch
[3.388s] copying launch/master_launch.py -> /root/ros2_ws/install/my_f1tenth_pkg/share/my_f1tenth_pkg/launch
[3.389s] running install_egg_info
[3.394s] Copying ../../build/my_f1tenth_pkg/my_f1tenth_pkg.egg-info to /root/ros2_ws/install/my_f1tenth_pkg/lib/python3.8/site-packages/my_f1tenth_pkg-0.0.0-py3.8.egg-info
[3.398s] running install_scripts
[3.465s] Installing newodom_node script to /root/ros2_ws/install/my_f1tenth_pkg/lib/my_f1tenth_pkg
[3.466s] Installing odom_erpm_node script to /root/ros2_ws/install/my_f1tenth_pkg/lib/my_f1tenth_pkg
[3.466s] Installing odom_tacho_node script to /root/ros2_ws/install/my_f1tenth_pkg/lib/my_f1tenth_pkg
[3.467s] writing list of installed files to '/root/ros2_ws/build/my_f1tenth_pkg/install.log'
[3.567s] Invoked command in '/root/ros2_ws/src/my_f1tenth_pkg' returned '0': PYTHONPATH=/root/ros2_ws/build/my_f1tenth_pkg/prefix_override:/root/ros2_ws/install/my_f1tenth_pkg/lib/python3.8/site-packages:${PYTHONPATH} /usr/bin/python3 setup.py egg_info --egg-base ../../build/my_f1tenth_pkg build --build-base /root/ros2_ws/build/my_f1tenth_pkg/build install --record /root/ros2_ws/build/my_f1tenth_pkg/install.log --install-scripts $base/lib/my_f1tenth_pkg --single-version-externally-managed
